
CIFAR-100 dataset ready
------------------------------------------------------------
Training samples:   45,000
Validation samples: 5,000
Test samples:       10,000

Training samples per class:
[450, 450, 450, 450, 450, 450, 450, 450, 450, 450, 450, 450, 450, 450, 450, 450, 450, 450, 450, 450, 450, 450, 450, 450, 450, 450, 450, 450, 450, 450, 450, 450, 450, 450, 450, 450, 450, 450, 450, 450, 450, 450, 450, 450, 450, 450, 450, 450, 450, 450, 450, 450, 450, 450, 450, 450, 450, 450, 450, 450, 450, 450, 450, 450, 450, 450, 450, 450, 450, 450, 450, 450, 450, 450, 450, 450, 450, 450, 450, 450, 450, 450, 450, 450, 450, 450, 450, 450, 450, 450, 450, 450, 450, 450, 450, 450, 450, 450, 450, 450]

Validation samples per class:
[50, 50, 50, 50, 50, 50, 50, 50, 50, 50, 50, 50, 50, 50, 50, 50, 50, 50, 50, 50, 50, 50, 50, 50, 50, 50, 50, 50, 50, 50, 50, 50, 50, 50, 50, 50, 50, 50, 50, 50, 50, 50, 50, 50, 50, 50, 50, 50, 50, 50, 50, 50, 50, 50, 50, 50, 50, 50, 50, 50, 50, 50, 50, 50, 50, 50, 50, 50, 50, 50, 50, 50, 50, 50, 50, 50, 50, 50, 50, 50, 50, 50, 50, 50, 50, 50, 50, 50, 50, 50, 50, 50, 50, 50, 50, 50, 50, 50, 50, 50]
------------------------------------------------------------
Results directory: /home/ams098z/Courses/CSCE5218/MidetermProj/adaptive-batch-lr-cifar10/results/tuning_cifar100_20261005/trials/E3_lr0.005_w3_ep120/cifar100_adaptive_lr_batch32_refLR0.005_seed42/20261005T071248_272491Z
Dataset: CIFAR-100; classes: 100
Fixed batch: 32; initial scaled LR: 0.00500000; epochs: 120

Starting adaptive LR training
==============================================================================
Epoch 01/120 | Train Loss: 4.1737 | Train Acc: 5.83% | Val Loss: 3.9286 | Val Acc: 8.76%  <-- best
             Grad Mean: 2.5447 | Grad Std: 0.4039 | Grad CV: 0.1587
             LR: 0.005000 | Batch: 32 | Updates: 1,407 | Time: 4.51s
             LR Controller | Next LR: 0.005000 | Reason: keep
Epoch 02/120 | Train Loss: 3.7912 | Train Acc: 10.77% | Val Loss: 3.7191 | Val Acc: 10.62%  <-- best
             Grad Mean: 3.1350 | Grad Std: 0.4881 | Grad CV: 0.1557
             LR: 0.005000 | Batch: 32 | Updates: 2,814 | Time: 3.86s
             LR Controller | Next LR: 0.005000 | Reason: keep
Epoch 03/120 | Train Loss: 3.5576 | Train Acc: 14.68% | Val Loss: 3.5920 | Val Acc: 14.58%  <-- best
             Grad Mean: 3.5217 | Grad Std: 0.5351 | Grad CV: 0.1520
             LR: 0.005000 | Batch: 32 | Updates: 4,221 | Time: 3.96s
             LR Controller | Next LR: 0.005000 | Reason: keep
Epoch 04/120 | Train Loss: 3.3837 | Train Acc: 17.68% | Val Loss: 3.5855 | Val Acc: 14.80%  <-- best
             Grad Mean: 3.7603 | Grad Std: 0.5724 | Grad CV: 0.1522
             LR: 0.005000 | Batch: 32 | Updates: 5,628 | Time: 3.88s
             LR Controller | Next LR: 0.005000 | Reason: keep
Epoch 05/120 | Train Loss: 3.2427 | Train Acc: 20.17% | Val Loss: 3.5151 | Val Acc: 15.82%  <-- best
             Grad Mean: 3.9544 | Grad Std: 0.6218 | Grad CV: 0.1573
             LR: 0.005000 | Batch: 32 | Updates: 7,035 | Time: 3.73s
             LR Controller | Next LR: 0.005000 | Reason: keep
Epoch 06/120 | Train Loss: 3.1404 | Train Acc: 22.22% | Val Loss: 3.2977 | Val Acc: 19.06%  <-- best
             Grad Mean: 4.0617 | Grad Std: 0.6231 | Grad CV: 0.1534
             LR: 0.005000 | Batch: 32 | Updates: 8,442 | Time: 3.98s
             LR Controller | Next LR: 0.005000 | Reason: keep
Epoch 07/120 | Train Loss: 3.0404 | Train Acc: 24.23% | Val Loss: 3.2755 | Val Acc: 20.76%  <-- best
             Grad Mean: 4.1914 | Grad Std: 0.6225 | Grad CV: 0.1485
             LR: 0.005000 | Batch: 32 | Updates: 9,849 | Time: 3.94s
             LR Controller | Next LR: 0.005000 | Reason: keep
Epoch 08/120 | Train Loss: 2.9629 | Train Acc: 25.80% | Val Loss: 3.1859 | Val Acc: 22.44%  <-- best
             Grad Mean: 4.2384 | Grad Std: 0.6061 | Grad CV: 0.1430
             LR: 0.005000 | Batch: 32 | Updates: 11,256 | Time: 3.83s
             LR Controller | Next LR: 0.005000 | Reason: keep
Epoch 09/120 | Train Loss: 2.9041 | Train Acc: 27.27% | Val Loss: 3.2571 | Val Acc: 22.42%
             Grad Mean: 4.3111 | Grad Std: 0.6374 | Grad CV: 0.1479
             LR: 0.005000 | Batch: 32 | Updates: 12,663 | Time: 3.82s
             LR Controller | Next LR: 0.005000 | Reason: keep
Epoch 10/120 | Train Loss: 2.8443 | Train Acc: 28.18% | Val Loss: 3.0911 | Val Acc: 23.86%  <-- best
             Grad Mean: 4.3187 | Grad Std: 0.6100 | Grad CV: 0.1413
             LR: 0.005000 | Batch: 32 | Updates: 14,070 | Time: 3.80s
             LR Controller | Next LR: 0.005000 | Reason: keep
Epoch 11/120 | Train Loss: 2.7879 | Train Acc: 29.37% | Val Loss: 3.1763 | Val Acc: 22.58%
             Grad Mean: 4.3212 | Grad Std: 0.5781 | Grad CV: 0.1338
             LR: 0.005000 | Batch: 32 | Updates: 15,477 | Time: 4.07s
             LR Controller | Next LR: 0.005000 | Reason: keep
Epoch 12/120 | Train Loss: 2.7492 | Train Acc: 30.08% | Val Loss: 3.0023 | Val Acc: 25.44%  <-- best
             Grad Mean: 4.3869 | Grad Std: 0.6317 | Grad CV: 0.1440
             LR: 0.005000 | Batch: 32 | Updates: 16,884 | Time: 3.86s
             LR Controller | Next LR: 0.005000 | Reason: keep
Epoch 13/120 | Train Loss: 2.7074 | Train Acc: 30.57% | Val Loss: 3.0313 | Val Acc: 24.70%
             Grad Mean: 4.4218 | Grad Std: 0.6041 | Grad CV: 0.1366
             LR: 0.005000 | Batch: 32 | Updates: 18,291 | Time: 3.79s
             LR Controller | Next LR: 0.005000 | Reason: keep
Epoch 14/120 | Train Loss: 2.6689 | Train Acc: 31.77% | Val Loss: 2.9302 | Val Acc: 26.88%  <-- best
             Grad Mean: 4.4272 | Grad Std: 0.5691 | Grad CV: 0.1286
             LR: 0.005000 | Batch: 32 | Updates: 19,698 | Time: 3.89s
             LR Controller | Next LR: 0.005000 | Reason: keep
Epoch 15/120 | Train Loss: 2.6346 | Train Acc: 32.44% | Val Loss: 2.9029 | Val Acc: 27.58%  <-- best
             Grad Mean: 4.4539 | Grad Std: 0.5979 | Grad CV: 0.1342
             LR: 0.005000 | Batch: 32 | Updates: 21,105 | Time: 4.15s
             LR Controller | Next LR: 0.005000 | Reason: keep
Epoch 16/120 | Train Loss: 2.5995 | Train Acc: 33.44% | Val Loss: 2.8981 | Val Acc: 28.10%  <-- best
             Grad Mean: 4.4826 | Grad Std: 0.5882 | Grad CV: 0.1312
             LR: 0.005000 | Batch: 32 | Updates: 22,512 | Time: 3.97s
             LR Controller | Next LR: 0.005000 | Reason: keep
Epoch 17/120 | Train Loss: 2.5723 | Train Acc: 33.70% | Val Loss: 2.8324 | Val Acc: 28.48%  <-- best
             Grad Mean: 4.4877 | Grad Std: 0.6040 | Grad CV: 0.1346
             LR: 0.005000 | Batch: 32 | Updates: 23,919 | Time: 3.86s
             LR Controller | Next LR: 0.005000 | Reason: keep
Epoch 18/120 | Train Loss: 2.5461 | Train Acc: 34.17% | Val Loss: 2.9178 | Val Acc: 28.12%
             Grad Mean: 4.5201 | Grad Std: 0.5941 | Grad CV: 0.1314
             LR: 0.005000 | Batch: 32 | Updates: 25,326 | Time: 3.91s
             LR Controller | Next LR: 0.005000 | Reason: keep
Epoch 19/120 | Train Loss: 2.5223 | Train Acc: 34.74% | Val Loss: 2.7960 | Val Acc: 30.00%  <-- best
             Grad Mean: 4.5197 | Grad Std: 0.6043 | Grad CV: 0.1337
             LR: 0.005000 | Batch: 32 | Updates: 26,733 | Time: 4.02s
             LR Controller | Next LR: 0.005000 | Reason: keep
Epoch 20/120 | Train Loss: 2.4987 | Train Acc: 35.24% | Val Loss: 2.8633 | Val Acc: 28.12%
             Grad Mean: 4.5484 | Grad Std: 0.5925 | Grad CV: 0.1303
             LR: 0.005000 | Batch: 32 | Updates: 28,140 | Time: 4.04s
             LR Controller | Next LR: 0.005000 | Reason: keep
Epoch 21/120 | Train Loss: 2.4744 | Train Acc: 36.08% | Val Loss: 2.6915 | Val Acc: 31.82%  <-- best
             Grad Mean: 4.5650 | Grad Std: 0.6228 | Grad CV: 0.1364
             LR: 0.005000 | Batch: 32 | Updates: 29,547 | Time: 3.94s
             LR Controller | Next LR: 0.005000 | Reason: keep
Epoch 22/120 | Train Loss: 2.4587 | Train Acc: 35.91% | Val Loss: 2.6522 | Val Acc: 32.78%  <-- best
             Grad Mean: 4.5603 | Grad Std: 0.5841 | Grad CV: 0.1281
             LR: 0.005000 | Batch: 32 | Updates: 30,954 | Time: 4.08s
             LR Controller | Next LR: 0.005000 | Reason: keep
Epoch 23/120 | Train Loss: 2.4383 | Train Acc: 36.65% | Val Loss: 2.6457 | Val Acc: 33.22%  <-- best
             Grad Mean: 4.5539 | Grad Std: 0.5899 | Grad CV: 0.1295
             LR: 0.005000 | Batch: 32 | Updates: 32,361 | Time: 3.92s
             LR Controller | Next LR: 0.005000 | Reason: keep
Epoch 24/120 | Train Loss: 2.4244 | Train Acc: 36.78% | Val Loss: 2.6966 | Val Acc: 32.06%
             Grad Mean: 4.5653 | Grad Std: 0.5818 | Grad CV: 0.1274
             LR: 0.005000 | Batch: 32 | Updates: 33,768 | Time: 3.83s
             LR Controller | Next LR: 0.005000 | Reason: keep
Epoch 25/120 | Train Loss: 2.4045 | Train Acc: 37.24% | Val Loss: 2.5986 | Val Acc: 34.12%  <-- best
             Grad Mean: 4.5626 | Grad Std: 0.5729 | Grad CV: 0.1256
             LR: 0.005000 | Batch: 32 | Updates: 35,175 | Time: 3.79s
             LR Controller | Next LR: 0.005000 | Reason: keep
Epoch 26/120 | Train Loss: 2.3901 | Train Acc: 37.76% | Val Loss: 2.7119 | Val Acc: 31.52%
             Grad Mean: 4.5854 | Grad Std: 0.6079 | Grad CV: 0.1326
             LR: 0.005000 | Batch: 32 | Updates: 36,582 | Time: 3.96s
             LR Controller | Next LR: 0.005000 | Reason: keep
Epoch 27/120 | Train Loss: 2.3763 | Train Acc: 37.86% | Val Loss: 2.6945 | Val Acc: 31.70%
             Grad Mean: 4.5720 | Grad Std: 0.5921 | Grad CV: 0.1295
             LR: 0.005000 | Batch: 32 | Updates: 37,989 | Time: 3.90s
             LR Controller | Next LR: 0.005000 | Reason: keep
Epoch 28/120 | Train Loss: 2.3598 | Train Acc: 38.13% | Val Loss: 2.7473 | Val Acc: 32.30%
             Grad Mean: 4.5949 | Grad Std: 0.5947 | Grad CV: 0.1294
             LR: 0.005000 | Batch: 32 | Updates: 39,396 | Time: 3.69s
             LR Controller | Next LR: 0.002500 | Reason: worsening_decay
Epoch 29/120 | Train Loss: 2.2309 | Train Acc: 41.36% | Val Loss: 2.5470 | Val Acc: 35.78%  <-- best
             Grad Mean: 4.6575 | Grad Std: 0.6021 | Grad CV: 0.1293
             LR: 0.002500 | Batch: 32 | Updates: 40,803 | Time: 4.12s
             LR Controller | Next LR: 0.002500 | Reason: cooldown
Epoch 30/120 | Train Loss: 2.2188 | Train Acc: 41.62% | Val Loss: 2.5839 | Val Acc: 35.16%
             Grad Mean: 4.9050 | Grad Std: 0.5922 | Grad CV: 0.1207
             LR: 0.002500 | Batch: 32 | Updates: 42,210 | Time: 4.13s
             LR Controller | Next LR: 0.002500 | Reason: cooldown
Epoch 31/120 | Train Loss: 2.2142 | Train Acc: 41.70% | Val Loss: 2.5859 | Val Acc: 34.28%
             Grad Mean: 5.0218 | Grad Std: 0.6213 | Grad CV: 0.1237
             LR: 0.002500 | Batch: 32 | Updates: 43,617 | Time: 3.98s
             LR Controller | Next LR: 0.002500 | Reason: keep
Epoch 32/120 | Train Loss: 2.2062 | Train Acc: 41.82% | Val Loss: 2.4900 | Val Acc: 35.74%  <-- best
             Grad Mean: 5.0994 | Grad Std: 0.6243 | Grad CV: 0.1224
             LR: 0.002500 | Batch: 32 | Updates: 45,024 | Time: 4.12s
             LR Controller | Next LR: 0.002500 | Reason: keep
Epoch 33/120 | Train Loss: 2.2024 | Train Acc: 42.08% | Val Loss: 2.5178 | Val Acc: 35.20%
             Grad Mean: 5.1880 | Grad Std: 0.6470 | Grad CV: 0.1247
             LR: 0.002500 | Batch: 32 | Updates: 46,431 | Time: 3.96s
             LR Controller | Next LR: 0.002500 | Reason: keep
Epoch 34/120 | Train Loss: 2.1978 | Train Acc: 41.84% | Val Loss: 2.5969 | Val Acc: 34.14%
             Grad Mean: 5.2454 | Grad Std: 0.6466 | Grad CV: 0.1233
             LR: 0.002500 | Batch: 32 | Updates: 47,838 | Time: 4.35s
             LR Controller | Next LR: 0.002500 | Reason: keep
Epoch 35/120 | Train Loss: 2.1892 | Train Acc: 42.36% | Val Loss: 2.4810 | Val Acc: 36.72%  <-- best
             Grad Mean: 5.2937 | Grad Std: 0.6574 | Grad CV: 0.1242
             LR: 0.002500 | Batch: 32 | Updates: 49,245 | Time: 3.84s
             LR Controller | Next LR: 0.002500 | Reason: keep
Epoch 36/120 | Train Loss: 2.1792 | Train Acc: 42.13% | Val Loss: 2.4588 | Val Acc: 36.72%  <-- best
             Grad Mean: 5.3548 | Grad Std: 0.6611 | Grad CV: 0.1235
             LR: 0.002500 | Batch: 32 | Updates: 50,652 | Time: 4.03s
             LR Controller | Next LR: 0.002500 | Reason: keep
Epoch 37/120 | Train Loss: 2.1760 | Train Acc: 42.41% | Val Loss: 2.4816 | Val Acc: 35.90%
             Grad Mean: 5.3846 | Grad Std: 0.6715 | Grad CV: 0.1247
             LR: 0.002500 | Batch: 32 | Updates: 52,059 | Time: 4.07s
             LR Controller | Next LR: 0.002500 | Reason: keep
Epoch 38/120 | Train Loss: 2.1716 | Train Acc: 42.31% | Val Loss: 2.5282 | Val Acc: 35.66%
             Grad Mean: 5.4414 | Grad Std: 0.6827 | Grad CV: 0.1255
             LR: 0.002500 | Batch: 32 | Updates: 53,466 | Time: 4.03s
             LR Controller | Next LR: 0.002500 | Reason: keep
Epoch 39/120 | Train Loss: 2.1663 | Train Acc: 42.50% | Val Loss: 2.4305 | Val Acc: 37.20%  <-- best
             Grad Mean: 5.4500 | Grad Std: 0.6747 | Grad CV: 0.1238
             LR: 0.002500 | Batch: 32 | Updates: 54,873 | Time: 3.70s
             LR Controller | Next LR: 0.002500 | Reason: keep
Epoch 40/120 | Train Loss: 2.1662 | Train Acc: 42.39% | Val Loss: 2.4884 | Val Acc: 36.78%
             Grad Mean: 5.5395 | Grad Std: 0.7068 | Grad CV: 0.1276
             LR: 0.002500 | Batch: 32 | Updates: 56,280 | Time: 3.94s
             LR Controller | Next LR: 0.002500 | Reason: keep
Epoch 41/120 | Train Loss: 2.1577 | Train Acc: 42.88% | Val Loss: 2.4693 | Val Acc: 35.90%
             Grad Mean: 5.5222 | Grad Std: 0.7137 | Grad CV: 0.1292
             LR: 0.002500 | Batch: 32 | Updates: 57,687 | Time: 4.06s
             LR Controller | Next LR: 0.002500 | Reason: keep
Epoch 42/120 | Train Loss: 2.1516 | Train Acc: 42.84% | Val Loss: 2.4102 | Val Acc: 37.64%  <-- best
             Grad Mean: 5.5716 | Grad Std: 0.6822 | Grad CV: 0.1224
             LR: 0.002500 | Batch: 32 | Updates: 59,094 | Time: 3.98s
             LR Controller | Next LR: 0.002500 | Reason: keep
Epoch 43/120 | Train Loss: 2.1505 | Train Acc: 42.86% | Val Loss: 2.4273 | Val Acc: 37.56%
             Grad Mean: 5.6005 | Grad Std: 0.6844 | Grad CV: 0.1222
             LR: 0.002500 | Batch: 32 | Updates: 60,501 | Time: 3.76s
             LR Controller | Next LR: 0.002500 | Reason: keep
Epoch 44/120 | Train Loss: 2.1434 | Train Acc: 43.08% | Val Loss: 2.4233 | Val Acc: 37.02%
             Grad Mean: 5.5848 | Grad Std: 0.7020 | Grad CV: 0.1257
             LR: 0.002500 | Batch: 32 | Updates: 61,908 | Time: 3.86s
             LR Controller | Next LR: 0.002500 | Reason: keep
Epoch 45/120 | Train Loss: 2.1409 | Train Acc: 43.21% | Val Loss: 2.4443 | Val Acc: 37.08%
             Grad Mean: 5.6112 | Grad Std: 0.7298 | Grad CV: 0.1301
             LR: 0.002500 | Batch: 32 | Updates: 63,315 | Time: 3.84s
             LR Controller | Next LR: 0.001250 | Reason: worsening_decay
Epoch 46/120 | Train Loss: 2.0469 | Train Acc: 45.35% | Val Loss: 2.3987 | Val Acc: 38.44%  <-- best
             Grad Mean: 5.5867 | Grad Std: 0.6677 | Grad CV: 0.1195
             LR: 0.001250 | Batch: 32 | Updates: 64,722 | Time: 4.10s
             LR Controller | Next LR: 0.001250 | Reason: cooldown
Epoch 47/120 | Train Loss: 2.0356 | Train Acc: 45.64% | Val Loss: 2.3975 | Val Acc: 38.32%  <-- best
             Grad Mean: 5.7705 | Grad Std: 0.7561 | Grad CV: 0.1310
             LR: 0.001250 | Batch: 32 | Updates: 66,129 | Time: 3.95s
             LR Controller | Next LR: 0.001250 | Reason: cooldown
Epoch 48/120 | Train Loss: 2.0399 | Train Acc: 45.82% | Val Loss: 2.3250 | Val Acc: 39.72%  <-- best
             Grad Mean: 5.9083 | Grad Std: 0.7032 | Grad CV: 0.1190
             LR: 0.001250 | Batch: 32 | Updates: 67,536 | Time: 3.84s
             LR Controller | Next LR: 0.001250 | Reason: keep
Epoch 49/120 | Train Loss: 2.0326 | Train Acc: 45.94% | Val Loss: 2.3642 | Val Acc: 39.00%
             Grad Mean: 5.9985 | Grad Std: 0.7566 | Grad CV: 0.1261
             LR: 0.001250 | Batch: 32 | Updates: 68,943 | Time: 3.98s
             LR Controller | Next LR: 0.001250 | Reason: keep
Epoch 50/120 | Train Loss: 2.0295 | Train Acc: 46.13% | Val Loss: 2.4188 | Val Acc: 37.70%
             Grad Mean: 6.0536 | Grad Std: 0.7318 | Grad CV: 0.1209
             LR: 0.001250 | Batch: 32 | Updates: 70,350 | Time: 3.84s
             LR Controller | Next LR: 0.001250 | Reason: keep
Epoch 51/120 | Train Loss: 2.0264 | Train Acc: 46.00% | Val Loss: 2.4138 | Val Acc: 38.02%
             Grad Mean: 6.1251 | Grad Std: 0.7530 | Grad CV: 0.1229
             LR: 0.001250 | Batch: 32 | Updates: 71,757 | Time: 3.85s
             LR Controller | Next LR: 0.000625 | Reason: worsening_decay
Epoch 52/120 | Train Loss: 1.9650 | Train Acc: 47.44% | Val Loss: 2.2958 | Val Acc: 40.60%  <-- best
             Grad Mean: 6.0525 | Grad Std: 0.6655 | Grad CV: 0.1100
             LR: 0.000625 | Batch: 32 | Updates: 73,164 | Time: 4.24s
             LR Controller | Next LR: 0.000625 | Reason: cooldown
Epoch 53/120 | Train Loss: 1.9611 | Train Acc: 47.51% | Val Loss: 2.3489 | Val Acc: 39.24%
             Grad Mean: 6.2293 | Grad Std: 0.7391 | Grad CV: 0.1186
             LR: 0.000625 | Batch: 32 | Updates: 74,571 | Time: 3.92s
             LR Controller | Next LR: 0.000625 | Reason: cooldown
Epoch 54/120 | Train Loss: 1.9602 | Train Acc: 47.46% | Val Loss: 2.3167 | Val Acc: 40.44%
             Grad Mean: 6.2786 | Grad Std: 0.7424 | Grad CV: 0.1182
             LR: 0.000625 | Batch: 32 | Updates: 75,978 | Time: 3.83s
             LR Controller | Next LR: 0.000625 | Reason: keep
Epoch 55/120 | Train Loss: 1.9573 | Train Acc: 47.47% | Val Loss: 2.3195 | Val Acc: 39.88%
             Grad Mean: 6.3904 | Grad Std: 0.7810 | Grad CV: 0.1222
             LR: 0.000625 | Batch: 32 | Updates: 77,385 | Time: 3.98s
             LR Controller | Next LR: 0.000625 | Reason: keep
Epoch 56/120 | Train Loss: 1.9574 | Train Acc: 47.92% | Val Loss: 2.2996 | Val Acc: 40.50%
             Grad Mean: 6.4444 | Grad Std: 0.8110 | Grad CV: 0.1258
             LR: 0.000625 | Batch: 32 | Updates: 78,792 | Time: 3.92s
             LR Controller | Next LR: 0.000313 | Reason: worsening_decay
Epoch 57/120 | Train Loss: 1.9204 | Train Acc: 48.92% | Val Loss: 2.2799 | Val Acc: 40.78%  <-- best
             Grad Mean: 6.4267 | Grad Std: 0.7851 | Grad CV: 0.1222
             LR: 0.000313 | Batch: 32 | Updates: 80,199 | Time: 3.82s
             LR Controller | Next LR: 0.000313 | Reason: cooldown
Epoch 58/120 | Train Loss: 1.9136 | Train Acc: 48.91% | Val Loss: 2.2801 | Val Acc: 40.70%
             Grad Mean: 6.4863 | Grad Std: 0.7688 | Grad CV: 0.1185
             LR: 0.000313 | Batch: 32 | Updates: 81,606 | Time: 3.74s
             LR Controller | Next LR: 0.000313 | Reason: cooldown
Epoch 59/120 | Train Loss: 1.9162 | Train Acc: 48.92% | Val Loss: 2.2575 | Val Acc: 41.82%  <-- best
             Grad Mean: 6.5428 | Grad Std: 0.7520 | Grad CV: 0.1149
             LR: 0.000313 | Batch: 32 | Updates: 83,013 | Time: 3.92s
             LR Controller | Next LR: 0.000313 | Reason: keep
Epoch 60/120 | Train Loss: 1.9098 | Train Acc: 48.96% | Val Loss: 2.2718 | Val Acc: 40.94%
             Grad Mean: 6.6455 | Grad Std: 0.8064 | Grad CV: 0.1213
             LR: 0.000313 | Batch: 32 | Updates: 84,420 | Time: 4.13s
             LR Controller | Next LR: 0.000313 | Reason: keep
Epoch 61/120 | Train Loss: 1.9131 | Train Acc: 48.97% | Val Loss: 2.2914 | Val Acc: 40.72%
             Grad Mean: 6.6956 | Grad Std: 0.7887 | Grad CV: 0.1178
             LR: 0.000313 | Batch: 32 | Updates: 85,827 | Time: 4.08s
             LR Controller | Next LR: 0.000313 | Reason: keep
Epoch 62/120 | Train Loss: 1.9130 | Train Acc: 48.69% | Val Loss: 2.2918 | Val Acc: 40.84%
             Grad Mean: 6.7642 | Grad Std: 0.8120 | Grad CV: 0.1200
             LR: 0.000313 | Batch: 32 | Updates: 87,234 | Time: 3.92s
             LR Controller | Next LR: 0.000156 | Reason: worsening_decay
Epoch 63/120 | Train Loss: 1.8919 | Train Acc: 49.48% | Val Loss: 2.2549 | Val Acc: 41.56%  <-- best
             Grad Mean: 6.6734 | Grad Std: 0.7805 | Grad CV: 0.1170
             LR: 0.000156 | Batch: 32 | Updates: 88,641 | Time: 3.78s
             LR Controller | Next LR: 0.000156 | Reason: cooldown
Epoch 64/120 | Train Loss: 1.8894 | Train Acc: 49.59% | Val Loss: 2.2644 | Val Acc: 41.28%
             Grad Mean: 6.7351 | Grad Std: 0.8125 | Grad CV: 0.1206
             LR: 0.000156 | Batch: 32 | Updates: 90,048 | Time: 3.79s
             LR Controller | Next LR: 0.000156 | Reason: cooldown
Epoch 65/120 | Train Loss: 1.8876 | Train Acc: 49.43% | Val Loss: 2.2489 | Val Acc: 41.78%  <-- best
             Grad Mean: 6.7642 | Grad Std: 0.7911 | Grad CV: 0.1169
             LR: 0.000156 | Batch: 32 | Updates: 91,455 | Time: 4.02s
             LR Controller | Next LR: 0.000156 | Reason: keep
Epoch 66/120 | Train Loss: 1.8849 | Train Acc: 49.70% | Val Loss: 2.2562 | Val Acc: 41.96%
             Grad Mean: 6.8039 | Grad Std: 0.8258 | Grad CV: 0.1214
             LR: 0.000156 | Batch: 32 | Updates: 92,862 | Time: 3.96s
             LR Controller | Next LR: 0.000156 | Reason: keep
Epoch 67/120 | Train Loss: 1.8848 | Train Acc: 49.56% | Val Loss: 2.2608 | Val Acc: 41.72%
             Grad Mean: 6.8570 | Grad Std: 0.7864 | Grad CV: 0.1147
             LR: 0.000156 | Batch: 32 | Updates: 94,269 | Time: 4.07s
             LR Controller | Next LR: 0.000156 | Reason: keep
Epoch 68/120 | Train Loss: 1.8868 | Train Acc: 49.74% | Val Loss: 2.2574 | Val Acc: 41.70%
             Grad Mean: 6.8906 | Grad Std: 0.8246 | Grad CV: 0.1197
             LR: 0.000156 | Batch: 32 | Updates: 95,676 | Time: 3.95s
             LR Controller | Next LR: 0.000078 | Reason: worsening_decay
Epoch 69/120 | Train Loss: 1.8755 | Train Acc: 49.88% | Val Loss: 2.2428 | Val Acc: 42.20%  <-- best
             Grad Mean: 6.8746 | Grad Std: 0.8141 | Grad CV: 0.1184
             LR: 0.000078 | Batch: 32 | Updates: 97,083 | Time: 4.16s
             LR Controller | Next LR: 0.000078 | Reason: cooldown
Epoch 70/120 | Train Loss: 1.8746 | Train Acc: 50.00% | Val Loss: 2.2506 | Val Acc: 41.84%
             Grad Mean: 6.9037 | Grad Std: 0.8050 | Grad CV: 0.1166
             LR: 0.000078 | Batch: 32 | Updates: 98,490 | Time: 4.19s
             LR Controller | Next LR: 0.000078 | Reason: cooldown
Epoch 71/120 | Train Loss: 1.8694 | Train Acc: 49.94% | Val Loss: 2.2521 | Val Acc: 41.82%
             Grad Mean: 6.8942 | Grad Std: 0.8234 | Grad CV: 0.1194
             LR: 0.000078 | Batch: 32 | Updates: 99,897 | Time: 4.12s
             LR Controller | Next LR: 0.000078 | Reason: keep
Epoch 72/120 | Train Loss: 1.8744 | Train Acc: 49.73% | Val Loss: 2.2496 | Val Acc: 42.02%
             Grad Mean: 6.9347 | Grad Std: 0.7945 | Grad CV: 0.1146
             LR: 0.000078 | Batch: 32 | Updates: 101,304 | Time: 4.47s
             LR Controller | Next LR: 0.000078 | Reason: keep
Epoch 73/120 | Train Loss: 1.8723 | Train Acc: 50.06% | Val Loss: 2.2441 | Val Acc: 41.90%
             Grad Mean: 6.9544 | Grad Std: 0.8422 | Grad CV: 0.1211
             LR: 0.000078 | Batch: 32 | Updates: 102,711 | Time: 4.14s
             LR Controller | Next LR: 0.000039 | Reason: worsening_decay
Epoch 74/120 | Train Loss: 1.8678 | Train Acc: 50.10% | Val Loss: 2.2379 | Val Acc: 42.10%  <-- best
             Grad Mean: 6.9350 | Grad Std: 0.7889 | Grad CV: 0.1138
             LR: 0.000039 | Batch: 32 | Updates: 104,118 | Time: 4.75s
             LR Controller | Next LR: 0.000039 | Reason: cooldown
Epoch 75/120 | Train Loss: 1.8624 | Train Acc: 50.01% | Val Loss: 2.2379 | Val Acc: 42.20%  <-- best
             Grad Mean: 6.9270 | Grad Std: 0.9026 | Grad CV: 0.1303
             LR: 0.000039 | Batch: 32 | Updates: 105,525 | Time: 4.55s
             LR Controller | Next LR: 0.000039 | Reason: cooldown
Epoch 76/120 | Train Loss: 1.8652 | Train Acc: 50.28% | Val Loss: 2.2469 | Val Acc: 41.98%
             Grad Mean: 6.9755 | Grad Std: 0.8587 | Grad CV: 0.1231
             LR: 0.000039 | Batch: 32 | Updates: 106,932 | Time: 4.46s
             LR Controller | Next LR: 0.000039 | Reason: keep
Epoch 77/120 | Train Loss: 1.8665 | Train Acc: 49.99% | Val Loss: 2.2499 | Val Acc: 41.86%
             Grad Mean: 6.9768 | Grad Std: 0.8254 | Grad CV: 0.1183
             LR: 0.000039 | Batch: 32 | Updates: 108,339 | Time: 4.67s
             LR Controller | Next LR: 0.000039 | Reason: keep
Epoch 78/120 | Train Loss: 1.8632 | Train Acc: 50.24% | Val Loss: 2.2516 | Val Acc: 42.00%
             Grad Mean: 6.9883 | Grad Std: 0.8061 | Grad CV: 0.1154
             LR: 0.000039 | Batch: 32 | Updates: 109,746 | Time: 4.75s
             LR Controller | Next LR: 0.000020 | Reason: worsening_decay
Epoch 79/120 | Train Loss: 1.8640 | Train Acc: 50.18% | Val Loss: 2.2386 | Val Acc: 42.30%
             Grad Mean: 7.0023 | Grad Std: 0.8698 | Grad CV: 0.1242
             LR: 0.000020 | Batch: 32 | Updates: 111,153 | Time: 4.35s
             LR Controller | Next LR: 0.000020 | Reason: cooldown
Epoch 80/120 | Train Loss: 1.8604 | Train Acc: 50.20% | Val Loss: 2.2399 | Val Acc: 42.14%
             Grad Mean: 6.9813 | Grad Std: 0.8088 | Grad CV: 0.1159
             LR: 0.000020 | Batch: 32 | Updates: 112,560 | Time: 3.88s
             LR Controller | Next LR: 0.000020 | Reason: cooldown
Epoch 81/120 | Train Loss: 1.8643 | Train Acc: 50.03% | Val Loss: 2.2453 | Val Acc: 42.02%
             Grad Mean: 7.0064 | Grad Std: 0.8048 | Grad CV: 0.1149
             LR: 0.000020 | Batch: 32 | Updates: 113,967 | Time: 4.26s
             LR Controller | Next LR: 0.000020 | Reason: keep
Epoch 82/120 | Train Loss: 1.8605 | Train Acc: 50.23% | Val Loss: 2.2417 | Val Acc: 42.42%
             Grad Mean: 6.9765 | Grad Std: 0.8011 | Grad CV: 0.1148
             LR: 0.000020 | Batch: 32 | Updates: 115,374 | Time: 4.44s
             LR Controller | Next LR: 0.000020 | Reason: keep
Epoch 83/120 | Train Loss: 1.8618 | Train Acc: 50.23% | Val Loss: 2.2467 | Val Acc: 42.02%
             Grad Mean: 6.9647 | Grad Std: 0.7985 | Grad CV: 0.1146
             LR: 0.000020 | Batch: 32 | Updates: 116,781 | Time: 4.51s
             LR Controller | Next LR: 0.000020 | Reason: keep
Epoch 84/120 | Train Loss: 1.8589 | Train Acc: 50.41% | Val Loss: 2.2420 | Val Acc: 42.12%
             Grad Mean: 7.0136 | Grad Std: 0.8212 | Grad CV: 0.1171
             LR: 0.000020 | Batch: 32 | Updates: 118,188 | Time: 4.37s
             LR Controller | Next LR: 0.000020 | Reason: keep
Epoch 85/120 | Train Loss: 1.8626 | Train Acc: 50.18% | Val Loss: 2.2407 | Val Acc: 42.28%
             Grad Mean: 6.9933 | Grad Std: 0.8221 | Grad CV: 0.1176
             LR: 0.000020 | Batch: 32 | Updates: 119,595 | Time: 4.46s
             LR Controller | Next LR: 0.000010 | Reason: worsening_decay
Epoch 86/120 | Train Loss: 1.8595 | Train Acc: 50.04% | Val Loss: 2.2395 | Val Acc: 41.98%
             Grad Mean: 6.9998 | Grad Std: 0.7989 | Grad CV: 0.1141
             LR: 0.000010 | Batch: 32 | Updates: 121,002 | Time: 4.56s
             LR Controller | Next LR: 0.000010 | Reason: cooldown
Epoch 87/120 | Train Loss: 1.8582 | Train Acc: 50.33% | Val Loss: 2.2417 | Val Acc: 42.08%
             Grad Mean: 7.0066 | Grad Std: 0.8223 | Grad CV: 0.1174
             LR: 0.000010 | Batch: 32 | Updates: 122,409 | Time: 4.81s
             LR Controller | Next LR: 0.000010 | Reason: cooldown
Epoch 88/120 | Train Loss: 1.8618 | Train Acc: 50.29% | Val Loss: 2.2429 | Val Acc: 42.26%
             Grad Mean: 6.9785 | Grad Std: 0.8048 | Grad CV: 0.1153
             LR: 0.000010 | Batch: 32 | Updates: 123,816 | Time: 4.56s
             LR Controller | Next LR: 0.000010 | Reason: keep
Epoch 89/120 | Train Loss: 1.8611 | Train Acc: 49.99% | Val Loss: 2.2422 | Val Acc: 42.20%
             Grad Mean: 7.0299 | Grad Std: 0.8449 | Grad CV: 0.1202
             LR: 0.000010 | Batch: 32 | Updates: 125,223 | Time: 4.33s
             LR Controller | Next LR: 0.000010 | Reason: keep
Epoch 90/120 | Train Loss: 1.8605 | Train Acc: 50.05% | Val Loss: 2.2396 | Val Acc: 42.34%
             Grad Mean: 7.0153 | Grad Std: 0.8364 | Grad CV: 0.1192
             LR: 0.000010 | Batch: 32 | Updates: 126,630 | Time: 4.04s
             LR Controller | Next LR: 0.000005 | Reason: worsening_decay
Epoch 91/120 | Train Loss: 1.8597 | Train Acc: 50.50% | Val Loss: 2.2404 | Val Acc: 42.22%
             Grad Mean: 7.0030 | Grad Std: 0.7970 | Grad CV: 0.1138
             LR: 0.000005 | Batch: 32 | Updates: 128,037 | Time: 4.19s
             LR Controller | Next LR: 0.000005 | Reason: cooldown
Epoch 92/120 | Train Loss: 1.8564 | Train Acc: 50.35% | Val Loss: 2.2419 | Val Acc: 42.24%
             Grad Mean: 6.9950 | Grad Std: 0.8112 | Grad CV: 0.1160
             LR: 0.000005 | Batch: 32 | Updates: 129,444 | Time: 4.20s
             LR Controller | Next LR: 0.000005 | Reason: cooldown
Epoch 93/120 | Train Loss: 1.8584 | Train Acc: 50.37% | Val Loss: 2.2419 | Val Acc: 42.26%
             Grad Mean: 7.0274 | Grad Std: 0.8362 | Grad CV: 0.1190
             LR: 0.000005 | Batch: 32 | Updates: 130,851 | Time: 4.18s
             LR Controller | Next LR: 0.000005 | Reason: keep
Epoch 94/120 | Train Loss: 1.8574 | Train Acc: 50.25% | Val Loss: 2.2430 | Val Acc: 42.26%
             Grad Mean: 6.9796 | Grad Std: 0.8368 | Grad CV: 0.1199
             LR: 0.000005 | Batch: 32 | Updates: 132,258 | Time: 4.14s
             LR Controller | Next LR: 0.000005 | Reason: keep
Epoch 95/120 | Train Loss: 1.8583 | Train Acc: 50.33% | Val Loss: 2.2422 | Val Acc: 42.22%
             Grad Mean: 6.9991 | Grad Std: 0.8025 | Grad CV: 0.1147
             LR: 0.000005 | Batch: 32 | Updates: 133,665 | Time: 3.91s
             LR Controller | Next LR: 0.000002 | Reason: worsening_decay
Epoch 96/120 | Train Loss: 1.8609 | Train Acc: 50.37% | Val Loss: 2.2410 | Val Acc: 42.24%
             Grad Mean: 7.0170 | Grad Std: 0.8131 | Grad CV: 0.1159
             LR: 0.000002 | Batch: 32 | Updates: 135,072 | Time: 3.93s
             LR Controller | Next LR: 0.000002 | Reason: cooldown
Epoch 97/120 | Train Loss: 1.8607 | Train Acc: 50.03% | Val Loss: 2.2415 | Val Acc: 42.32%
             Grad Mean: 7.0376 | Grad Std: 0.8126 | Grad CV: 0.1155
             LR: 0.000002 | Batch: 32 | Updates: 136,479 | Time: 4.05s
             LR Controller | Next LR: 0.000002 | Reason: cooldown
Epoch 98/120 | Train Loss: 1.8589 | Train Acc: 50.25% | Val Loss: 2.2413 | Val Acc: 42.26%
             Grad Mean: 7.0291 | Grad Std: 0.8398 | Grad CV: 0.1195
             LR: 0.000002 | Batch: 32 | Updates: 137,886 | Time: 3.92s
             LR Controller | Next LR: 0.000002 | Reason: keep
Epoch 99/120 | Train Loss: 1.8557 | Train Acc: 50.14% | Val Loss: 2.2412 | Val Acc: 42.22%
             Grad Mean: 7.0040 | Grad Std: 0.8123 | Grad CV: 0.1160
             LR: 0.000002 | Batch: 32 | Updates: 139,293 | Time: 4.05s
             LR Controller | Next LR: 0.000002 | Reason: keep
Epoch 100/120 | Train Loss: 1.8545 | Train Acc: 50.49% | Val Loss: 2.2409 | Val Acc: 42.32%
             Grad Mean: 6.9922 | Grad Std: 0.8318 | Grad CV: 0.1190
             LR: 0.000002 | Batch: 32 | Updates: 140,700 | Time: 4.37s
             LR Controller | Next LR: 0.000001 | Reason: worsening_decay
Epoch 101/120 | Train Loss: 1.8564 | Train Acc: 50.30% | Val Loss: 2.2421 | Val Acc: 42.24%
             Grad Mean: 7.0371 | Grad Std: 0.9154 | Grad CV: 0.1301
             LR: 0.000001 | Batch: 32 | Updates: 142,107 | Time: 4.90s
             LR Controller | Next LR: 0.000001 | Reason: cooldown
Epoch 102/120 | Train Loss: 1.8585 | Train Acc: 50.24% | Val Loss: 2.2414 | Val Acc: 42.26%
             Grad Mean: 7.0017 | Grad Std: 0.8219 | Grad CV: 0.1174
             LR: 0.000001 | Batch: 32 | Updates: 143,514 | Time: 4.31s
             LR Controller | Next LR: 0.000001 | Reason: cooldown
Epoch 103/120 | Train Loss: 1.8561 | Train Acc: 50.38% | Val Loss: 2.2412 | Val Acc: 42.22%
             Grad Mean: 7.0218 | Grad Std: 0.8070 | Grad CV: 0.1149
             LR: 0.000001 | Batch: 32 | Updates: 144,921 | Time: 4.14s
             LR Controller | Next LR: 0.000001 | Reason: keep
Epoch 104/120 | Train Loss: 1.8557 | Train Acc: 50.44% | Val Loss: 2.2416 | Val Acc: 42.22%
             Grad Mean: 6.9932 | Grad Std: 0.8332 | Grad CV: 0.1191
             LR: 0.000001 | Batch: 32 | Updates: 146,328 | Time: 4.05s
             LR Controller | Next LR: 0.000001 | Reason: keep
Epoch 105/120 | Train Loss: 1.8555 | Train Acc: 50.33% | Val Loss: 2.2415 | Val Acc: 42.24%
             Grad Mean: 7.0355 | Grad Std: 0.8444 | Grad CV: 0.1200
             LR: 0.000001 | Batch: 32 | Updates: 147,735 | Time: 3.96s
             LR Controller | Next LR: 0.000001 | Reason: worsening_decay
Epoch 106/120 | Train Loss: 1.8570 | Train Acc: 50.33% | Val Loss: 2.2412 | Val Acc: 42.28%
             Grad Mean: 7.0267 | Grad Std: 0.8490 | Grad CV: 0.1208
             LR: 0.000001 | Batch: 32 | Updates: 149,142 | Time: 4.37s
             LR Controller | Next LR: 0.000001 | Reason: cooldown
Epoch 107/120 | Train Loss: 1.8567 | Train Acc: 50.31% | Val Loss: 2.2406 | Val Acc: 42.26%
             Grad Mean: 7.0132 | Grad Std: 0.8298 | Grad CV: 0.1183
             LR: 0.000001 | Batch: 32 | Updates: 150,549 | Time: 4.56s
             LR Controller | Next LR: 0.000001 | Reason: cooldown
Epoch 108/120 | Train Loss: 1.8561 | Train Acc: 50.29% | Val Loss: 2.2408 | Val Acc: 42.22%
             Grad Mean: 7.0053 | Grad Std: 0.8323 | Grad CV: 0.1188
             LR: 0.000001 | Batch: 32 | Updates: 151,956 | Time: 4.37s
             LR Controller | Next LR: 0.000001 | Reason: keep
Epoch 109/120 | Train Loss: 1.8611 | Train Acc: 50.33% | Val Loss: 2.2410 | Val Acc: 42.22%
             Grad Mean: 7.0151 | Grad Std: 0.8275 | Grad CV: 0.1180
             LR: 0.000001 | Batch: 32 | Updates: 153,363 | Time: 4.31s
             LR Controller | Next LR: 0.000001 | Reason: keep
Epoch 110/120 | Train Loss: 1.8582 | Train Acc: 50.25% | Val Loss: 2.2408 | Val Acc: 42.30%
             Grad Mean: 6.9889 | Grad Std: 0.7961 | Grad CV: 0.1139
             LR: 0.000001 | Batch: 32 | Updates: 154,770 | Time: 4.37s
             LR Controller | Next LR: 0.000001 | Reason: keep
Epoch 111/120 | Train Loss: 1.8606 | Train Acc: 50.28% | Val Loss: 2.2408 | Val Acc: 42.26%
             Grad Mean: 7.0391 | Grad Std: 0.8802 | Grad CV: 0.1250
             LR: 0.000001 | Batch: 32 | Updates: 156,177 | Time: 4.67s
             LR Controller | Next LR: 0.000001 | Reason: keep
Epoch 112/120 | Train Loss: 1.8590 | Train Acc: 50.27% | Val Loss: 2.2407 | Val Acc: 42.30%
             Grad Mean: 7.0419 | Grad Std: 0.8260 | Grad CV: 0.1173
             LR: 0.000001 | Batch: 32 | Updates: 157,584 | Time: 4.60s
             LR Controller | Next LR: 0.000001 | Reason: keep
Epoch 113/120 | Train Loss: 1.8572 | Train Acc: 50.43% | Val Loss: 2.2403 | Val Acc: 42.28%
             Grad Mean: 7.0223 | Grad Std: 0.8549 | Grad CV: 0.1217
             LR: 0.000001 | Batch: 32 | Updates: 158,991 | Time: 4.39s
             LR Controller | Next LR: 0.000001 | Reason: keep
Epoch 114/120 | Train Loss: 1.8580 | Train Acc: 50.35% | Val Loss: 2.2404 | Val Acc: 42.32%
             Grad Mean: 7.0368 | Grad Std: 0.8384 | Grad CV: 0.1191
             LR: 0.000001 | Batch: 32 | Updates: 160,398 | Time: 4.71s
             LR Controller | Next LR: 0.000001 | Reason: keep
Epoch 115/120 | Train Loss: 1.8583 | Train Acc: 50.34% | Val Loss: 2.2405 | Val Acc: 42.24%
             Grad Mean: 7.0243 | Grad Std: 0.8167 | Grad CV: 0.1163
             LR: 0.000001 | Batch: 32 | Updates: 161,805 | Time: 4.49s
             LR Controller | Next LR: 0.000001 | Reason: keep
Epoch 116/120 | Train Loss: 1.8553 | Train Acc: 50.55% | Val Loss: 2.2405 | Val Acc: 42.30%
             Grad Mean: 7.0242 | Grad Std: 0.8427 | Grad CV: 0.1200
             LR: 0.000001 | Batch: 32 | Updates: 163,212 | Time: 4.41s
             LR Controller | Next LR: 0.000001 | Reason: keep
Epoch 117/120 | Train Loss: 1.8577 | Train Acc: 50.24% | Val Loss: 2.2406 | Val Acc: 42.26%
             Grad Mean: 7.0246 | Grad Std: 0.8094 | Grad CV: 0.1152
             LR: 0.000001 | Batch: 32 | Updates: 164,619 | Time: 4.40s
             LR Controller | Next LR: 0.000001 | Reason: keep
Epoch 118/120 | Train Loss: 1.8570 | Train Acc: 50.26% | Val Loss: 2.2406 | Val Acc: 42.28%
             Grad Mean: 7.0363 | Grad Std: 0.8200 | Grad CV: 0.1165
             LR: 0.000001 | Batch: 32 | Updates: 166,026 | Time: 4.67s
             LR Controller | Next LR: 0.000001 | Reason: keep
Epoch 119/120 | Train Loss: 1.8589 | Train Acc: 50.43% | Val Loss: 2.2406 | Val Acc: 42.28%
             Grad Mean: 7.0163 | Grad Std: 0.8222 | Grad CV: 0.1172
             LR: 0.000001 | Batch: 32 | Updates: 167,433 | Time: 4.80s
             LR Controller | Next LR: 0.000001 | Reason: keep
Epoch 120/120 | Train Loss: 1.8561 | Train Acc: 50.34% | Val Loss: 2.2401 | Val Acc: 42.26%
             Grad Mean: 6.9964 | Grad Std: 0.7806 | Grad CV: 0.1116
             LR: 0.000001 | Batch: 32 | Updates: 168,840 | Time: 4.14s
             LR Controller | Next LR: 0.000001 | Reason: keep
==============================================================================
Training complete
Best epoch: 75
Best validation loss: 2.2379
Total optimizer updates: 168,840
Total training time: 495.19 seconds
Final learning rate used: 0.000001
Results saved to: /home/ams098z/Courses/CSCE5218/MidetermProj/adaptive-batch-lr-cifar10/results/tuning_cifar100_20261005/trials/E3_lr0.005_w3_ep120/cifar100_adaptive_lr_batch32_refLR0.005_seed42/20261005T071248_272491Z/cifar100_adaptive_lr_batch32_refLR0.005_seed42.csv
Metadata saved to: /home/ams098z/Courses/CSCE5218/MidetermProj/adaptive-batch-lr-cifar10/results/tuning_cifar100_20261005/trials/E3_lr0.005_w3_ep120/cifar100_adaptive_lr_batch32_refLR0.005_seed42/20261005T071248_272491Z/cifar100_adaptive_lr_batch32_refLR0.005_seed42_metadata.json
==============================================================================
Evaluated checkpoint: epoch 75
Validation accuracy: 42.20%
Validation macro F1: 0.4090
Evaluation results saved to: /home/ams098z/Courses/CSCE5218/MidetermProj/adaptive-batch-lr-cifar10/results/tuning_cifar100_20261005/trials/E3_lr0.005_w3_ep120/cifar100_adaptive_lr_batch32_refLR0.005_seed42/20261005T071248_272491Z
