Results directory: /home/ams098z/Courses/CSCE5218/MidetermProj/adaptive-batch-lr-cifar10/results/unified_experiments/20261008T222534_830127Z/runs/E1/deeper_cnn_wide_fixed_fixed_batch32_lr0.01_seed42/20261008T222537_057389Z

##############################################################################
Experiment: deeper_cnn_wide_fixed_fixed_batch32_lr0.01_seed42
##############################################################################
Dataset:             CIFAR-10; classes: 10
Device:              NVIDIA GeForce RTX 5070 Ti Laptop GPU
Training samples:    20,000
Validation samples:  5,000
Batch size:          32
Learning rate:       0.01
Epochs:              80
Updates per epoch:   625
Expected updates:    50,000

Starting fixed baseline training
==============================================================================
Epoch 01/80 | Train Loss: 2.2274 | Train Acc: 15.95% | Val Loss: 2.0347 | Val Acc: 21.80%  <-- best
             Grad Mean: 1.8811 | Grad Std: 1.1513 | Grad CV: 0.6120
             LR: 0.010000 | Batch: 32 | Updates: 625 | Time: 5.94s
Epoch 02/80 | Train Loss: 1.9854 | Train Acc: 24.66% | Val Loss: 1.8950 | Val Acc: 27.42%  <-- best
             Grad Mean: 2.1164 | Grad Std: 0.7723 | Grad CV: 0.3649
             LR: 0.010000 | Batch: 32 | Updates: 1,250 | Time: 5.37s
Epoch 03/80 | Train Loss: 1.8781 | Train Acc: 28.91% | Val Loss: 1.8105 | Val Acc: 31.86%  <-- best
             Grad Mean: 2.3758 | Grad Std: 0.7848 | Grad CV: 0.3303
             LR: 0.010000 | Batch: 32 | Updates: 1,875 | Time: 5.57s
Epoch 04/80 | Train Loss: 1.7844 | Train Acc: 32.33% | Val Loss: 1.7137 | Val Acc: 33.98%  <-- best
             Grad Mean: 2.6202 | Grad Std: 0.7803 | Grad CV: 0.2978
             LR: 0.010000 | Batch: 32 | Updates: 2,500 | Time: 5.54s
Epoch 05/80 | Train Loss: 1.7281 | Train Acc: 34.93% | Val Loss: 1.6681 | Val Acc: 37.48%  <-- best
             Grad Mean: 2.5598 | Grad Std: 0.7305 | Grad CV: 0.2854
             LR: 0.010000 | Batch: 32 | Updates: 3,125 | Time: 5.67s
Epoch 06/80 | Train Loss: 1.6509 | Train Acc: 38.38% | Val Loss: 1.6096 | Val Acc: 39.64%  <-- best
             Grad Mean: 2.6815 | Grad Std: 0.7178 | Grad CV: 0.2677
             LR: 0.010000 | Batch: 32 | Updates: 3,750 | Time: 5.92s
Epoch 07/80 | Train Loss: 1.5954 | Train Acc: 40.65% | Val Loss: 1.6466 | Val Acc: 40.56%
             Grad Mean: 2.8086 | Grad Std: 0.7785 | Grad CV: 0.2772
             LR: 0.010000 | Batch: 32 | Updates: 4,375 | Time: 5.94s
Epoch 08/80 | Train Loss: 1.5365 | Train Acc: 43.17% | Val Loss: 1.5503 | Val Acc: 41.62%  <-- best
             Grad Mean: 2.8298 | Grad Std: 0.6876 | Grad CV: 0.2430
             LR: 0.010000 | Batch: 32 | Updates: 5,000 | Time: 5.83s
Epoch 09/80 | Train Loss: 1.4960 | Train Acc: 45.09% | Val Loss: 1.4679 | Val Acc: 45.74%  <-- best
             Grad Mean: 2.9460 | Grad Std: 0.7417 | Grad CV: 0.2518
             LR: 0.010000 | Batch: 32 | Updates: 5,625 | Time: 5.43s
Epoch 10/80 | Train Loss: 1.4420 | Train Acc: 47.12% | Val Loss: 1.4918 | Val Acc: 45.40%
             Grad Mean: 3.0727 | Grad Std: 0.7710 | Grad CV: 0.2509
             LR: 0.010000 | Batch: 32 | Updates: 6,250 | Time: 5.42s
Epoch 11/80 | Train Loss: 1.3930 | Train Acc: 49.10% | Val Loss: 1.4171 | Val Acc: 48.84%  <-- best
             Grad Mean: 3.2344 | Grad Std: 0.7888 | Grad CV: 0.2439
             LR: 0.010000 | Batch: 32 | Updates: 6,875 | Time: 5.58s
Epoch 12/80 | Train Loss: 1.3480 | Train Acc: 51.34% | Val Loss: 1.3382 | Val Acc: 51.08%  <-- best
             Grad Mean: 3.3064 | Grad Std: 0.8609 | Grad CV: 0.2604
             LR: 0.010000 | Batch: 32 | Updates: 7,500 | Time: 5.40s
Epoch 13/80 | Train Loss: 1.3024 | Train Acc: 53.13% | Val Loss: 1.3627 | Val Acc: 50.52%
             Grad Mean: 3.4127 | Grad Std: 0.8837 | Grad CV: 0.2589
             LR: 0.010000 | Batch: 32 | Updates: 8,125 | Time: 5.41s
Epoch 14/80 | Train Loss: 1.2541 | Train Acc: 55.43% | Val Loss: 1.2135 | Val Acc: 57.16%  <-- best
             Grad Mean: 3.4464 | Grad Std: 0.8122 | Grad CV: 0.2357
             LR: 0.010000 | Batch: 32 | Updates: 8,750 | Time: 5.48s
Epoch 15/80 | Train Loss: 1.2148 | Train Acc: 56.62% | Val Loss: 1.2206 | Val Acc: 56.60%
             Grad Mean: 3.5489 | Grad Std: 0.8640 | Grad CV: 0.2434
             LR: 0.010000 | Batch: 32 | Updates: 9,375 | Time: 5.46s
Epoch 16/80 | Train Loss: 1.1949 | Train Acc: 57.31% | Val Loss: 1.2394 | Val Acc: 56.00%
             Grad Mean: 3.5414 | Grad Std: 0.9071 | Grad CV: 0.2561
             LR: 0.010000 | Batch: 32 | Updates: 10,000 | Time: 5.39s
Epoch 17/80 | Train Loss: 1.1615 | Train Acc: 58.83% | Val Loss: 1.1614 | Val Acc: 58.04%  <-- best
             Grad Mean: 3.5638 | Grad Std: 0.8106 | Grad CV: 0.2274
             LR: 0.010000 | Batch: 32 | Updates: 10,625 | Time: 5.64s
Epoch 18/80 | Train Loss: 1.1147 | Train Acc: 60.27% | Val Loss: 1.1056 | Val Acc: 60.76%  <-- best
             Grad Mean: 3.6394 | Grad Std: 0.8328 | Grad CV: 0.2288
             LR: 0.010000 | Batch: 32 | Updates: 11,250 | Time: 5.40s
Epoch 19/80 | Train Loss: 1.0796 | Train Acc: 61.59% | Val Loss: 1.2794 | Val Acc: 57.46%
             Grad Mean: 3.6897 | Grad Std: 0.8485 | Grad CV: 0.2300
             LR: 0.010000 | Batch: 32 | Updates: 11,875 | Time: 5.42s
Epoch 20/80 | Train Loss: 1.0478 | Train Acc: 63.21% | Val Loss: 1.0868 | Val Acc: 60.68%  <-- best
             Grad Mean: 3.7444 | Grad Std: 0.8924 | Grad CV: 0.2383
             LR: 0.010000 | Batch: 32 | Updates: 12,500 | Time: 5.39s
Epoch 21/80 | Train Loss: 1.0226 | Train Acc: 63.61% | Val Loss: 1.0959 | Val Acc: 61.72%
             Grad Mean: 3.7747 | Grad Std: 0.8441 | Grad CV: 0.2236
             LR: 0.010000 | Batch: 32 | Updates: 13,125 | Time: 5.37s
Epoch 22/80 | Train Loss: 1.0015 | Train Acc: 64.70% | Val Loss: 1.1214 | Val Acc: 61.78%
             Grad Mean: 3.8146 | Grad Std: 0.8876 | Grad CV: 0.2327
             LR: 0.010000 | Batch: 32 | Updates: 13,750 | Time: 5.51s
Epoch 23/80 | Train Loss: 0.9629 | Train Acc: 66.39% | Val Loss: 1.0012 | Val Acc: 64.86%  <-- best
             Grad Mean: 3.7968 | Grad Std: 0.9036 | Grad CV: 0.2380
             LR: 0.010000 | Batch: 32 | Updates: 14,375 | Time: 5.33s
Epoch 24/80 | Train Loss: 0.9237 | Train Acc: 68.02% | Val Loss: 1.0740 | Val Acc: 62.28%
             Grad Mean: 3.9145 | Grad Std: 0.8894 | Grad CV: 0.2272
             LR: 0.010000 | Batch: 32 | Updates: 15,000 | Time: 5.42s
Epoch 25/80 | Train Loss: 0.9162 | Train Acc: 68.34% | Val Loss: 0.8831 | Val Acc: 70.42%  <-- best
             Grad Mean: 3.9591 | Grad Std: 0.8979 | Grad CV: 0.2268
             LR: 0.010000 | Batch: 32 | Updates: 15,625 | Time: 5.39s
Epoch 26/80 | Train Loss: 0.8879 | Train Acc: 69.44% | Val Loss: 0.8859 | Val Acc: 70.08%
             Grad Mean: 3.9797 | Grad Std: 0.9046 | Grad CV: 0.2273
             LR: 0.010000 | Batch: 32 | Updates: 16,250 | Time: 5.39s
Epoch 27/80 | Train Loss: 0.8656 | Train Acc: 70.22% | Val Loss: 0.8521 | Val Acc: 71.08%  <-- best
             Grad Mean: 4.0242 | Grad Std: 0.9495 | Grad CV: 0.2359
             LR: 0.010000 | Batch: 32 | Updates: 16,875 | Time: 5.35s
Epoch 28/80 | Train Loss: 0.8470 | Train Acc: 71.00% | Val Loss: 0.8849 | Val Acc: 70.80%
             Grad Mean: 4.0854 | Grad Std: 0.9465 | Grad CV: 0.2317
             LR: 0.010000 | Batch: 32 | Updates: 17,500 | Time: 5.45s
Epoch 29/80 | Train Loss: 0.8047 | Train Acc: 72.46% | Val Loss: 0.7880 | Val Acc: 74.30%  <-- best
             Grad Mean: 4.0528 | Grad Std: 0.8997 | Grad CV: 0.2220
             LR: 0.010000 | Batch: 32 | Updates: 18,125 | Time: 5.27s
Epoch 30/80 | Train Loss: 0.7981 | Train Acc: 72.81% | Val Loss: 0.8956 | Val Acc: 69.22%
             Grad Mean: 4.1034 | Grad Std: 0.9698 | Grad CV: 0.2363
             LR: 0.010000 | Batch: 32 | Updates: 18,750 | Time: 5.32s
Epoch 31/80 | Train Loss: 0.7693 | Train Acc: 73.81% | Val Loss: 0.7571 | Val Acc: 74.94%  <-- best
             Grad Mean: 4.1109 | Grad Std: 0.9028 | Grad CV: 0.2196
             LR: 0.010000 | Batch: 32 | Updates: 19,375 | Time: 5.34s
Epoch 32/80 | Train Loss: 0.7468 | Train Acc: 74.86% | Val Loss: 0.8563 | Val Acc: 71.54%
             Grad Mean: 4.1324 | Grad Std: 1.0083 | Grad CV: 0.2440
             LR: 0.010000 | Batch: 32 | Updates: 20,000 | Time: 5.35s
Epoch 33/80 | Train Loss: 0.7234 | Train Acc: 75.34% | Val Loss: 0.7815 | Val Acc: 74.16%
             Grad Mean: 4.1951 | Grad Std: 0.9192 | Grad CV: 0.2191
             LR: 0.010000 | Batch: 32 | Updates: 20,625 | Time: 5.48s
Epoch 34/80 | Train Loss: 0.7065 | Train Acc: 76.06% | Val Loss: 0.7345 | Val Acc: 74.92%  <-- best
             Grad Mean: 4.1732 | Grad Std: 0.9417 | Grad CV: 0.2256
             LR: 0.010000 | Batch: 32 | Updates: 21,250 | Time: 5.39s
Epoch 35/80 | Train Loss: 0.6807 | Train Acc: 77.18% | Val Loss: 0.7632 | Val Acc: 74.10%
             Grad Mean: 4.1239 | Grad Std: 0.9306 | Grad CV: 0.2257
             LR: 0.010000 | Batch: 32 | Updates: 21,875 | Time: 5.27s
Epoch 36/80 | Train Loss: 0.6908 | Train Acc: 76.75% | Val Loss: 0.7263 | Val Acc: 75.72%  <-- best
             Grad Mean: 4.2145 | Grad Std: 0.9917 | Grad CV: 0.2353
             LR: 0.010000 | Batch: 32 | Updates: 22,500 | Time: 5.35s
Epoch 37/80 | Train Loss: 0.6540 | Train Acc: 77.97% | Val Loss: 0.8308 | Val Acc: 72.94%
             Grad Mean: 4.2036 | Grad Std: 0.9597 | Grad CV: 0.2283
             LR: 0.010000 | Batch: 32 | Updates: 23,125 | Time: 5.34s
Epoch 38/80 | Train Loss: 0.6498 | Train Acc: 78.06% | Val Loss: 0.7272 | Val Acc: 75.58%
             Grad Mean: 4.2511 | Grad Std: 0.9496 | Grad CV: 0.2234
             LR: 0.010000 | Batch: 32 | Updates: 23,750 | Time: 5.29s
Epoch 39/80 | Train Loss: 0.6363 | Train Acc: 78.69% | Val Loss: 0.6589 | Val Acc: 78.28%  <-- best
             Grad Mean: 4.1822 | Grad Std: 0.9403 | Grad CV: 0.2248
             LR: 0.010000 | Batch: 32 | Updates: 24,375 | Time: 5.53s
Epoch 40/80 | Train Loss: 0.6211 | Train Acc: 79.14% | Val Loss: 0.7842 | Val Acc: 73.98%
             Grad Mean: 4.2391 | Grad Std: 0.9723 | Grad CV: 0.2294
             LR: 0.010000 | Batch: 32 | Updates: 25,000 | Time: 5.25s
Epoch 41/80 | Train Loss: 0.6125 | Train Acc: 79.74% | Val Loss: 0.6502 | Val Acc: 78.32%  <-- best
             Grad Mean: 4.2202 | Grad Std: 1.0100 | Grad CV: 0.2393
             LR: 0.010000 | Batch: 32 | Updates: 25,625 | Time: 5.33s
Epoch 42/80 | Train Loss: 0.6194 | Train Acc: 79.16% | Val Loss: 0.6596 | Val Acc: 77.82%
             Grad Mean: 4.3323 | Grad Std: 1.0294 | Grad CV: 0.2376
             LR: 0.010000 | Batch: 32 | Updates: 26,250 | Time: 5.36s
Epoch 43/80 | Train Loss: 0.5936 | Train Acc: 79.94% | Val Loss: 0.6051 | Val Acc: 80.18%  <-- best
             Grad Mean: 4.2863 | Grad Std: 0.9787 | Grad CV: 0.2283
             LR: 0.010000 | Batch: 32 | Updates: 26,875 | Time: 5.33s
Epoch 44/80 | Train Loss: 0.5877 | Train Acc: 80.45% | Val Loss: 0.6380 | Val Acc: 78.18%
             Grad Mean: 4.3471 | Grad Std: 1.0616 | Grad CV: 0.2442
             LR: 0.010000 | Batch: 32 | Updates: 27,500 | Time: 5.35s
Epoch 45/80 | Train Loss: 0.5621 | Train Acc: 81.37% | Val Loss: 0.6417 | Val Acc: 79.00%
             Grad Mean: 4.2866 | Grad Std: 0.9649 | Grad CV: 0.2251
             LR: 0.010000 | Batch: 32 | Updates: 28,125 | Time: 5.38s
Epoch 46/80 | Train Loss: 0.5601 | Train Acc: 81.33% | Val Loss: 0.6547 | Val Acc: 78.46%
             Grad Mean: 4.3267 | Grad Std: 0.9623 | Grad CV: 0.2224
             LR: 0.010000 | Batch: 32 | Updates: 28,750 | Time: 5.35s
Epoch 47/80 | Train Loss: 0.5382 | Train Acc: 82.33% | Val Loss: 0.7706 | Val Acc: 75.12%
             Grad Mean: 4.2844 | Grad Std: 0.9965 | Grad CV: 0.2326
             LR: 0.010000 | Batch: 32 | Updates: 29,375 | Time: 5.29s
Epoch 48/80 | Train Loss: 0.5245 | Train Acc: 82.52% | Val Loss: 0.7156 | Val Acc: 77.44%
             Grad Mean: 4.2827 | Grad Std: 1.0178 | Grad CV: 0.2377
             LR: 0.010000 | Batch: 32 | Updates: 30,000 | Time: 5.29s
Epoch 49/80 | Train Loss: 0.5417 | Train Acc: 82.27% | Val Loss: 0.6851 | Val Acc: 77.64%
             Grad Mean: 4.3653 | Grad Std: 0.9926 | Grad CV: 0.2274
             LR: 0.010000 | Batch: 32 | Updates: 30,625 | Time: 5.27s
Epoch 50/80 | Train Loss: 0.5224 | Train Acc: 82.50% | Val Loss: 0.7583 | Val Acc: 75.20%
             Grad Mean: 4.4018 | Grad Std: 1.1227 | Grad CV: 0.2550
             LR: 0.010000 | Batch: 32 | Updates: 31,250 | Time: 5.46s
Epoch 51/80 | Train Loss: 0.5204 | Train Acc: 82.68% | Val Loss: 0.5809 | Val Acc: 80.84%  <-- best
             Grad Mean: 4.3307 | Grad Std: 1.0616 | Grad CV: 0.2451
             LR: 0.010000 | Batch: 32 | Updates: 31,875 | Time: 5.39s
Epoch 52/80 | Train Loss: 0.5191 | Train Acc: 82.78% | Val Loss: 0.6121 | Val Acc: 79.32%
             Grad Mean: 4.4845 | Grad Std: 1.1125 | Grad CV: 0.2481
             LR: 0.010000 | Batch: 32 | Updates: 32,500 | Time: 5.38s
Epoch 53/80 | Train Loss: 0.4967 | Train Acc: 83.35% | Val Loss: 0.5641 | Val Acc: 81.06%  <-- best
             Grad Mean: 4.3427 | Grad Std: 1.0100 | Grad CV: 0.2326
             LR: 0.010000 | Batch: 32 | Updates: 33,125 | Time: 5.32s
Epoch 54/80 | Train Loss: 0.5044 | Train Acc: 83.07% | Val Loss: 0.6726 | Val Acc: 78.18%
             Grad Mean: 4.3809 | Grad Std: 1.1248 | Grad CV: 0.2567
             LR: 0.010000 | Batch: 32 | Updates: 33,750 | Time: 5.37s
Epoch 55/80 | Train Loss: 0.4990 | Train Acc: 83.43% | Val Loss: 0.6286 | Val Acc: 80.20%
             Grad Mean: 4.4266 | Grad Std: 1.1209 | Grad CV: 0.2532
             LR: 0.010000 | Batch: 32 | Updates: 34,375 | Time: 5.24s
Epoch 56/80 | Train Loss: 0.4839 | Train Acc: 83.61% | Val Loss: 0.5668 | Val Acc: 81.00%
             Grad Mean: 4.4087 | Grad Std: 1.1121 | Grad CV: 0.2523
             LR: 0.010000 | Batch: 32 | Updates: 35,000 | Time: 5.38s
Epoch 57/80 | Train Loss: 0.4953 | Train Acc: 83.24% | Val Loss: 0.6291 | Val Acc: 80.06%
             Grad Mean: 4.5328 | Grad Std: 1.1945 | Grad CV: 0.2635
             LR: 0.010000 | Batch: 32 | Updates: 35,625 | Time: 5.22s
Epoch 58/80 | Train Loss: 0.4853 | Train Acc: 83.76% | Val Loss: 0.6190 | Val Acc: 79.64%
             Grad Mean: 4.3947 | Grad Std: 1.0612 | Grad CV: 0.2415
             LR: 0.010000 | Batch: 32 | Updates: 36,250 | Time: 5.23s
Epoch 59/80 | Train Loss: 0.4653 | Train Acc: 84.40% | Val Loss: 0.6325 | Val Acc: 79.96%
             Grad Mean: 4.3811 | Grad Std: 1.1222 | Grad CV: 0.2562
             LR: 0.010000 | Batch: 32 | Updates: 36,875 | Time: 5.30s
Epoch 60/80 | Train Loss: 0.4686 | Train Acc: 84.26% | Val Loss: 0.5306 | Val Acc: 82.28%  <-- best
             Grad Mean: 4.4349 | Grad Std: 1.1120 | Grad CV: 0.2507
             LR: 0.010000 | Batch: 32 | Updates: 37,500 | Time: 5.34s
Epoch 61/80 | Train Loss: 0.4656 | Train Acc: 84.47% | Val Loss: 0.5647 | Val Acc: 81.24%
             Grad Mean: 4.5662 | Grad Std: 1.1936 | Grad CV: 0.2614
             LR: 0.010000 | Batch: 32 | Updates: 38,125 | Time: 5.40s
Epoch 62/80 | Train Loss: 0.4658 | Train Acc: 84.48% | Val Loss: 0.6660 | Val Acc: 78.42%
             Grad Mean: 4.5583 | Grad Std: 1.1429 | Grad CV: 0.2507
             LR: 0.010000 | Batch: 32 | Updates: 38,750 | Time: 5.27s
Epoch 63/80 | Train Loss: 0.4528 | Train Acc: 85.05% | Val Loss: 0.7318 | Val Acc: 76.54%
             Grad Mean: 4.3844 | Grad Std: 1.0854 | Grad CV: 0.2476
             LR: 0.010000 | Batch: 32 | Updates: 39,375 | Time: 5.24s
Epoch 64/80 | Train Loss: 0.4532 | Train Acc: 84.64% | Val Loss: 0.5770 | Val Acc: 81.60%
             Grad Mean: 4.5363 | Grad Std: 1.1812 | Grad CV: 0.2604
             LR: 0.010000 | Batch: 32 | Updates: 40,000 | Time: 5.34s
Epoch 65/80 | Train Loss: 0.4581 | Train Acc: 84.88% | Val Loss: 0.5497 | Val Acc: 81.82%
             Grad Mean: 4.4587 | Grad Std: 1.2229 | Grad CV: 0.2743
             LR: 0.010000 | Batch: 32 | Updates: 40,625 | Time: 5.34s
Epoch 66/80 | Train Loss: 0.4520 | Train Acc: 85.07% | Val Loss: 0.5810 | Val Acc: 80.64%
             Grad Mean: 4.4994 | Grad Std: 1.1049 | Grad CV: 0.2456
             LR: 0.010000 | Batch: 32 | Updates: 41,250 | Time: 5.30s
Epoch 67/80 | Train Loss: 0.4440 | Train Acc: 85.14% | Val Loss: 0.5813 | Val Acc: 81.50%
             Grad Mean: 4.4894 | Grad Std: 1.2530 | Grad CV: 0.2791
             LR: 0.010000 | Batch: 32 | Updates: 41,875 | Time: 5.44s
Epoch 68/80 | Train Loss: 0.4364 | Train Acc: 85.56% | Val Loss: 0.6642 | Val Acc: 78.22%
             Grad Mean: 4.5673 | Grad Std: 1.1035 | Grad CV: 0.2416
             LR: 0.010000 | Batch: 32 | Updates: 42,500 | Time: 5.26s
Epoch 69/80 | Train Loss: 0.4389 | Train Acc: 85.22% | Val Loss: 0.5867 | Val Acc: 80.06%
             Grad Mean: 4.4652 | Grad Std: 1.1290 | Grad CV: 0.2528
             LR: 0.010000 | Batch: 32 | Updates: 43,125 | Time: 5.30s
Epoch 70/80 | Train Loss: 0.4317 | Train Acc: 85.47% | Val Loss: 0.6074 | Val Acc: 80.74%
             Grad Mean: 4.5338 | Grad Std: 1.1716 | Grad CV: 0.2584
             LR: 0.010000 | Batch: 32 | Updates: 43,750 | Time: 5.28s
Epoch 71/80 | Train Loss: 0.4169 | Train Acc: 86.23% | Val Loss: 0.5535 | Val Acc: 82.26%
             Grad Mean: 4.4405 | Grad Std: 1.1213 | Grad CV: 0.2525
             LR: 0.010000 | Batch: 32 | Updates: 44,375 | Time: 5.34s
Epoch 72/80 | Train Loss: 0.4193 | Train Acc: 86.12% | Val Loss: 0.6820 | Val Acc: 78.04%
             Grad Mean: 4.5630 | Grad Std: 1.2468 | Grad CV: 0.2732
             LR: 0.010000 | Batch: 32 | Updates: 45,000 | Time: 5.45s
Epoch 73/80 | Train Loss: 0.4218 | Train Acc: 86.18% | Val Loss: 0.8077 | Val Acc: 74.72%
             Grad Mean: 4.4858 | Grad Std: 1.2091 | Grad CV: 0.2695
             LR: 0.010000 | Batch: 32 | Updates: 45,625 | Time: 5.43s
Epoch 74/80 | Train Loss: 0.4212 | Train Acc: 86.03% | Val Loss: 0.5240 | Val Acc: 82.88%  <-- best
             Grad Mean: 4.5627 | Grad Std: 1.1603 | Grad CV: 0.2543
             LR: 0.010000 | Batch: 32 | Updates: 46,250 | Time: 5.32s
Epoch 75/80 | Train Loss: 0.4146 | Train Acc: 86.26% | Val Loss: 0.5826 | Val Acc: 81.58%
             Grad Mean: 4.4940 | Grad Std: 1.1446 | Grad CV: 0.2547
             LR: 0.010000 | Batch: 32 | Updates: 46,875 | Time: 5.31s
Epoch 76/80 | Train Loss: 0.4087 | Train Acc: 86.30% | Val Loss: 0.5356 | Val Acc: 81.80%
             Grad Mean: 4.5452 | Grad Std: 1.2371 | Grad CV: 0.2722
             LR: 0.010000 | Batch: 32 | Updates: 47,500 | Time: 5.34s
Epoch 77/80 | Train Loss: 0.4157 | Train Acc: 86.28% | Val Loss: 0.5308 | Val Acc: 83.58%
             Grad Mean: 4.5710 | Grad Std: 1.2157 | Grad CV: 0.2659
             LR: 0.010000 | Batch: 32 | Updates: 48,125 | Time: 5.34s
Epoch 78/80 | Train Loss: 0.4052 | Train Acc: 86.55% | Val Loss: 0.5612 | Val Acc: 81.98%
             Grad Mean: 4.5647 | Grad Std: 1.2320 | Grad CV: 0.2699
             LR: 0.010000 | Batch: 32 | Updates: 48,750 | Time: 5.44s
Epoch 79/80 | Train Loss: 0.4165 | Train Acc: 86.14% | Val Loss: 0.5561 | Val Acc: 82.12%
             Grad Mean: 4.6446 | Grad Std: 1.2529 | Grad CV: 0.2698
             LR: 0.010000 | Batch: 32 | Updates: 49,375 | Time: 5.41s
Epoch 80/80 | Train Loss: 0.4127 | Train Acc: 86.44% | Val Loss: 0.5983 | Val Acc: 81.34%
             Grad Mean: 4.5485 | Grad Std: 1.2132 | Grad CV: 0.2667
             LR: 0.010000 | Batch: 32 | Updates: 50,000 | Time: 5.32s
==============================================================================
Training complete
Epochs completed: 80
Best checkpoint epoch: 74
Best validation loss: 0.5240
Total optimizer updates: 50,000
Total training time: 432.76 seconds
Results saved to: /home/ams098z/Courses/CSCE5218/MidetermProj/adaptive-batch-lr-cifar10/results/unified_experiments/20261008T222534_830127Z/runs/E1/deeper_cnn_wide_fixed_fixed_batch32_lr0.01_seed42/20261008T222537_057389Z/deeper_cnn_wide_fixed_fixed_batch32_lr0.01_seed42.csv
Metadata saved to: /home/ams098z/Courses/CSCE5218/MidetermProj/adaptive-batch-lr-cifar10/results/unified_experiments/20261008T222534_830127Z/runs/E1/deeper_cnn_wide_fixed_fixed_batch32_lr0.01_seed42/20261008T222537_057389Z/deeper_cnn_wide_fixed_fixed_batch32_lr0.01_seed42_metadata.json
==============================================================================
Evaluated checkpoint: epoch 74
Validation accuracy: 82.88%
Validation macro F1: 0.8293
Evaluation results saved to: /home/ams098z/Courses/CSCE5218/MidetermProj/adaptive-batch-lr-cifar10/results/unified_experiments/20261008T222534_830127Z/runs/E1/deeper_cnn_wide_fixed_fixed_batch32_lr0.01_seed42/20261008T222537_057389Z
