Results directory: /home/ams098z/Courses/CSCE5218/MidetermProj/adaptive-batch-lr-cifar10/results/unified_experiments/20261008T222534_830127Z/runs/E2/deeper_cnn_wide_adaptive_batch_fixed_lr0.01_seed42_pilot80/20261008T223256_010694Z

##############################################################################
Experiment: deeper_cnn_wide_adaptive_batch_fixed_lr0.01_seed42_pilot80
##############################################################################
Dataset:             CIFAR-10; classes: 10
Device:              NVIDIA GeForce RTX 5070 Ti Laptop GPU
Training samples:    20,000
Validation samples:  5,000
Epochs:              80
Initial batch size:  32
Allowed batches:     [32, 64, 128, 256]
Fixed learning rate: 0.01
CV window:           3
Stability threshold: 0.25
Plateau patience:    3
Minimum delta:       0.01
Cooldown epochs:     2
Pilot run:           True

Starting adaptive batch training
==============================================================================
Epoch 01/80 | Train Loss: 2.2274 | Train Acc: 15.95% | Val Loss: 2.0347 | Val Acc: 21.80%  <-- best
             Grad Mean: 1.8811 | Grad Std: 1.1513 | Grad CV: 0.6120
             LR: 0.010000 | Batch: 32 | Updates: 625 | Time: 5.92s
             Batch Controller | Stability: N/A | Plateau: False | Next Batch: 32 | Reason: insufficient_gradient_history
Epoch 02/80 | Train Loss: 1.9854 | Train Acc: 24.66% | Val Loss: 1.8950 | Val Acc: 27.42%  <-- best
             Grad Mean: 2.1164 | Grad Std: 0.7723 | Grad CV: 0.3649
             LR: 0.010000 | Batch: 32 | Updates: 1,250 | Time: 5.29s
             Batch Controller | Stability: N/A | Plateau: False | Next Batch: 32 | Reason: insufficient_gradient_history
Epoch 03/80 | Train Loss: 1.8781 | Train Acc: 28.91% | Val Loss: 1.8105 | Val Acc: 31.86%  <-- best
             Grad Mean: 2.3758 | Grad Std: 0.7848 | Grad CV: 0.3303
             LR: 0.010000 | Batch: 32 | Updates: 1,875 | Time: 5.43s
             Batch Controller | Stability: 0.4358 | Plateau: False | Next Batch: 32 | Reason: validation_improving
Epoch 04/80 | Train Loss: 1.7844 | Train Acc: 32.33% | Val Loss: 1.7137 | Val Acc: 33.98%  <-- best
             Grad Mean: 2.6202 | Grad Std: 0.7803 | Grad CV: 0.2978
             LR: 0.010000 | Batch: 32 | Updates: 2,500 | Time: 5.29s
             Batch Controller | Stability: 0.3310 | Plateau: False | Next Batch: 32 | Reason: validation_improving
Epoch 05/80 | Train Loss: 1.7281 | Train Acc: 34.93% | Val Loss: 1.6681 | Val Acc: 37.48%  <-- best
             Grad Mean: 2.5598 | Grad Std: 0.7305 | Grad CV: 0.2854
             LR: 0.010000 | Batch: 32 | Updates: 3,125 | Time: 5.38s
             Batch Controller | Stability: 0.3045 | Plateau: False | Next Batch: 32 | Reason: validation_improving
Epoch 06/80 | Train Loss: 1.6509 | Train Acc: 38.38% | Val Loss: 1.6096 | Val Acc: 39.64%  <-- best
             Grad Mean: 2.6815 | Grad Std: 0.7178 | Grad CV: 0.2677
             LR: 0.010000 | Batch: 32 | Updates: 3,750 | Time: 5.36s
             Batch Controller | Stability: 0.2836 | Plateau: False | Next Batch: 32 | Reason: validation_improving
Epoch 07/80 | Train Loss: 1.5954 | Train Acc: 40.65% | Val Loss: 1.6466 | Val Acc: 40.56%
             Grad Mean: 2.8086 | Grad Std: 0.7785 | Grad CV: 0.2772
             LR: 0.010000 | Batch: 32 | Updates: 4,375 | Time: 5.35s
             Batch Controller | Stability: 0.2768 | Plateau: False | Next Batch: 32 | Reason: validation_improving
Epoch 08/80 | Train Loss: 1.5365 | Train Acc: 43.17% | Val Loss: 1.5503 | Val Acc: 41.62%  <-- best
             Grad Mean: 2.8298 | Grad Std: 0.6876 | Grad CV: 0.2430
             LR: 0.010000 | Batch: 32 | Updates: 5,000 | Time: 5.48s
             Batch Controller | Stability: 0.2626 | Plateau: False | Next Batch: 32 | Reason: validation_improving
Epoch 09/80 | Train Loss: 1.4960 | Train Acc: 45.09% | Val Loss: 1.4679 | Val Acc: 45.74%  <-- best
             Grad Mean: 2.9460 | Grad Std: 0.7417 | Grad CV: 0.2518
             LR: 0.010000 | Batch: 32 | Updates: 5,625 | Time: 5.33s
             Batch Controller | Stability: 0.2573 | Plateau: False | Next Batch: 32 | Reason: validation_improving
Epoch 10/80 | Train Loss: 1.4420 | Train Acc: 47.12% | Val Loss: 1.4918 | Val Acc: 45.40%
             Grad Mean: 3.0727 | Grad Std: 0.7710 | Grad CV: 0.2509
             LR: 0.010000 | Batch: 32 | Updates: 6,250 | Time: 5.33s
             Batch Controller | Stability: 0.2486 | Plateau: False | Next Batch: 32 | Reason: validation_improving
Epoch 11/80 | Train Loss: 1.3930 | Train Acc: 49.10% | Val Loss: 1.4171 | Val Acc: 48.84%  <-- best
             Grad Mean: 3.2344 | Grad Std: 0.7888 | Grad CV: 0.2439
             LR: 0.010000 | Batch: 32 | Updates: 6,875 | Time: 5.34s
             Batch Controller | Stability: 0.2488 | Plateau: False | Next Batch: 32 | Reason: validation_improving
Epoch 12/80 | Train Loss: 1.3480 | Train Acc: 51.34% | Val Loss: 1.3382 | Val Acc: 51.08%  <-- best
             Grad Mean: 3.3064 | Grad Std: 0.8609 | Grad CV: 0.2604
             LR: 0.010000 | Batch: 32 | Updates: 7,500 | Time: 5.33s
             Batch Controller | Stability: 0.2517 | Plateau: False | Next Batch: 32 | Reason: validation_improving
Epoch 13/80 | Train Loss: 1.3024 | Train Acc: 53.13% | Val Loss: 1.3627 | Val Acc: 50.52%
             Grad Mean: 3.4127 | Grad Std: 0.8837 | Grad CV: 0.2589
             LR: 0.010000 | Batch: 32 | Updates: 8,125 | Time: 5.31s
             Batch Controller | Stability: 0.2544 | Plateau: False | Next Batch: 32 | Reason: validation_improving
Epoch 14/80 | Train Loss: 1.2541 | Train Acc: 55.43% | Val Loss: 1.2135 | Val Acc: 57.16%  <-- best
             Grad Mean: 3.4464 | Grad Std: 0.8122 | Grad CV: 0.2357
             LR: 0.010000 | Batch: 32 | Updates: 8,750 | Time: 5.46s
             Batch Controller | Stability: 0.2517 | Plateau: False | Next Batch: 32 | Reason: validation_improving
Epoch 15/80 | Train Loss: 1.2148 | Train Acc: 56.62% | Val Loss: 1.2206 | Val Acc: 56.60%
             Grad Mean: 3.5489 | Grad Std: 0.8640 | Grad CV: 0.2434
             LR: 0.010000 | Batch: 32 | Updates: 9,375 | Time: 5.35s
             Batch Controller | Stability: 0.2460 | Plateau: False | Next Batch: 32 | Reason: validation_improving
Epoch 16/80 | Train Loss: 1.1949 | Train Acc: 57.31% | Val Loss: 1.2394 | Val Acc: 56.00%
             Grad Mean: 3.5414 | Grad Std: 0.9071 | Grad CV: 0.2561
             LR: 0.010000 | Batch: 32 | Updates: 10,000 | Time: 5.32s
             Batch Controller | Stability: 0.2451 | Plateau: False | Next Batch: 32 | Reason: validation_improving
Epoch 17/80 | Train Loss: 1.1615 | Train Acc: 58.83% | Val Loss: 1.1614 | Val Acc: 58.04%  <-- best
             Grad Mean: 3.5638 | Grad Std: 0.8106 | Grad CV: 0.2274
             LR: 0.010000 | Batch: 32 | Updates: 10,625 | Time: 5.30s
             Batch Controller | Stability: 0.2423 | Plateau: False | Next Batch: 32 | Reason: validation_improving
Epoch 18/80 | Train Loss: 1.1147 | Train Acc: 60.27% | Val Loss: 1.1056 | Val Acc: 60.76%  <-- best
             Grad Mean: 3.6394 | Grad Std: 0.8328 | Grad CV: 0.2288
             LR: 0.010000 | Batch: 32 | Updates: 11,250 | Time: 5.38s
             Batch Controller | Stability: 0.2375 | Plateau: False | Next Batch: 32 | Reason: validation_improving
Epoch 19/80 | Train Loss: 1.0796 | Train Acc: 61.59% | Val Loss: 1.2794 | Val Acc: 57.46%
             Grad Mean: 3.6897 | Grad Std: 0.8485 | Grad CV: 0.2300
             LR: 0.010000 | Batch: 32 | Updates: 11,875 | Time: 5.48s
             Batch Controller | Stability: 0.2287 | Plateau: False | Next Batch: 32 | Reason: validation_improving
Epoch 20/80 | Train Loss: 1.0478 | Train Acc: 63.21% | Val Loss: 1.0868 | Val Acc: 60.68%  <-- best
             Grad Mean: 3.7444 | Grad Std: 0.8924 | Grad CV: 0.2383
             LR: 0.010000 | Batch: 32 | Updates: 12,500 | Time: 5.36s
             Batch Controller | Stability: 0.2324 | Plateau: False | Next Batch: 32 | Reason: validation_improving
Epoch 21/80 | Train Loss: 1.0226 | Train Acc: 63.61% | Val Loss: 1.0959 | Val Acc: 61.72%
             Grad Mean: 3.7747 | Grad Std: 0.8441 | Grad CV: 0.2236
             LR: 0.010000 | Batch: 32 | Updates: 13,125 | Time: 5.31s
             Batch Controller | Stability: 0.2306 | Plateau: False | Next Batch: 32 | Reason: validation_improving
Epoch 22/80 | Train Loss: 1.0015 | Train Acc: 64.70% | Val Loss: 1.1214 | Val Acc: 61.78%
             Grad Mean: 3.8146 | Grad Std: 0.8876 | Grad CV: 0.2327
             LR: 0.010000 | Batch: 32 | Updates: 13,750 | Time: 5.30s
             Batch Controller | Stability: 0.2315 | Plateau: False | Next Batch: 32 | Reason: validation_improving
Epoch 23/80 | Train Loss: 0.9629 | Train Acc: 66.39% | Val Loss: 1.0012 | Val Acc: 64.86%  <-- best
             Grad Mean: 3.7968 | Grad Std: 0.9036 | Grad CV: 0.2380
             LR: 0.010000 | Batch: 32 | Updates: 14,375 | Time: 5.37s
             Batch Controller | Stability: 0.2314 | Plateau: False | Next Batch: 32 | Reason: validation_improving
Epoch 24/80 | Train Loss: 0.9237 | Train Acc: 68.02% | Val Loss: 1.0740 | Val Acc: 62.28%
             Grad Mean: 3.9145 | Grad Std: 0.8894 | Grad CV: 0.2272
             LR: 0.010000 | Batch: 32 | Updates: 15,000 | Time: 5.32s
             Batch Controller | Stability: 0.2326 | Plateau: False | Next Batch: 32 | Reason: validation_improving
Epoch 25/80 | Train Loss: 0.9162 | Train Acc: 68.34% | Val Loss: 0.8831 | Val Acc: 70.42%  <-- best
             Grad Mean: 3.9591 | Grad Std: 0.8979 | Grad CV: 0.2268
             LR: 0.010000 | Batch: 32 | Updates: 15,625 | Time: 5.48s
             Batch Controller | Stability: 0.2307 | Plateau: False | Next Batch: 32 | Reason: validation_improving
Epoch 26/80 | Train Loss: 0.8879 | Train Acc: 69.44% | Val Loss: 0.8859 | Val Acc: 70.08%
             Grad Mean: 3.9797 | Grad Std: 0.9046 | Grad CV: 0.2273
             LR: 0.010000 | Batch: 32 | Updates: 16,250 | Time: 5.35s
             Batch Controller | Stability: 0.2271 | Plateau: False | Next Batch: 32 | Reason: validation_improving
Epoch 27/80 | Train Loss: 0.8656 | Train Acc: 70.22% | Val Loss: 0.8521 | Val Acc: 71.08%  <-- best
             Grad Mean: 4.0242 | Grad Std: 0.9495 | Grad CV: 0.2359
             LR: 0.010000 | Batch: 32 | Updates: 16,875 | Time: 5.33s
             Batch Controller | Stability: 0.2300 | Plateau: False | Next Batch: 32 | Reason: validation_improving
Epoch 28/80 | Train Loss: 0.8470 | Train Acc: 71.00% | Val Loss: 0.8849 | Val Acc: 70.80%
             Grad Mean: 4.0854 | Grad Std: 0.9465 | Grad CV: 0.2317
             LR: 0.010000 | Batch: 32 | Updates: 17,500 | Time: 5.34s
             Batch Controller | Stability: 0.2316 | Plateau: False | Next Batch: 32 | Reason: validation_improving
Epoch 29/80 | Train Loss: 0.8047 | Train Acc: 72.46% | Val Loss: 0.7880 | Val Acc: 74.30%  <-- best
             Grad Mean: 4.0528 | Grad Std: 0.8997 | Grad CV: 0.2220
             LR: 0.010000 | Batch: 32 | Updates: 18,125 | Time: 5.39s
             Batch Controller | Stability: 0.2299 | Plateau: False | Next Batch: 32 | Reason: validation_improving
Epoch 30/80 | Train Loss: 0.7981 | Train Acc: 72.81% | Val Loss: 0.8956 | Val Acc: 69.22%
             Grad Mean: 4.1034 | Grad Std: 0.9698 | Grad CV: 0.2363
             LR: 0.010000 | Batch: 32 | Updates: 18,750 | Time: 5.30s
             Batch Controller | Stability: 0.2300 | Plateau: False | Next Batch: 32 | Reason: validation_improving
Epoch 31/80 | Train Loss: 0.7693 | Train Acc: 73.81% | Val Loss: 0.7571 | Val Acc: 74.94%  <-- best
             Grad Mean: 4.1109 | Grad Std: 0.9028 | Grad CV: 0.2196
             LR: 0.010000 | Batch: 32 | Updates: 19,375 | Time: 5.41s
             Batch Controller | Stability: 0.2260 | Plateau: False | Next Batch: 32 | Reason: validation_improving
Epoch 32/80 | Train Loss: 0.7468 | Train Acc: 74.86% | Val Loss: 0.8563 | Val Acc: 71.54%
             Grad Mean: 4.1324 | Grad Std: 1.0083 | Grad CV: 0.2440
             LR: 0.010000 | Batch: 32 | Updates: 20,000 | Time: 5.35s
             Batch Controller | Stability: 0.2333 | Plateau: False | Next Batch: 32 | Reason: validation_improving
Epoch 33/80 | Train Loss: 0.7234 | Train Acc: 75.34% | Val Loss: 0.7815 | Val Acc: 74.16%
             Grad Mean: 4.1951 | Grad Std: 0.9192 | Grad CV: 0.2191
             LR: 0.010000 | Batch: 32 | Updates: 20,625 | Time: 5.36s
             Batch Controller | Stability: 0.2276 | Plateau: False | Next Batch: 32 | Reason: validation_improving
Epoch 34/80 | Train Loss: 0.7065 | Train Acc: 76.06% | Val Loss: 0.7345 | Val Acc: 74.92%  <-- best
             Grad Mean: 4.1732 | Grad Std: 0.9417 | Grad CV: 0.2256
             LR: 0.010000 | Batch: 32 | Updates: 21,250 | Time: 5.35s
             Batch Controller | Stability: 0.2296 | Plateau: False | Next Batch: 32 | Reason: validation_improving
Epoch 35/80 | Train Loss: 0.6807 | Train Acc: 77.18% | Val Loss: 0.7632 | Val Acc: 74.10%
             Grad Mean: 4.1239 | Grad Std: 0.9306 | Grad CV: 0.2257
             LR: 0.010000 | Batch: 32 | Updates: 21,875 | Time: 5.28s
             Batch Controller | Stability: 0.2235 | Plateau: False | Next Batch: 32 | Reason: validation_improving
Epoch 36/80 | Train Loss: 0.6908 | Train Acc: 76.75% | Val Loss: 0.7263 | Val Acc: 75.72%  <-- best
             Grad Mean: 4.2145 | Grad Std: 0.9917 | Grad CV: 0.2353
             LR: 0.010000 | Batch: 32 | Updates: 22,500 | Time: 5.46s
             Batch Controller | Stability: 0.2289 | Plateau: False | Next Batch: 32 | Reason: validation_improving
Epoch 37/80 | Train Loss: 0.6540 | Train Acc: 77.97% | Val Loss: 0.8308 | Val Acc: 72.94%
             Grad Mean: 4.2036 | Grad Std: 0.9597 | Grad CV: 0.2283
             LR: 0.010000 | Batch: 32 | Updates: 23,125 | Time: 5.30s
             Batch Controller | Stability: 0.2298 | Plateau: True | Next Batch: 64 | Reason: plateau_and_stable
Epoch 38/80 | Train Loss: 0.5138 | Train Acc: 82.91% | Val Loss: 0.6647 | Val Acc: 78.08%  <-- best
             Grad Mean: 2.9978 | Grad Std: 0.5926 | Grad CV: 0.1977
             LR: 0.010000 | Batch: 64 | Updates: 23,438 | Time: 5.21s
             Batch Controller | Stability: 0.2204 | Plateau: False | Next Batch: 64 | Reason: cooldown
Epoch 39/80 | Train Loss: 0.4838 | Train Acc: 83.47% | Val Loss: 0.6257 | Val Acc: 79.08%  <-- best
             Grad Mean: 3.1658 | Grad Std: 0.6396 | Grad CV: 0.2020
             LR: 0.010000 | Batch: 64 | Updates: 23,751 | Time: 5.07s
             Batch Controller | Stability: 0.2093 | Plateau: False | Next Batch: 64 | Reason: cooldown
Epoch 40/80 | Train Loss: 0.4751 | Train Acc: 83.97% | Val Loss: 0.6264 | Val Acc: 79.36%
             Grad Mean: 3.3692 | Grad Std: 0.6235 | Grad CV: 0.1851
             LR: 0.010000 | Batch: 64 | Updates: 24,064 | Time: 5.20s
             Batch Controller | Stability: 0.1949 | Plateau: False | Next Batch: 64 | Reason: validation_improving
Epoch 41/80 | Train Loss: 0.4732 | Train Acc: 84.20% | Val Loss: 0.5883 | Val Acc: 80.28%  <-- best
             Grad Mean: 3.4753 | Grad Std: 0.6984 | Grad CV: 0.2010
             LR: 0.010000 | Batch: 64 | Updates: 24,377 | Time: 5.12s
             Batch Controller | Stability: 0.1960 | Plateau: False | Next Batch: 64 | Reason: validation_improving
Epoch 42/80 | Train Loss: 0.4628 | Train Acc: 84.52% | Val Loss: 0.5938 | Val Acc: 80.34%
             Grad Mean: 3.6175 | Grad Std: 0.7441 | Grad CV: 0.2057
             LR: 0.010000 | Batch: 64 | Updates: 24,690 | Time: 5.26s
             Batch Controller | Stability: 0.1972 | Plateau: False | Next Batch: 64 | Reason: validation_improving
Epoch 43/80 | Train Loss: 0.4571 | Train Acc: 84.61% | Val Loss: 0.5797 | Val Acc: 80.72%  <-- best
             Grad Mean: 3.6174 | Grad Std: 0.7431 | Grad CV: 0.2054
             LR: 0.010000 | Batch: 64 | Updates: 25,003 | Time: 5.03s
             Batch Controller | Stability: 0.2040 | Plateau: False | Next Batch: 64 | Reason: validation_improving
Epoch 44/80 | Train Loss: 0.4487 | Train Acc: 85.08% | Val Loss: 0.6461 | Val Acc: 78.72%
             Grad Mean: 3.7109 | Grad Std: 0.7674 | Grad CV: 0.2068
             LR: 0.010000 | Batch: 64 | Updates: 25,316 | Time: 5.13s
             Batch Controller | Stability: 0.2060 | Plateau: True | Next Batch: 128 | Reason: plateau_and_stable
Epoch 45/80 | Train Loss: 0.3416 | Train Acc: 88.66% | Val Loss: 0.5280 | Val Acc: 83.10%  <-- best
             Grad Mean: 2.4828 | Grad Std: 0.4778 | Grad CV: 0.1924
             LR: 0.010000 | Batch: 128 | Updates: 25,473 | Time: 4.51s
             Batch Controller | Stability: 0.2015 | Plateau: False | Next Batch: 128 | Reason: cooldown
Epoch 46/80 | Train Loss: 0.3126 | Train Acc: 89.56% | Val Loss: 0.5260 | Val Acc: 82.82%  <-- best
             Grad Mean: 2.5901 | Grad Std: 0.4372 | Grad CV: 0.1688
             LR: 0.010000 | Batch: 128 | Updates: 25,630 | Time: 4.51s
             Batch Controller | Stability: 0.1893 | Plateau: False | Next Batch: 128 | Reason: cooldown
Epoch 47/80 | Train Loss: 0.3057 | Train Acc: 89.66% | Val Loss: 0.4862 | Val Acc: 83.94%  <-- best
             Grad Mean: 2.7745 | Grad Std: 0.6255 | Grad CV: 0.2255
             LR: 0.010000 | Batch: 128 | Updates: 25,787 | Time: 4.45s
             Batch Controller | Stability: 0.1956 | Plateau: False | Next Batch: 128 | Reason: validation_improving
Epoch 48/80 | Train Loss: 0.2912 | Train Acc: 90.39% | Val Loss: 0.5244 | Val Acc: 83.40%
             Grad Mean: 2.7723 | Grad Std: 0.4977 | Grad CV: 0.1795
             LR: 0.010000 | Batch: 128 | Updates: 25,944 | Time: 4.54s
             Batch Controller | Stability: 0.1913 | Plateau: False | Next Batch: 128 | Reason: validation_improving
Epoch 49/80 | Train Loss: 0.2966 | Train Acc: 90.07% | Val Loss: 0.5628 | Val Acc: 81.94%
             Grad Mean: 3.0894 | Grad Std: 0.5251 | Grad CV: 0.1700
             LR: 0.010000 | Batch: 128 | Updates: 26,101 | Time: 4.44s
             Batch Controller | Stability: 0.1917 | Plateau: False | Next Batch: 128 | Reason: validation_improving
Epoch 50/80 | Train Loss: 0.2800 | Train Acc: 90.55% | Val Loss: 0.6440 | Val Acc: 80.12%
             Grad Mean: 3.0269 | Grad Std: 0.5432 | Grad CV: 0.1794
             LR: 0.010000 | Batch: 128 | Updates: 26,258 | Time: 4.45s
             Batch Controller | Stability: 0.1763 | Plateau: True | Next Batch: 256 | Reason: plateau_and_stable
Epoch 51/80 | Train Loss: 0.2202 | Train Acc: 92.64% | Val Loss: 0.4718 | Val Acc: 85.02%  <-- best
             Grad Mean: 1.9846 | Grad Std: 0.3347 | Grad CV: 0.1687
             LR: 0.010000 | Batch: 256 | Updates: 26,337 | Time: 4.53s
             Batch Controller | Stability: 0.1727 | Plateau: False | Next Batch: 256 | Reason: maximum_batch_size
Epoch 52/80 | Train Loss: 0.1862 | Train Acc: 94.02% | Val Loss: 0.5301 | Val Acc: 83.64%
             Grad Mean: 2.0592 | Grad Std: 0.5574 | Grad CV: 0.2707
             LR: 0.010000 | Batch: 256 | Updates: 26,416 | Time: 4.59s
             Batch Controller | Stability: 0.2063 | Plateau: False | Next Batch: 256 | Reason: maximum_batch_size
Epoch 53/80 | Train Loss: 0.1859 | Train Acc: 93.71% | Val Loss: 0.5100 | Val Acc: 84.74%
             Grad Mean: 2.1387 | Grad Std: 0.4383 | Grad CV: 0.2050
             LR: 0.010000 | Batch: 256 | Updates: 26,495 | Time: 4.56s
             Batch Controller | Stability: 0.2148 | Plateau: False | Next Batch: 256 | Reason: maximum_batch_size
Epoch 54/80 | Train Loss: 0.1738 | Train Acc: 94.14% | Val Loss: 0.5121 | Val Acc: 84.72%
             Grad Mean: 2.2349 | Grad Std: 0.3699 | Grad CV: 0.1655
             LR: 0.010000 | Batch: 256 | Updates: 26,574 | Time: 4.49s
             Batch Controller | Stability: 0.2137 | Plateau: True | Next Batch: 256 | Reason: maximum_batch_size
Epoch 55/80 | Train Loss: 0.1695 | Train Acc: 94.38% | Val Loss: 0.5069 | Val Acc: 84.66%
             Grad Mean: 2.3575 | Grad Std: 0.4690 | Grad CV: 0.1989
             LR: 0.010000 | Batch: 256 | Updates: 26,653 | Time: 4.65s
             Batch Controller | Stability: 0.1898 | Plateau: True | Next Batch: 256 | Reason: maximum_batch_size
Epoch 56/80 | Train Loss: 0.1695 | Train Acc: 94.34% | Val Loss: 0.5032 | Val Acc: 85.20%
             Grad Mean: 2.4535 | Grad Std: 0.6924 | Grad CV: 0.2822
             LR: 0.010000 | Batch: 256 | Updates: 26,732 | Time: 4.54s
             Batch Controller | Stability: 0.2155 | Plateau: True | Next Batch: 256 | Reason: maximum_batch_size
Epoch 57/80 | Train Loss: 0.1603 | Train Acc: 94.62% | Val Loss: 0.5530 | Val Acc: 83.86%
             Grad Mean: 2.3372 | Grad Std: 0.3565 | Grad CV: 0.1525
             LR: 0.010000 | Batch: 256 | Updates: 26,811 | Time: 4.54s
             Batch Controller | Stability: 0.2112 | Plateau: True | Next Batch: 256 | Reason: maximum_batch_size
Epoch 58/80 | Train Loss: 0.1579 | Train Acc: 94.67% | Val Loss: 0.5528 | Val Acc: 83.08%
             Grad Mean: 2.5369 | Grad Std: 0.6850 | Grad CV: 0.2700
             LR: 0.010000 | Batch: 256 | Updates: 26,890 | Time: 4.59s
             Batch Controller | Stability: 0.2349 | Plateau: True | Next Batch: 256 | Reason: maximum_batch_size
Epoch 59/80 | Train Loss: 0.1826 | Train Acc: 93.75% | Val Loss: 0.5252 | Val Acc: 83.88%
             Grad Mean: 2.9265 | Grad Std: 0.9103 | Grad CV: 0.3110
             LR: 0.010000 | Batch: 256 | Updates: 26,969 | Time: 4.59s
             Batch Controller | Stability: 0.2445 | Plateau: True | Next Batch: 256 | Reason: maximum_batch_size
Epoch 60/80 | Train Loss: 0.1541 | Train Acc: 94.70% | Val Loss: 0.5431 | Val Acc: 83.98%
             Grad Mean: 2.5670 | Grad Std: 0.8080 | Grad CV: 0.3148
             LR: 0.010000 | Batch: 256 | Updates: 27,048 | Time: 4.56s
             Batch Controller | Stability: 0.2986 | Plateau: True | Next Batch: 256 | Reason: maximum_batch_size
Epoch 61/80 | Train Loss: 0.1637 | Train Acc: 94.56% | Val Loss: 0.5512 | Val Acc: 84.04%
             Grad Mean: 2.7264 | Grad Std: 0.5258 | Grad CV: 0.1929
             LR: 0.010000 | Batch: 256 | Updates: 27,127 | Time: 4.59s
             Batch Controller | Stability: 0.2729 | Plateau: True | Next Batch: 256 | Reason: maximum_batch_size
Epoch 62/80 | Train Loss: 0.1541 | Train Acc: 94.69% | Val Loss: 0.5517 | Val Acc: 83.88%
             Grad Mean: 2.8490 | Grad Std: 0.7148 | Grad CV: 0.2509
             LR: 0.010000 | Batch: 256 | Updates: 27,206 | Time: 4.51s
             Batch Controller | Stability: 0.2528 | Plateau: True | Next Batch: 256 | Reason: maximum_batch_size
Epoch 63/80 | Train Loss: 0.1606 | Train Acc: 94.56% | Val Loss: 0.5853 | Val Acc: 83.44%
             Grad Mean: 2.9158 | Grad Std: 0.5294 | Grad CV: 0.1816
             LR: 0.010000 | Batch: 256 | Updates: 27,285 | Time: 4.47s
             Batch Controller | Stability: 0.2084 | Plateau: True | Next Batch: 256 | Reason: maximum_batch_size
Epoch 64/80 | Train Loss: 0.1419 | Train Acc: 95.14% | Val Loss: 0.5649 | Val Acc: 84.16%
             Grad Mean: 2.7286 | Grad Std: 0.5476 | Grad CV: 0.2007
             LR: 0.010000 | Batch: 256 | Updates: 27,364 | Time: 4.54s
             Batch Controller | Stability: 0.2110 | Plateau: True | Next Batch: 256 | Reason: maximum_batch_size
Epoch 65/80 | Train Loss: 0.1481 | Train Acc: 94.93% | Val Loss: 0.5476 | Val Acc: 84.18%
             Grad Mean: 2.9462 | Grad Std: 1.2204 | Grad CV: 0.4142
             LR: 0.010000 | Batch: 256 | Updates: 27,443 | Time: 4.56s
             Batch Controller | Stability: 0.2655 | Plateau: True | Next Batch: 256 | Reason: maximum_batch_size
Epoch 66/80 | Train Loss: 0.1603 | Train Acc: 94.69% | Val Loss: 0.5420 | Val Acc: 84.40%
             Grad Mean: 2.8373 | Grad Std: 0.4905 | Grad CV: 0.1729
             LR: 0.010000 | Batch: 256 | Updates: 27,522 | Time: 4.49s
             Batch Controller | Stability: 0.2626 | Plateau: True | Next Batch: 256 | Reason: maximum_batch_size
Epoch 67/80 | Train Loss: 0.1341 | Train Acc: 95.49% | Val Loss: 0.5827 | Val Acc: 83.80%
             Grad Mean: 2.6764 | Grad Std: 0.5997 | Grad CV: 0.2241
             LR: 0.010000 | Batch: 256 | Updates: 27,601 | Time: 4.51s
             Batch Controller | Stability: 0.2704 | Plateau: True | Next Batch: 256 | Reason: maximum_batch_size
Epoch 68/80 | Train Loss: 0.1369 | Train Acc: 95.52% | Val Loss: 0.5254 | Val Acc: 85.00%
             Grad Mean: 2.8752 | Grad Std: 0.7993 | Grad CV: 0.2780
             LR: 0.010000 | Batch: 256 | Updates: 27,680 | Time: 4.64s
             Batch Controller | Stability: 0.2250 | Plateau: True | Next Batch: 256 | Reason: maximum_batch_size
Epoch 69/80 | Train Loss: 0.1384 | Train Acc: 95.33% | Val Loss: 0.5324 | Val Acc: 84.84%
             Grad Mean: 2.9472 | Grad Std: 0.8553 | Grad CV: 0.2902
             LR: 0.010000 | Batch: 256 | Updates: 27,759 | Time: 4.49s
             Batch Controller | Stability: 0.2641 | Plateau: True | Next Batch: 256 | Reason: maximum_batch_size
Epoch 70/80 | Train Loss: 0.1399 | Train Acc: 95.30% | Val Loss: 0.5437 | Val Acc: 84.66%
             Grad Mean: 3.0358 | Grad Std: 0.5582 | Grad CV: 0.1839
             LR: 0.010000 | Batch: 256 | Updates: 27,838 | Time: 4.49s
             Batch Controller | Stability: 0.2507 | Plateau: True | Next Batch: 256 | Reason: maximum_batch_size
Epoch 71/80 | Train Loss: 0.1237 | Train Acc: 95.84% | Val Loss: 0.5636 | Val Acc: 84.18%
             Grad Mean: 2.7740 | Grad Std: 0.5653 | Grad CV: 0.2038
             LR: 0.010000 | Batch: 256 | Updates: 27,917 | Time: 4.53s
             Batch Controller | Stability: 0.2260 | Plateau: True | Next Batch: 256 | Reason: maximum_batch_size
Epoch 72/80 | Train Loss: 0.1289 | Train Acc: 95.72% | Val Loss: 0.5341 | Val Acc: 84.74%
             Grad Mean: 2.9200 | Grad Std: 0.7849 | Grad CV: 0.2688
             LR: 0.010000 | Batch: 256 | Updates: 27,996 | Time: 4.59s
             Batch Controller | Stability: 0.2188 | Plateau: True | Next Batch: 256 | Reason: maximum_batch_size
Epoch 73/80 | Train Loss: 0.1356 | Train Acc: 95.41% | Val Loss: 0.5945 | Val Acc: 83.40%
             Grad Mean: 3.1362 | Grad Std: 1.4175 | Grad CV: 0.4520
             LR: 0.010000 | Batch: 256 | Updates: 28,075 | Time: 4.58s
             Batch Controller | Stability: 0.3082 | Plateau: True | Next Batch: 256 | Reason: maximum_batch_size
Epoch 74/80 | Train Loss: 0.1643 | Train Acc: 94.36% | Val Loss: 0.5425 | Val Acc: 84.56%
             Grad Mean: 3.3417 | Grad Std: 0.8517 | Grad CV: 0.2549
             LR: 0.010000 | Batch: 256 | Updates: 28,154 | Time: 4.50s
             Batch Controller | Stability: 0.3252 | Plateau: True | Next Batch: 256 | Reason: maximum_batch_size
Epoch 75/80 | Train Loss: 0.1414 | Train Acc: 95.34% | Val Loss: 0.5674 | Val Acc: 83.94%
             Grad Mean: 3.1220 | Grad Std: 0.6167 | Grad CV: 0.1975
             LR: 0.010000 | Batch: 256 | Updates: 28,233 | Time: 4.56s
             Batch Controller | Stability: 0.3015 | Plateau: True | Next Batch: 256 | Reason: maximum_batch_size
Epoch 76/80 | Train Loss: 0.1254 | Train Acc: 95.70% | Val Loss: 0.5737 | Val Acc: 84.08%
             Grad Mean: 2.9780 | Grad Std: 0.5928 | Grad CV: 0.1990
             LR: 0.010000 | Batch: 256 | Updates: 28,312 | Time: 4.47s
             Batch Controller | Stability: 0.2172 | Plateau: True | Next Batch: 256 | Reason: maximum_batch_size
Epoch 77/80 | Train Loss: 0.1197 | Train Acc: 96.00% | Val Loss: 0.5637 | Val Acc: 84.58%
             Grad Mean: 2.9045 | Grad Std: 0.5442 | Grad CV: 0.1874
             LR: 0.010000 | Batch: 256 | Updates: 28,391 | Time: 4.46s
             Batch Controller | Stability: 0.1946 | Plateau: True | Next Batch: 256 | Reason: maximum_batch_size
Epoch 78/80 | Train Loss: 0.1222 | Train Acc: 95.84% | Val Loss: 0.6738 | Val Acc: 81.88%
             Grad Mean: 3.1640 | Grad Std: 0.9813 | Grad CV: 0.3101
             LR: 0.010000 | Batch: 256 | Updates: 28,470 | Time: 4.48s
             Batch Controller | Stability: 0.2322 | Plateau: True | Next Batch: 256 | Reason: maximum_batch_size
Epoch 79/80 | Train Loss: 0.1296 | Train Acc: 95.45% | Val Loss: 0.5646 | Val Acc: 84.04%
             Grad Mean: 3.0797 | Grad Std: 0.6506 | Grad CV: 0.2112
             LR: 0.010000 | Batch: 256 | Updates: 28,549 | Time: 4.53s
             Batch Controller | Stability: 0.2362 | Plateau: True | Next Batch: 256 | Reason: maximum_batch_size
Epoch 80/80 | Train Loss: 0.1069 | Train Acc: 96.39% | Val Loss: 0.5950 | Val Acc: 84.02%
             Grad Mean: 2.8901 | Grad Std: 0.6753 | Grad CV: 0.2337
             LR: 0.010000 | Batch: 256 | Updates: 28,628 | Time: 4.57s
             Batch Controller | Stability: 0.2517 | Plateau: True | Next Batch: 256 | Reason: maximum_batch_size
==============================================================================
Training complete
Epochs completed: 80
Best checkpoint epoch: 51
Best validation loss: 0.4718
Total optimizer updates: 28,628
Total training time: 398.67 seconds
Final batch size used: 256
Results saved to: /home/ams098z/Courses/CSCE5218/MidetermProj/adaptive-batch-lr-cifar10/results/unified_experiments/20261008T222534_830127Z/runs/E2/deeper_cnn_wide_adaptive_batch_fixed_lr0.01_seed42_pilot80/20261008T223256_010694Z/deeper_cnn_wide_adaptive_batch_fixed_lr0.01_seed42_pilot80.csv
Metadata saved to: /home/ams098z/Courses/CSCE5218/MidetermProj/adaptive-batch-lr-cifar10/results/unified_experiments/20261008T222534_830127Z/runs/E2/deeper_cnn_wide_adaptive_batch_fixed_lr0.01_seed42_pilot80/20261008T223256_010694Z/deeper_cnn_wide_adaptive_batch_fixed_lr0.01_seed42_pilot80_metadata.json
==============================================================================
Evaluated checkpoint: epoch 51
Validation accuracy: 85.02%
Validation macro F1: 0.8511
Evaluation results saved to: /home/ams098z/Courses/CSCE5218/MidetermProj/adaptive-batch-lr-cifar10/results/unified_experiments/20261008T222534_830127Z/runs/E2/deeper_cnn_wide_adaptive_batch_fixed_lr0.01_seed42_pilot80/20261008T223256_010694Z
