Results directory: /home/ams098z/Courses/CSCE5218/MidetermProj/adaptive-batch-lr-cifar10/results/unified_experiments/20261008T222534_830127Z/runs/E3/deeper_cnn_wide_adaptive_lr_batch32_refLR0.01_seed42/20261008T223941_683886Z
Dataset: CIFAR-10; classes: 10
Fixed batch: 32; initial scaled LR: 0.01000000; epochs: 80

Starting adaptive LR training
==============================================================================
Epoch 01/80 | Train Loss: 2.2274 | Train Acc: 15.95% | Val Loss: 2.0347 | Val Acc: 21.80%  <-- best
             Grad Mean: 1.8811 | Grad Std: 1.1513 | Grad CV: 0.6120
             LR: 0.010000 | Batch: 32 | Updates: 625 | Time: 5.67s
             LR Controller | Next LR: 0.010000 | Reason: keep
Epoch 02/80 | Train Loss: 1.9854 | Train Acc: 24.66% | Val Loss: 1.8950 | Val Acc: 27.42%  <-- best
             Grad Mean: 2.1164 | Grad Std: 0.7723 | Grad CV: 0.3649
             LR: 0.010000 | Batch: 32 | Updates: 1,250 | Time: 5.36s
             LR Controller | Next LR: 0.010000 | Reason: keep
Epoch 03/80 | Train Loss: 1.8781 | Train Acc: 28.91% | Val Loss: 1.8105 | Val Acc: 31.86%  <-- best
             Grad Mean: 2.3758 | Grad Std: 0.7848 | Grad CV: 0.3303
             LR: 0.010000 | Batch: 32 | Updates: 1,875 | Time: 5.31s
             LR Controller | Next LR: 0.010000 | Reason: keep
Epoch 04/80 | Train Loss: 1.7844 | Train Acc: 32.33% | Val Loss: 1.7137 | Val Acc: 33.98%  <-- best
             Grad Mean: 2.6202 | Grad Std: 0.7803 | Grad CV: 0.2978
             LR: 0.010000 | Batch: 32 | Updates: 2,500 | Time: 5.46s
             LR Controller | Next LR: 0.010000 | Reason: keep
Epoch 05/80 | Train Loss: 1.7281 | Train Acc: 34.93% | Val Loss: 1.6681 | Val Acc: 37.48%  <-- best
             Grad Mean: 2.5598 | Grad Std: 0.7305 | Grad CV: 0.2854
             LR: 0.010000 | Batch: 32 | Updates: 3,125 | Time: 5.36s
             LR Controller | Next LR: 0.010000 | Reason: keep
Epoch 06/80 | Train Loss: 1.6509 | Train Acc: 38.38% | Val Loss: 1.6096 | Val Acc: 39.64%  <-- best
             Grad Mean: 2.6815 | Grad Std: 0.7178 | Grad CV: 0.2677
             LR: 0.010000 | Batch: 32 | Updates: 3,750 | Time: 5.60s
             LR Controller | Next LR: 0.010000 | Reason: keep
Epoch 07/80 | Train Loss: 1.5954 | Train Acc: 40.65% | Val Loss: 1.6466 | Val Acc: 40.56%
             Grad Mean: 2.8086 | Grad Std: 0.7785 | Grad CV: 0.2772
             LR: 0.010000 | Batch: 32 | Updates: 4,375 | Time: 5.31s
             LR Controller | Next LR: 0.010000 | Reason: keep
Epoch 08/80 | Train Loss: 1.5365 | Train Acc: 43.17% | Val Loss: 1.5503 | Val Acc: 41.62%  <-- best
             Grad Mean: 2.8298 | Grad Std: 0.6876 | Grad CV: 0.2430
             LR: 0.010000 | Batch: 32 | Updates: 5,000 | Time: 5.35s
             LR Controller | Next LR: 0.010000 | Reason: keep
Epoch 09/80 | Train Loss: 1.4960 | Train Acc: 45.09% | Val Loss: 1.4679 | Val Acc: 45.74%  <-- best
             Grad Mean: 2.9460 | Grad Std: 0.7417 | Grad CV: 0.2518
             LR: 0.010000 | Batch: 32 | Updates: 5,625 | Time: 5.41s
             LR Controller | Next LR: 0.010000 | Reason: keep
Epoch 10/80 | Train Loss: 1.4420 | Train Acc: 47.12% | Val Loss: 1.4918 | Val Acc: 45.40%
             Grad Mean: 3.0727 | Grad Std: 0.7710 | Grad CV: 0.2509
             LR: 0.010000 | Batch: 32 | Updates: 6,250 | Time: 5.33s
             LR Controller | Next LR: 0.010000 | Reason: keep
Epoch 11/80 | Train Loss: 1.3930 | Train Acc: 49.10% | Val Loss: 1.4171 | Val Acc: 48.84%  <-- best
             Grad Mean: 3.2344 | Grad Std: 0.7888 | Grad CV: 0.2439
             LR: 0.010000 | Batch: 32 | Updates: 6,875 | Time: 5.49s
             LR Controller | Next LR: 0.010000 | Reason: keep
Epoch 12/80 | Train Loss: 1.3480 | Train Acc: 51.34% | Val Loss: 1.3382 | Val Acc: 51.08%  <-- best
             Grad Mean: 3.3064 | Grad Std: 0.8609 | Grad CV: 0.2604
             LR: 0.010000 | Batch: 32 | Updates: 7,500 | Time: 5.38s
             LR Controller | Next LR: 0.010000 | Reason: keep
Epoch 13/80 | Train Loss: 1.3024 | Train Acc: 53.13% | Val Loss: 1.3627 | Val Acc: 50.52%
             Grad Mean: 3.4127 | Grad Std: 0.8837 | Grad CV: 0.2589
             LR: 0.010000 | Batch: 32 | Updates: 8,125 | Time: 5.40s
             LR Controller | Next LR: 0.010000 | Reason: keep
Epoch 14/80 | Train Loss: 1.2541 | Train Acc: 55.43% | Val Loss: 1.2135 | Val Acc: 57.16%  <-- best
             Grad Mean: 3.4464 | Grad Std: 0.8122 | Grad CV: 0.2357
             LR: 0.010000 | Batch: 32 | Updates: 8,750 | Time: 5.32s
             LR Controller | Next LR: 0.010000 | Reason: keep
Epoch 15/80 | Train Loss: 1.2148 | Train Acc: 56.62% | Val Loss: 1.2206 | Val Acc: 56.60%
             Grad Mean: 3.5489 | Grad Std: 0.8640 | Grad CV: 0.2434
             LR: 0.010000 | Batch: 32 | Updates: 9,375 | Time: 5.47s
             LR Controller | Next LR: 0.010000 | Reason: keep
Epoch 16/80 | Train Loss: 1.1949 | Train Acc: 57.31% | Val Loss: 1.2394 | Val Acc: 56.00%
             Grad Mean: 3.5414 | Grad Std: 0.9071 | Grad CV: 0.2561
             LR: 0.010000 | Batch: 32 | Updates: 10,000 | Time: 5.33s
             LR Controller | Next LR: 0.010000 | Reason: keep
Epoch 17/80 | Train Loss: 1.1615 | Train Acc: 58.83% | Val Loss: 1.1614 | Val Acc: 58.04%  <-- best
             Grad Mean: 3.5638 | Grad Std: 0.8106 | Grad CV: 0.2274
             LR: 0.010000 | Batch: 32 | Updates: 10,625 | Time: 5.55s
             LR Controller | Next LR: 0.010000 | Reason: keep
Epoch 18/80 | Train Loss: 1.1147 | Train Acc: 60.27% | Val Loss: 1.1056 | Val Acc: 60.76%  <-- best
             Grad Mean: 3.6394 | Grad Std: 0.8328 | Grad CV: 0.2288
             LR: 0.010000 | Batch: 32 | Updates: 11,250 | Time: 5.38s
             LR Controller | Next LR: 0.010000 | Reason: keep
Epoch 19/80 | Train Loss: 1.0796 | Train Acc: 61.59% | Val Loss: 1.2794 | Val Acc: 57.46%
             Grad Mean: 3.6897 | Grad Std: 0.8485 | Grad CV: 0.2300
             LR: 0.010000 | Batch: 32 | Updates: 11,875 | Time: 5.34s
             LR Controller | Next LR: 0.010000 | Reason: keep
Epoch 20/80 | Train Loss: 1.0478 | Train Acc: 63.21% | Val Loss: 1.0868 | Val Acc: 60.68%  <-- best
             Grad Mean: 3.7444 | Grad Std: 0.8924 | Grad CV: 0.2383
             LR: 0.010000 | Batch: 32 | Updates: 12,500 | Time: 5.48s
             LR Controller | Next LR: 0.010000 | Reason: keep
Epoch 21/80 | Train Loss: 1.0226 | Train Acc: 63.61% | Val Loss: 1.0959 | Val Acc: 61.72%
             Grad Mean: 3.7747 | Grad Std: 0.8441 | Grad CV: 0.2236
             LR: 0.010000 | Batch: 32 | Updates: 13,125 | Time: 5.37s
             LR Controller | Next LR: 0.010000 | Reason: keep
Epoch 22/80 | Train Loss: 1.0015 | Train Acc: 64.70% | Val Loss: 1.1214 | Val Acc: 61.78%
             Grad Mean: 3.8146 | Grad Std: 0.8876 | Grad CV: 0.2327
             LR: 0.010000 | Batch: 32 | Updates: 13,750 | Time: 5.50s
             LR Controller | Next LR: 0.010000 | Reason: keep
Epoch 23/80 | Train Loss: 0.9629 | Train Acc: 66.39% | Val Loss: 1.0012 | Val Acc: 64.86%  <-- best
             Grad Mean: 3.7968 | Grad Std: 0.9036 | Grad CV: 0.2380
             LR: 0.010000 | Batch: 32 | Updates: 14,375 | Time: 5.34s
             LR Controller | Next LR: 0.010000 | Reason: keep
Epoch 24/80 | Train Loss: 0.9237 | Train Acc: 68.02% | Val Loss: 1.0740 | Val Acc: 62.28%
             Grad Mean: 3.9145 | Grad Std: 0.8894 | Grad CV: 0.2272
             LR: 0.010000 | Batch: 32 | Updates: 15,000 | Time: 5.36s
             LR Controller | Next LR: 0.010000 | Reason: keep
Epoch 25/80 | Train Loss: 0.9162 | Train Acc: 68.34% | Val Loss: 0.8831 | Val Acc: 70.42%  <-- best
             Grad Mean: 3.9591 | Grad Std: 0.8979 | Grad CV: 0.2268
             LR: 0.010000 | Batch: 32 | Updates: 15,625 | Time: 5.44s
             LR Controller | Next LR: 0.010000 | Reason: keep
Epoch 26/80 | Train Loss: 0.8879 | Train Acc: 69.44% | Val Loss: 0.8859 | Val Acc: 70.08%
             Grad Mean: 3.9797 | Grad Std: 0.9046 | Grad CV: 0.2273
             LR: 0.010000 | Batch: 32 | Updates: 16,250 | Time: 5.48s
             LR Controller | Next LR: 0.010000 | Reason: keep
Epoch 27/80 | Train Loss: 0.8656 | Train Acc: 70.22% | Val Loss: 0.8521 | Val Acc: 71.08%  <-- best
             Grad Mean: 4.0242 | Grad Std: 0.9495 | Grad CV: 0.2359
             LR: 0.010000 | Batch: 32 | Updates: 16,875 | Time: 5.37s
             LR Controller | Next LR: 0.010000 | Reason: keep
Epoch 28/80 | Train Loss: 0.8470 | Train Acc: 71.00% | Val Loss: 0.8849 | Val Acc: 70.80%
             Grad Mean: 4.0854 | Grad Std: 0.9465 | Grad CV: 0.2317
             LR: 0.010000 | Batch: 32 | Updates: 17,500 | Time: 5.47s
             LR Controller | Next LR: 0.010000 | Reason: keep
Epoch 29/80 | Train Loss: 0.8047 | Train Acc: 72.46% | Val Loss: 0.7880 | Val Acc: 74.30%  <-- best
             Grad Mean: 4.0528 | Grad Std: 0.8997 | Grad CV: 0.2220
             LR: 0.010000 | Batch: 32 | Updates: 18,125 | Time: 5.31s
             LR Controller | Next LR: 0.010000 | Reason: keep
Epoch 30/80 | Train Loss: 0.7981 | Train Acc: 72.81% | Val Loss: 0.8956 | Val Acc: 69.22%
             Grad Mean: 4.1034 | Grad Std: 0.9698 | Grad CV: 0.2363
             LR: 0.010000 | Batch: 32 | Updates: 18,750 | Time: 5.26s
             LR Controller | Next LR: 0.010000 | Reason: keep
Epoch 31/80 | Train Loss: 0.7693 | Train Acc: 73.81% | Val Loss: 0.7571 | Val Acc: 74.94%  <-- best
             Grad Mean: 4.1109 | Grad Std: 0.9028 | Grad CV: 0.2196
             LR: 0.010000 | Batch: 32 | Updates: 19,375 | Time: 5.36s
             LR Controller | Next LR: 0.010000 | Reason: keep
Epoch 32/80 | Train Loss: 0.7468 | Train Acc: 74.86% | Val Loss: 0.8563 | Val Acc: 71.54%
             Grad Mean: 4.1324 | Grad Std: 1.0083 | Grad CV: 0.2440
             LR: 0.010000 | Batch: 32 | Updates: 20,000 | Time: 5.36s
             LR Controller | Next LR: 0.010000 | Reason: keep
Epoch 33/80 | Train Loss: 0.7234 | Train Acc: 75.34% | Val Loss: 0.7815 | Val Acc: 74.16%
             Grad Mean: 4.1951 | Grad Std: 0.9192 | Grad CV: 0.2191
             LR: 0.010000 | Batch: 32 | Updates: 20,625 | Time: 5.47s
             LR Controller | Next LR: 0.010000 | Reason: keep
Epoch 34/80 | Train Loss: 0.7065 | Train Acc: 76.06% | Val Loss: 0.7345 | Val Acc: 74.92%  <-- best
             Grad Mean: 4.1732 | Grad Std: 0.9417 | Grad CV: 0.2256
             LR: 0.010000 | Batch: 32 | Updates: 21,250 | Time: 5.40s
             LR Controller | Next LR: 0.010000 | Reason: keep
Epoch 35/80 | Train Loss: 0.6807 | Train Acc: 77.18% | Val Loss: 0.7632 | Val Acc: 74.10%
             Grad Mean: 4.1239 | Grad Std: 0.9306 | Grad CV: 0.2257
             LR: 0.010000 | Batch: 32 | Updates: 21,875 | Time: 5.38s
             LR Controller | Next LR: 0.010000 | Reason: keep
Epoch 36/80 | Train Loss: 0.6908 | Train Acc: 76.75% | Val Loss: 0.7263 | Val Acc: 75.72%  <-- best
             Grad Mean: 4.2145 | Grad Std: 0.9917 | Grad CV: 0.2353
             LR: 0.010000 | Batch: 32 | Updates: 22,500 | Time: 5.36s
             LR Controller | Next LR: 0.010000 | Reason: keep
Epoch 37/80 | Train Loss: 0.6540 | Train Acc: 77.97% | Val Loss: 0.8308 | Val Acc: 72.94%
             Grad Mean: 4.2036 | Grad Std: 0.9597 | Grad CV: 0.2283
             LR: 0.010000 | Batch: 32 | Updates: 23,125 | Time: 5.42s
             LR Controller | Next LR: 0.010000 | Reason: keep
Epoch 38/80 | Train Loss: 0.6498 | Train Acc: 78.06% | Val Loss: 0.7272 | Val Acc: 75.58%
             Grad Mean: 4.2511 | Grad Std: 0.9496 | Grad CV: 0.2234
             LR: 0.010000 | Batch: 32 | Updates: 23,750 | Time: 5.42s
             LR Controller | Next LR: 0.010000 | Reason: keep
Epoch 39/80 | Train Loss: 0.6363 | Train Acc: 78.69% | Val Loss: 0.6589 | Val Acc: 78.28%  <-- best
             Grad Mean: 4.1822 | Grad Std: 0.9403 | Grad CV: 0.2248
             LR: 0.010000 | Batch: 32 | Updates: 24,375 | Time: 5.42s
             LR Controller | Next LR: 0.010000 | Reason: keep
Epoch 40/80 | Train Loss: 0.6211 | Train Acc: 79.14% | Val Loss: 0.7842 | Val Acc: 73.98%
             Grad Mean: 4.2391 | Grad Std: 0.9723 | Grad CV: 0.2294
             LR: 0.010000 | Batch: 32 | Updates: 25,000 | Time: 5.31s
             LR Controller | Next LR: 0.010000 | Reason: keep
Epoch 41/80 | Train Loss: 0.6125 | Train Acc: 79.74% | Val Loss: 0.6502 | Val Acc: 78.32%  <-- best
             Grad Mean: 4.2202 | Grad Std: 1.0100 | Grad CV: 0.2393
             LR: 0.010000 | Batch: 32 | Updates: 25,625 | Time: 5.34s
             LR Controller | Next LR: 0.010000 | Reason: keep
Epoch 42/80 | Train Loss: 0.6194 | Train Acc: 79.16% | Val Loss: 0.6596 | Val Acc: 77.82%
             Grad Mean: 4.3323 | Grad Std: 1.0294 | Grad CV: 0.2376
             LR: 0.010000 | Batch: 32 | Updates: 26,250 | Time: 5.40s
             LR Controller | Next LR: 0.010000 | Reason: keep
Epoch 43/80 | Train Loss: 0.5936 | Train Acc: 79.94% | Val Loss: 0.6051 | Val Acc: 80.18%  <-- best
             Grad Mean: 4.2863 | Grad Std: 0.9787 | Grad CV: 0.2283
             LR: 0.010000 | Batch: 32 | Updates: 26,875 | Time: 5.35s
             LR Controller | Next LR: 0.010000 | Reason: keep
Epoch 44/80 | Train Loss: 0.5877 | Train Acc: 80.45% | Val Loss: 0.6380 | Val Acc: 78.18%
             Grad Mean: 4.3471 | Grad Std: 1.0616 | Grad CV: 0.2442
             LR: 0.010000 | Batch: 32 | Updates: 27,500 | Time: 5.52s
             LR Controller | Next LR: 0.010000 | Reason: keep
Epoch 45/80 | Train Loss: 0.5621 | Train Acc: 81.37% | Val Loss: 0.6417 | Val Acc: 79.00%
             Grad Mean: 4.2866 | Grad Std: 0.9649 | Grad CV: 0.2251
             LR: 0.010000 | Batch: 32 | Updates: 28,125 | Time: 5.45s
             LR Controller | Next LR: 0.010000 | Reason: keep
Epoch 46/80 | Train Loss: 0.5601 | Train Acc: 81.33% | Val Loss: 0.6547 | Val Acc: 78.46%
             Grad Mean: 4.3267 | Grad Std: 0.9623 | Grad CV: 0.2224
             LR: 0.010000 | Batch: 32 | Updates: 28,750 | Time: 5.38s
             LR Controller | Next LR: 0.005000 | Reason: worsening_decay
Epoch 47/80 | Train Loss: 0.4103 | Train Acc: 86.31% | Val Loss: 0.5362 | Val Acc: 82.34%  <-- best
             Grad Mean: 3.9796 | Grad Std: 1.0653 | Grad CV: 0.2677
             LR: 0.005000 | Batch: 32 | Updates: 29,375 | Time: 5.28s
             LR Controller | Next LR: 0.005000 | Reason: cooldown
Epoch 48/80 | Train Loss: 0.3862 | Train Acc: 87.07% | Val Loss: 0.5378 | Val Acc: 82.50%
             Grad Mean: 4.1994 | Grad Std: 1.0463 | Grad CV: 0.2492
             LR: 0.005000 | Batch: 32 | Updates: 30,000 | Time: 5.42s
             LR Controller | Next LR: 0.005000 | Reason: cooldown
Epoch 49/80 | Train Loss: 0.3765 | Train Acc: 87.19% | Val Loss: 0.5187 | Val Acc: 82.16%  <-- best
             Grad Mean: 4.4261 | Grad Std: 1.1894 | Grad CV: 0.2687
             LR: 0.005000 | Batch: 32 | Updates: 30,625 | Time: 5.29s
             LR Controller | Next LR: 0.005000 | Reason: keep
Epoch 50/80 | Train Loss: 0.3673 | Train Acc: 87.91% | Val Loss: 0.5924 | Val Acc: 80.82%
             Grad Mean: 4.5529 | Grad Std: 1.1718 | Grad CV: 0.2574
             LR: 0.005000 | Batch: 32 | Updates: 31,250 | Time: 5.52s
             LR Controller | Next LR: 0.005000 | Reason: keep
Epoch 51/80 | Train Loss: 0.3624 | Train Acc: 87.96% | Val Loss: 0.5836 | Val Acc: 81.32%
             Grad Mean: 4.6829 | Grad Std: 1.3299 | Grad CV: 0.2840
             LR: 0.005000 | Batch: 32 | Updates: 31,875 | Time: 5.37s
             LR Controller | Next LR: 0.005000 | Reason: keep
Epoch 52/80 | Train Loss: 0.3629 | Train Acc: 87.76% | Val Loss: 0.5308 | Val Acc: 82.10%
             Grad Mean: 4.9683 | Grad Std: 1.4053 | Grad CV: 0.2829
             LR: 0.005000 | Batch: 32 | Updates: 32,500 | Time: 5.39s
             LR Controller | Next LR: 0.002500 | Reason: worsening_decay
Epoch 53/80 | Train Loss: 0.2600 | Train Acc: 91.36% | Val Loss: 0.5014 | Val Acc: 84.24%  <-- best
             Grad Mean: 4.3664 | Grad Std: 1.3020 | Grad CV: 0.2982
             LR: 0.002500 | Batch: 32 | Updates: 33,125 | Time: 5.32s
             LR Controller | Next LR: 0.002500 | Reason: cooldown
Epoch 54/80 | Train Loss: 0.2346 | Train Acc: 92.22% | Val Loss: 0.4863 | Val Acc: 84.42%  <-- best
             Grad Mean: 4.5455 | Grad Std: 1.4286 | Grad CV: 0.3143
             LR: 0.002500 | Batch: 32 | Updates: 33,750 | Time: 5.31s
             LR Controller | Next LR: 0.002500 | Reason: cooldown
Epoch 55/80 | Train Loss: 0.2309 | Train Acc: 92.41% | Val Loss: 0.4968 | Val Acc: 84.60%
             Grad Mean: 4.7706 | Grad Std: 1.5789 | Grad CV: 0.3310
             LR: 0.002500 | Batch: 32 | Updates: 34,375 | Time: 5.39s
             LR Controller | Next LR: 0.002500 | Reason: keep
Epoch 56/80 | Train Loss: 0.2246 | Train Acc: 92.42% | Val Loss: 0.4623 | Val Acc: 85.22%  <-- best
             Grad Mean: 4.9470 | Grad Std: 1.8053 | Grad CV: 0.3649
             LR: 0.002500 | Batch: 32 | Updates: 35,000 | Time: 5.38s
             LR Controller | Next LR: 0.002500 | Reason: keep
Epoch 57/80 | Train Loss: 0.2190 | Train Acc: 92.70% | Val Loss: 0.5651 | Val Acc: 83.22%
             Grad Mean: 5.1759 | Grad Std: 1.8784 | Grad CV: 0.3629
             LR: 0.002500 | Batch: 32 | Updates: 35,625 | Time: 5.29s
             LR Controller | Next LR: 0.002500 | Reason: keep
Epoch 58/80 | Train Loss: 0.2184 | Train Acc: 92.56% | Val Loss: 0.4871 | Val Acc: 84.42%
             Grad Mean: 5.3236 | Grad Std: 1.8231 | Grad CV: 0.3424
             LR: 0.002500 | Batch: 32 | Updates: 36,250 | Time: 5.33s
             LR Controller | Next LR: 0.002500 | Reason: keep
Epoch 59/80 | Train Loss: 0.2107 | Train Acc: 93.15% | Val Loss: 0.5396 | Val Acc: 83.36%
             Grad Mean: 5.2838 | Grad Std: 2.0053 | Grad CV: 0.3795
             LR: 0.002500 | Batch: 32 | Updates: 36,875 | Time: 5.43s
             LR Controller | Next LR: 0.001250 | Reason: worsening_decay
Epoch 60/80 | Train Loss: 0.1472 | Train Acc: 95.15% | Val Loss: 0.4499 | Val Acc: 86.34%  <-- best
             Grad Mean: 4.4784 | Grad Std: 1.8338 | Grad CV: 0.4095
             LR: 0.001250 | Batch: 32 | Updates: 37,500 | Time: 5.36s
             LR Controller | Next LR: 0.001250 | Reason: cooldown
Epoch 61/80 | Train Loss: 0.1238 | Train Acc: 95.91% | Val Loss: 0.4780 | Val Acc: 86.08%
             Grad Mean: 4.4987 | Grad Std: 2.0473 | Grad CV: 0.4551
             LR: 0.001250 | Batch: 32 | Updates: 38,125 | Time: 5.54s
             LR Controller | Next LR: 0.001250 | Reason: cooldown
Epoch 62/80 | Train Loss: 0.1175 | Train Acc: 96.20% | Val Loss: 0.4634 | Val Acc: 86.58%
             Grad Mean: 4.5613 | Grad Std: 2.1647 | Grad CV: 0.4746
             LR: 0.001250 | Batch: 32 | Updates: 38,750 | Time: 5.39s
             LR Controller | Next LR: 0.001250 | Reason: keep
Epoch 63/80 | Train Loss: 0.1106 | Train Acc: 96.41% | Val Loss: 0.5067 | Val Acc: 85.22%
             Grad Mean: 4.6155 | Grad Std: 2.3258 | Grad CV: 0.5039
             LR: 0.001250 | Batch: 32 | Updates: 39,375 | Time: 5.29s
             LR Controller | Next LR: 0.001250 | Reason: keep
Epoch 64/80 | Train Loss: 0.1115 | Train Acc: 96.22% | Val Loss: 0.4932 | Val Acc: 85.64%
             Grad Mean: 5.0805 | Grad Std: 2.5020 | Grad CV: 0.4925
             LR: 0.001250 | Batch: 32 | Updates: 40,000 | Time: 5.31s
             LR Controller | Next LR: 0.001250 | Reason: keep
Epoch 65/80 | Train Loss: 0.1079 | Train Acc: 96.44% | Val Loss: 0.4931 | Val Acc: 85.74%
             Grad Mean: 5.0263 | Grad Std: 2.5586 | Grad CV: 0.5090
             LR: 0.001250 | Batch: 32 | Updates: 40,625 | Time: 5.38s
             LR Controller | Next LR: 0.000625 | Reason: worsening_decay
Epoch 66/80 | Train Loss: 0.0721 | Train Acc: 97.83% | Val Loss: 0.4813 | Val Acc: 86.56%
             Grad Mean: 3.8475 | Grad Std: 2.2563 | Grad CV: 0.5864
             LR: 0.000625 | Batch: 32 | Updates: 41,250 | Time: 5.49s
             LR Controller | Next LR: 0.000625 | Reason: cooldown
Epoch 67/80 | Train Loss: 0.0638 | Train Acc: 98.07% | Val Loss: 0.4862 | Val Acc: 86.20%
             Grad Mean: 3.6602 | Grad Std: 2.3666 | Grad CV: 0.6466
             LR: 0.000625 | Batch: 32 | Updates: 41,875 | Time: 5.45s
             LR Controller | Next LR: 0.000625 | Reason: cooldown
Epoch 68/80 | Train Loss: 0.0602 | Train Acc: 98.14% | Val Loss: 0.5003 | Val Acc: 86.16%
             Grad Mean: 3.8038 | Grad Std: 2.4727 | Grad CV: 0.6501
             LR: 0.000625 | Batch: 32 | Updates: 42,500 | Time: 5.39s
             LR Controller | Next LR: 0.000625 | Reason: keep
Epoch 69/80 | Train Loss: 0.0525 | Train Acc: 98.53% | Val Loss: 0.4941 | Val Acc: 86.26%
             Grad Mean: 3.4579 | Grad Std: 2.4862 | Grad CV: 0.7190
             LR: 0.000625 | Batch: 32 | Updates: 43,125 | Time: 5.40s
             LR Controller | Next LR: 0.000625 | Reason: keep
Epoch 70/80 | Train Loss: 0.0533 | Train Acc: 98.42% | Val Loss: 0.5015 | Val Acc: 86.02%
             Grad Mean: 3.8110 | Grad Std: 2.6973 | Grad CV: 0.7078
             LR: 0.000625 | Batch: 32 | Updates: 43,750 | Time: 5.39s
             LR Controller | Next LR: 0.000313 | Reason: worsening_decay
Epoch 71/80 | Train Loss: 0.0414 | Train Acc: 98.86% | Val Loss: 0.4877 | Val Acc: 86.50%
             Grad Mean: 2.9851 | Grad Std: 2.3787 | Grad CV: 0.7969
             LR: 0.000313 | Batch: 32 | Updates: 44,375 | Time: 5.39s
             LR Controller | Next LR: 0.000313 | Reason: cooldown
Epoch 72/80 | Train Loss: 0.0387 | Train Acc: 99.01% | Val Loss: 0.4840 | Val Acc: 86.68%
             Grad Mean: 2.9414 | Grad Std: 2.3814 | Grad CV: 0.8096
             LR: 0.000313 | Batch: 32 | Updates: 45,000 | Time: 5.45s
             LR Controller | Next LR: 0.000313 | Reason: cooldown
Epoch 73/80 | Train Loss: 0.0370 | Train Acc: 99.08% | Val Loss: 0.4913 | Val Acc: 86.74%
             Grad Mean: 2.7729 | Grad Std: 2.2679 | Grad CV: 0.8179
             LR: 0.000313 | Batch: 32 | Updates: 45,625 | Time: 5.30s
             LR Controller | Next LR: 0.000313 | Reason: keep
Epoch 74/80 | Train Loss: 0.0340 | Train Acc: 99.13% | Val Loss: 0.4976 | Val Acc: 86.76%
             Grad Mean: 2.7558 | Grad Std: 2.3514 | Grad CV: 0.8532
             LR: 0.000313 | Batch: 32 | Updates: 46,250 | Time: 5.43s
             LR Controller | Next LR: 0.000313 | Reason: keep
Epoch 75/80 | Train Loss: 0.0340 | Train Acc: 99.09% | Val Loss: 0.5182 | Val Acc: 85.90%
             Grad Mean: 2.8544 | Grad Std: 2.5827 | Grad CV: 0.9048
             LR: 0.000313 | Batch: 32 | Updates: 46,875 | Time: 5.45s
             LR Controller | Next LR: 0.000156 | Reason: worsening_decay
Epoch 76/80 | Train Loss: 0.0283 | Train Acc: 99.43% | Val Loss: 0.4974 | Val Acc: 86.74%
             Grad Mean: 2.3695 | Grad Std: 2.1247 | Grad CV: 0.8967
             LR: 0.000156 | Batch: 32 | Updates: 47,500 | Time: 5.43s
             LR Controller | Next LR: 0.000156 | Reason: cooldown
Epoch 77/80 | Train Loss: 0.0287 | Train Acc: 99.29% | Val Loss: 0.4969 | Val Acc: 86.62%
             Grad Mean: 2.4514 | Grad Std: 2.5194 | Grad CV: 1.0278
             LR: 0.000156 | Batch: 32 | Updates: 48,125 | Time: 5.30s
             LR Controller | Next LR: 0.000156 | Reason: cooldown
Epoch 78/80 | Train Loss: 0.0249 | Train Acc: 99.52% | Val Loss: 0.5041 | Val Acc: 86.62%
             Grad Mean: 2.2237 | Grad Std: 2.0847 | Grad CV: 0.9375
             LR: 0.000156 | Batch: 32 | Updates: 48,750 | Time: 5.42s
             LR Controller | Next LR: 0.000156 | Reason: keep
Epoch 79/80 | Train Loss: 0.0271 | Train Acc: 99.47% | Val Loss: 0.4944 | Val Acc: 86.78%
             Grad Mean: 2.3902 | Grad Std: 2.2162 | Grad CV: 0.9272
             LR: 0.000156 | Batch: 32 | Updates: 49,375 | Time: 5.28s
             LR Controller | Next LR: 0.000156 | Reason: keep
Epoch 80/80 | Train Loss: 0.0264 | Train Acc: 99.41% | Val Loss: 0.5083 | Val Acc: 86.60%
             Grad Mean: 2.3710 | Grad Std: 2.2699 | Grad CV: 0.9574
             LR: 0.000156 | Batch: 32 | Updates: 50,000 | Time: 5.30s
             LR Controller | Next LR: 0.000078 | Reason: worsening_decay
==============================================================================
Training complete
Epochs completed: 80
Best checkpoint epoch: 60
Best validation loss: 0.4499
Total optimizer updates: 50,000
Total training time: 432.13 seconds
Final learning rate used: 0.000156
Results saved to: /home/ams098z/Courses/CSCE5218/MidetermProj/adaptive-batch-lr-cifar10/results/unified_experiments/20261008T222534_830127Z/runs/E3/deeper_cnn_wide_adaptive_lr_batch32_refLR0.01_seed42/20261008T223941_683886Z/deeper_cnn_wide_adaptive_lr_batch32_refLR0.01_seed42.csv
Metadata saved to: /home/ams098z/Courses/CSCE5218/MidetermProj/adaptive-batch-lr-cifar10/results/unified_experiments/20261008T222534_830127Z/runs/E3/deeper_cnn_wide_adaptive_lr_batch32_refLR0.01_seed42/20261008T223941_683886Z/deeper_cnn_wide_adaptive_lr_batch32_refLR0.01_seed42_metadata.json
==============================================================================
Evaluated checkpoint: epoch 60
Validation accuracy: 86.34%
Validation macro F1: 0.8637
Evaluation results saved to: /home/ams098z/Courses/CSCE5218/MidetermProj/adaptive-batch-lr-cifar10/results/unified_experiments/20261008T222534_830127Z/runs/E3/deeper_cnn_wide_adaptive_lr_batch32_refLR0.01_seed42/20261008T223941_683886Z
