==============================================================================
E4: Adaptive Batch Size + Adaptive Learning Rate
==============================================================================
Results directory:    /home/ams098z/Courses/CSCE5218/MidetermProj/adaptive-batch-lr-cifar10/results/unified_experiments/20261008T222534_830127Z/runs/E4/deeper_cnn_wide_adaptive_batch_adaptive_lr_refLR0.01_seed42_pilot80/20261008T224659_734723Z
Device:               NVIDIA GeForce RTX 5070 Ti Laptop GPU
Dataset:              CIFAR-10; classes: 10
Training samples:     20,000
Validation samples:   5,000
Epochs:               80
Initial batch:        32
Allowed batches:      [32, 64, 128, 256]
Initial LR:           0.01000000
Reference LR:         0.01
LR alpha:             0.2
LR factor:            0.5
Warmup epochs:        0
Pilot run:            True
==============================================================================

Starting adaptive batch + adaptive LR training
==============================================================================
Epoch 01/80 | Train Loss: 2.2274 | Train Acc: 15.95% | Val Loss: 2.0347 | Val Acc: 21.80%  <-- best
             Grad Mean: 1.8811 | Grad Std: 1.1513 | Grad CV: 0.6120
             LR: 0.010000 | Batch: 32 | Updates: 625 | Time: 5.72s
             Batch Controller | Stability: N/A | Plateau: False | Next Batch: 32 | Reason: insufficient_gradient_history
             LR Controller | Next LR: 0.010000 | Reason: keep
Epoch 02/80 | Train Loss: 1.9854 | Train Acc: 24.66% | Val Loss: 1.8950 | Val Acc: 27.42%  <-- best
             Grad Mean: 2.1164 | Grad Std: 0.7723 | Grad CV: 0.3649
             LR: 0.010000 | Batch: 32 | Updates: 1,250 | Time: 5.48s
             Batch Controller | Stability: N/A | Plateau: False | Next Batch: 32 | Reason: insufficient_gradient_history
             LR Controller | Next LR: 0.010000 | Reason: keep
Epoch 03/80 | Train Loss: 1.8781 | Train Acc: 28.91% | Val Loss: 1.8105 | Val Acc: 31.86%  <-- best
             Grad Mean: 2.3758 | Grad Std: 0.7848 | Grad CV: 0.3303
             LR: 0.010000 | Batch: 32 | Updates: 1,875 | Time: 5.52s
             Batch Controller | Stability: 0.4358 | Plateau: False | Next Batch: 32 | Reason: validation_improving
             LR Controller | Next LR: 0.010000 | Reason: keep
Epoch 04/80 | Train Loss: 1.7844 | Train Acc: 32.33% | Val Loss: 1.7137 | Val Acc: 33.98%  <-- best
             Grad Mean: 2.6202 | Grad Std: 0.7803 | Grad CV: 0.2978
             LR: 0.010000 | Batch: 32 | Updates: 2,500 | Time: 5.46s
             Batch Controller | Stability: 0.3310 | Plateau: False | Next Batch: 32 | Reason: validation_improving
             LR Controller | Next LR: 0.010000 | Reason: keep
Epoch 05/80 | Train Loss: 1.7281 | Train Acc: 34.93% | Val Loss: 1.6681 | Val Acc: 37.48%  <-- best
             Grad Mean: 2.5598 | Grad Std: 0.7305 | Grad CV: 0.2854
             LR: 0.010000 | Batch: 32 | Updates: 3,125 | Time: 5.28s
             Batch Controller | Stability: 0.3045 | Plateau: False | Next Batch: 32 | Reason: validation_improving
             LR Controller | Next LR: 0.010000 | Reason: keep
Epoch 06/80 | Train Loss: 1.6509 | Train Acc: 38.38% | Val Loss: 1.6096 | Val Acc: 39.64%  <-- best
             Grad Mean: 2.6815 | Grad Std: 0.7178 | Grad CV: 0.2677
             LR: 0.010000 | Batch: 32 | Updates: 3,750 | Time: 5.42s
             Batch Controller | Stability: 0.2836 | Plateau: False | Next Batch: 32 | Reason: validation_improving
             LR Controller | Next LR: 0.010000 | Reason: keep
Epoch 07/80 | Train Loss: 1.5954 | Train Acc: 40.65% | Val Loss: 1.6466 | Val Acc: 40.56%
             Grad Mean: 2.8086 | Grad Std: 0.7785 | Grad CV: 0.2772
             LR: 0.010000 | Batch: 32 | Updates: 4,375 | Time: 5.32s
             Batch Controller | Stability: 0.2768 | Plateau: False | Next Batch: 32 | Reason: validation_improving
             LR Controller | Next LR: 0.010000 | Reason: keep
Epoch 08/80 | Train Loss: 1.5365 | Train Acc: 43.17% | Val Loss: 1.5503 | Val Acc: 41.62%  <-- best
             Grad Mean: 2.8298 | Grad Std: 0.6876 | Grad CV: 0.2430
             LR: 0.010000 | Batch: 32 | Updates: 5,000 | Time: 5.43s
             Batch Controller | Stability: 0.2626 | Plateau: False | Next Batch: 32 | Reason: validation_improving
             LR Controller | Next LR: 0.010000 | Reason: keep
Epoch 09/80 | Train Loss: 1.4960 | Train Acc: 45.09% | Val Loss: 1.4679 | Val Acc: 45.74%  <-- best
             Grad Mean: 2.9460 | Grad Std: 0.7417 | Grad CV: 0.2518
             LR: 0.010000 | Batch: 32 | Updates: 5,625 | Time: 5.36s
             Batch Controller | Stability: 0.2573 | Plateau: False | Next Batch: 32 | Reason: validation_improving
             LR Controller | Next LR: 0.010000 | Reason: keep
Epoch 10/80 | Train Loss: 1.4420 | Train Acc: 47.12% | Val Loss: 1.4918 | Val Acc: 45.40%
             Grad Mean: 3.0727 | Grad Std: 0.7710 | Grad CV: 0.2509
             LR: 0.010000 | Batch: 32 | Updates: 6,250 | Time: 5.37s
             Batch Controller | Stability: 0.2486 | Plateau: False | Next Batch: 32 | Reason: validation_improving
             LR Controller | Next LR: 0.010000 | Reason: keep
Epoch 11/80 | Train Loss: 1.3930 | Train Acc: 49.10% | Val Loss: 1.4171 | Val Acc: 48.84%  <-- best
             Grad Mean: 3.2344 | Grad Std: 0.7888 | Grad CV: 0.2439
             LR: 0.010000 | Batch: 32 | Updates: 6,875 | Time: 5.31s
             Batch Controller | Stability: 0.2488 | Plateau: False | Next Batch: 32 | Reason: validation_improving
             LR Controller | Next LR: 0.010000 | Reason: keep
Epoch 12/80 | Train Loss: 1.3480 | Train Acc: 51.34% | Val Loss: 1.3382 | Val Acc: 51.08%  <-- best
             Grad Mean: 3.3064 | Grad Std: 0.8609 | Grad CV: 0.2604
             LR: 0.010000 | Batch: 32 | Updates: 7,500 | Time: 5.71s
             Batch Controller | Stability: 0.2517 | Plateau: False | Next Batch: 32 | Reason: validation_improving
             LR Controller | Next LR: 0.010000 | Reason: keep
Epoch 13/80 | Train Loss: 1.3024 | Train Acc: 53.13% | Val Loss: 1.3627 | Val Acc: 50.52%
             Grad Mean: 3.4127 | Grad Std: 0.8837 | Grad CV: 0.2589
             LR: 0.010000 | Batch: 32 | Updates: 8,125 | Time: 5.47s
             Batch Controller | Stability: 0.2544 | Plateau: False | Next Batch: 32 | Reason: validation_improving
             LR Controller | Next LR: 0.010000 | Reason: keep
Epoch 14/80 | Train Loss: 1.2541 | Train Acc: 55.43% | Val Loss: 1.2135 | Val Acc: 57.16%  <-- best
             Grad Mean: 3.4464 | Grad Std: 0.8122 | Grad CV: 0.2357
             LR: 0.010000 | Batch: 32 | Updates: 8,750 | Time: 5.38s
             Batch Controller | Stability: 0.2517 | Plateau: False | Next Batch: 32 | Reason: validation_improving
             LR Controller | Next LR: 0.010000 | Reason: keep
Epoch 15/80 | Train Loss: 1.2148 | Train Acc: 56.62% | Val Loss: 1.2206 | Val Acc: 56.60%
             Grad Mean: 3.5489 | Grad Std: 0.8640 | Grad CV: 0.2434
             LR: 0.010000 | Batch: 32 | Updates: 9,375 | Time: 5.29s
             Batch Controller | Stability: 0.2460 | Plateau: False | Next Batch: 32 | Reason: validation_improving
             LR Controller | Next LR: 0.010000 | Reason: keep
Epoch 16/80 | Train Loss: 1.1949 | Train Acc: 57.31% | Val Loss: 1.2394 | Val Acc: 56.00%
             Grad Mean: 3.5414 | Grad Std: 0.9071 | Grad CV: 0.2561
             LR: 0.010000 | Batch: 32 | Updates: 10,000 | Time: 5.31s
             Batch Controller | Stability: 0.2451 | Plateau: False | Next Batch: 32 | Reason: validation_improving
             LR Controller | Next LR: 0.010000 | Reason: keep
Epoch 17/80 | Train Loss: 1.1615 | Train Acc: 58.83% | Val Loss: 1.1614 | Val Acc: 58.04%  <-- best
             Grad Mean: 3.5638 | Grad Std: 0.8106 | Grad CV: 0.2274
             LR: 0.010000 | Batch: 32 | Updates: 10,625 | Time: 5.39s
             Batch Controller | Stability: 0.2423 | Plateau: False | Next Batch: 32 | Reason: validation_improving
             LR Controller | Next LR: 0.010000 | Reason: keep
Epoch 18/80 | Train Loss: 1.1147 | Train Acc: 60.27% | Val Loss: 1.1056 | Val Acc: 60.76%  <-- best
             Grad Mean: 3.6394 | Grad Std: 0.8328 | Grad CV: 0.2288
             LR: 0.010000 | Batch: 32 | Updates: 11,250 | Time: 5.29s
             Batch Controller | Stability: 0.2375 | Plateau: False | Next Batch: 32 | Reason: validation_improving
             LR Controller | Next LR: 0.010000 | Reason: keep
Epoch 19/80 | Train Loss: 1.0796 | Train Acc: 61.59% | Val Loss: 1.2794 | Val Acc: 57.46%
             Grad Mean: 3.6897 | Grad Std: 0.8485 | Grad CV: 0.2300
             LR: 0.010000 | Batch: 32 | Updates: 11,875 | Time: 5.54s
             Batch Controller | Stability: 0.2287 | Plateau: False | Next Batch: 32 | Reason: validation_improving
             LR Controller | Next LR: 0.010000 | Reason: keep
Epoch 20/80 | Train Loss: 1.0478 | Train Acc: 63.21% | Val Loss: 1.0868 | Val Acc: 60.68%  <-- best
             Grad Mean: 3.7444 | Grad Std: 0.8924 | Grad CV: 0.2383
             LR: 0.010000 | Batch: 32 | Updates: 12,500 | Time: 5.29s
             Batch Controller | Stability: 0.2324 | Plateau: False | Next Batch: 32 | Reason: validation_improving
             LR Controller | Next LR: 0.010000 | Reason: keep
Epoch 21/80 | Train Loss: 1.0226 | Train Acc: 63.61% | Val Loss: 1.0959 | Val Acc: 61.72%
             Grad Mean: 3.7747 | Grad Std: 0.8441 | Grad CV: 0.2236
             LR: 0.010000 | Batch: 32 | Updates: 13,125 | Time: 5.32s
             Batch Controller | Stability: 0.2306 | Plateau: False | Next Batch: 32 | Reason: validation_improving
             LR Controller | Next LR: 0.010000 | Reason: keep
Epoch 22/80 | Train Loss: 1.0015 | Train Acc: 64.70% | Val Loss: 1.1214 | Val Acc: 61.78%
             Grad Mean: 3.8146 | Grad Std: 0.8876 | Grad CV: 0.2327
             LR: 0.010000 | Batch: 32 | Updates: 13,750 | Time: 5.42s
             Batch Controller | Stability: 0.2315 | Plateau: False | Next Batch: 32 | Reason: validation_improving
             LR Controller | Next LR: 0.010000 | Reason: keep
Epoch 23/80 | Train Loss: 0.9629 | Train Acc: 66.39% | Val Loss: 1.0012 | Val Acc: 64.86%  <-- best
             Grad Mean: 3.7968 | Grad Std: 0.9036 | Grad CV: 0.2380
             LR: 0.010000 | Batch: 32 | Updates: 14,375 | Time: 5.35s
             Batch Controller | Stability: 0.2314 | Plateau: False | Next Batch: 32 | Reason: validation_improving
             LR Controller | Next LR: 0.010000 | Reason: keep
Epoch 24/80 | Train Loss: 0.9237 | Train Acc: 68.02% | Val Loss: 1.0740 | Val Acc: 62.28%
             Grad Mean: 3.9145 | Grad Std: 0.8894 | Grad CV: 0.2272
             LR: 0.010000 | Batch: 32 | Updates: 15,000 | Time: 5.44s
             Batch Controller | Stability: 0.2326 | Plateau: False | Next Batch: 32 | Reason: validation_improving
             LR Controller | Next LR: 0.010000 | Reason: keep
Epoch 25/80 | Train Loss: 0.9162 | Train Acc: 68.34% | Val Loss: 0.8831 | Val Acc: 70.42%  <-- best
             Grad Mean: 3.9591 | Grad Std: 0.8979 | Grad CV: 0.2268
             LR: 0.010000 | Batch: 32 | Updates: 15,625 | Time: 5.38s
             Batch Controller | Stability: 0.2307 | Plateau: False | Next Batch: 32 | Reason: validation_improving
             LR Controller | Next LR: 0.010000 | Reason: keep
Epoch 26/80 | Train Loss: 0.8879 | Train Acc: 69.44% | Val Loss: 0.8859 | Val Acc: 70.08%
             Grad Mean: 3.9797 | Grad Std: 0.9046 | Grad CV: 0.2273
             LR: 0.010000 | Batch: 32 | Updates: 16,250 | Time: 5.27s
             Batch Controller | Stability: 0.2271 | Plateau: False | Next Batch: 32 | Reason: validation_improving
             LR Controller | Next LR: 0.010000 | Reason: keep
Epoch 27/80 | Train Loss: 0.8656 | Train Acc: 70.22% | Val Loss: 0.8521 | Val Acc: 71.08%  <-- best
             Grad Mean: 4.0242 | Grad Std: 0.9495 | Grad CV: 0.2359
             LR: 0.010000 | Batch: 32 | Updates: 16,875 | Time: 5.34s
             Batch Controller | Stability: 0.2300 | Plateau: False | Next Batch: 32 | Reason: validation_improving
             LR Controller | Next LR: 0.010000 | Reason: keep
Epoch 28/80 | Train Loss: 0.8470 | Train Acc: 71.00% | Val Loss: 0.8849 | Val Acc: 70.80%
             Grad Mean: 4.0854 | Grad Std: 0.9465 | Grad CV: 0.2317
             LR: 0.010000 | Batch: 32 | Updates: 17,500 | Time: 5.43s
             Batch Controller | Stability: 0.2316 | Plateau: False | Next Batch: 32 | Reason: validation_improving
             LR Controller | Next LR: 0.010000 | Reason: keep
Epoch 29/80 | Train Loss: 0.8047 | Train Acc: 72.46% | Val Loss: 0.7880 | Val Acc: 74.30%  <-- best
             Grad Mean: 4.0528 | Grad Std: 0.8997 | Grad CV: 0.2220
             LR: 0.010000 | Batch: 32 | Updates: 18,125 | Time: 5.27s
             Batch Controller | Stability: 0.2299 | Plateau: False | Next Batch: 32 | Reason: validation_improving
             LR Controller | Next LR: 0.010000 | Reason: keep
Epoch 30/80 | Train Loss: 0.7981 | Train Acc: 72.81% | Val Loss: 0.8956 | Val Acc: 69.22%
             Grad Mean: 4.1034 | Grad Std: 0.9698 | Grad CV: 0.2363
             LR: 0.010000 | Batch: 32 | Updates: 18,750 | Time: 5.50s
             Batch Controller | Stability: 0.2300 | Plateau: False | Next Batch: 32 | Reason: validation_improving
             LR Controller | Next LR: 0.010000 | Reason: keep
Epoch 31/80 | Train Loss: 0.7693 | Train Acc: 73.81% | Val Loss: 0.7571 | Val Acc: 74.94%  <-- best
             Grad Mean: 4.1109 | Grad Std: 0.9028 | Grad CV: 0.2196
             LR: 0.010000 | Batch: 32 | Updates: 19,375 | Time: 5.26s
             Batch Controller | Stability: 0.2260 | Plateau: False | Next Batch: 32 | Reason: validation_improving
             LR Controller | Next LR: 0.010000 | Reason: keep
Epoch 32/80 | Train Loss: 0.7468 | Train Acc: 74.86% | Val Loss: 0.8563 | Val Acc: 71.54%
             Grad Mean: 4.1324 | Grad Std: 1.0083 | Grad CV: 0.2440
             LR: 0.010000 | Batch: 32 | Updates: 20,000 | Time: 5.32s
             Batch Controller | Stability: 0.2333 | Plateau: False | Next Batch: 32 | Reason: validation_improving
             LR Controller | Next LR: 0.010000 | Reason: keep
Epoch 33/80 | Train Loss: 0.7234 | Train Acc: 75.34% | Val Loss: 0.7815 | Val Acc: 74.16%
             Grad Mean: 4.1951 | Grad Std: 0.9192 | Grad CV: 0.2191
             LR: 0.010000 | Batch: 32 | Updates: 20,625 | Time: 5.29s
             Batch Controller | Stability: 0.2276 | Plateau: False | Next Batch: 32 | Reason: validation_improving
             LR Controller | Next LR: 0.010000 | Reason: keep
Epoch 34/80 | Train Loss: 0.7065 | Train Acc: 76.06% | Val Loss: 0.7345 | Val Acc: 74.92%  <-- best
             Grad Mean: 4.1732 | Grad Std: 0.9417 | Grad CV: 0.2256
             LR: 0.010000 | Batch: 32 | Updates: 21,250 | Time: 5.39s
             Batch Controller | Stability: 0.2296 | Plateau: False | Next Batch: 32 | Reason: validation_improving
             LR Controller | Next LR: 0.010000 | Reason: keep
Epoch 35/80 | Train Loss: 0.6807 | Train Acc: 77.18% | Val Loss: 0.7632 | Val Acc: 74.10%
             Grad Mean: 4.1239 | Grad Std: 0.9306 | Grad CV: 0.2257
             LR: 0.010000 | Batch: 32 | Updates: 21,875 | Time: 5.36s
             Batch Controller | Stability: 0.2235 | Plateau: False | Next Batch: 32 | Reason: validation_improving
             LR Controller | Next LR: 0.010000 | Reason: keep
Epoch 36/80 | Train Loss: 0.6908 | Train Acc: 76.75% | Val Loss: 0.7263 | Val Acc: 75.72%  <-- best
             Grad Mean: 4.2145 | Grad Std: 0.9917 | Grad CV: 0.2353
             LR: 0.010000 | Batch: 32 | Updates: 22,500 | Time: 5.40s
             Batch Controller | Stability: 0.2289 | Plateau: False | Next Batch: 32 | Reason: validation_improving
             LR Controller | Next LR: 0.010000 | Reason: keep
Epoch 37/80 | Train Loss: 0.6540 | Train Acc: 77.97% | Val Loss: 0.8308 | Val Acc: 72.94%
             Grad Mean: 4.2036 | Grad Std: 0.9597 | Grad CV: 0.2283
             LR: 0.010000 | Batch: 32 | Updates: 23,125 | Time: 5.29s
             Batch Controller | Stability: 0.2298 | Plateau: True | Next Batch: 64 | Reason: plateau_and_stable
             LR Controller | Next LR: 0.011487 | Reason: keep
Epoch 38/80 | Train Loss: 0.5317 | Train Acc: 82.34% | Val Loss: 0.6567 | Val Acc: 78.30%  <-- best
             Grad Mean: 3.0539 | Grad Std: 0.6147 | Grad CV: 0.2013
             LR: 0.011487 | Batch: 64 | Updates: 23,438 | Time: 5.17s
             Batch Controller | Stability: 0.2216 | Plateau: False | Next Batch: 64 | Reason: cooldown
             LR Controller | Next LR: 0.011487 | Reason: keep
Epoch 39/80 | Train Loss: 0.5103 | Train Acc: 82.49% | Val Loss: 0.6153 | Val Acc: 79.60%  <-- best
             Grad Mean: 3.2183 | Grad Std: 0.6560 | Grad CV: 0.2038
             LR: 0.011487 | Batch: 64 | Updates: 23,751 | Time: 5.16s
             Batch Controller | Stability: 0.2111 | Plateau: False | Next Batch: 64 | Reason: cooldown
             LR Controller | Next LR: 0.011487 | Reason: keep
Epoch 40/80 | Train Loss: 0.5034 | Train Acc: 83.06% | Val Loss: 0.6199 | Val Acc: 79.46%
             Grad Mean: 3.3760 | Grad Std: 0.6369 | Grad CV: 0.1887
             LR: 0.011487 | Batch: 64 | Updates: 24,064 | Time: 5.13s
             Batch Controller | Stability: 0.1979 | Plateau: False | Next Batch: 64 | Reason: validation_improving
             LR Controller | Next LR: 0.011487 | Reason: keep
Epoch 41/80 | Train Loss: 0.5018 | Train Acc: 83.31% | Val Loss: 0.5845 | Val Acc: 80.72%  <-- best
             Grad Mean: 3.5060 | Grad Std: 0.7498 | Grad CV: 0.2139
             LR: 0.011487 | Batch: 64 | Updates: 24,377 | Time: 5.20s
             Batch Controller | Stability: 0.2021 | Plateau: False | Next Batch: 64 | Reason: validation_improving
             LR Controller | Next LR: 0.011487 | Reason: keep
Epoch 42/80 | Train Loss: 0.4876 | Train Acc: 83.84% | Val Loss: 0.6428 | Val Acc: 78.54%
             Grad Mean: 3.5177 | Grad Std: 0.7353 | Grad CV: 0.2090
             LR: 0.011487 | Batch: 64 | Updates: 24,690 | Time: 5.15s
             Batch Controller | Stability: 0.2039 | Plateau: False | Next Batch: 64 | Reason: validation_improving
             LR Controller | Next LR: 0.011487 | Reason: keep
Epoch 43/80 | Train Loss: 0.4763 | Train Acc: 84.08% | Val Loss: 0.6262 | Val Acc: 79.08%
             Grad Mean: 3.5694 | Grad Std: 0.7015 | Grad CV: 0.1965
             LR: 0.011487 | Batch: 64 | Updates: 25,003 | Time: 5.10s
             Batch Controller | Stability: 0.2065 | Plateau: False | Next Batch: 64 | Reason: validation_improving
             LR Controller | Next LR: 0.011487 | Reason: keep
Epoch 44/80 | Train Loss: 0.4859 | Train Acc: 83.95% | Val Loss: 0.5811 | Val Acc: 80.70%  <-- best
             Grad Mean: 3.6426 | Grad Std: 0.7270 | Grad CV: 0.1996
             LR: 0.011487 | Batch: 64 | Updates: 25,316 | Time: 5.08s
             Batch Controller | Stability: 0.2017 | Plateau: True | Next Batch: 128 | Reason: plateau_and_stable
             LR Controller | Next LR: 0.013195 | Reason: keep
Epoch 45/80 | Train Loss: 0.3744 | Train Acc: 87.64% | Val Loss: 0.5481 | Val Acc: 82.14%  <-- best
             Grad Mean: 2.4912 | Grad Std: 0.3950 | Grad CV: 0.1586
             LR: 0.013195 | Batch: 128 | Updates: 25,473 | Time: 4.46s
             Batch Controller | Stability: 0.1849 | Plateau: False | Next Batch: 128 | Reason: cooldown
             LR Controller | Next LR: 0.013195 | Reason: keep
Epoch 46/80 | Train Loss: 0.3454 | Train Acc: 88.37% | Val Loss: 0.5427 | Val Acc: 82.62%  <-- best
             Grad Mean: 2.6875 | Grad Std: 0.5548 | Grad CV: 0.2064
             LR: 0.013195 | Batch: 128 | Updates: 25,630 | Time: 4.46s
             Batch Controller | Stability: 0.1882 | Plateau: False | Next Batch: 128 | Reason: cooldown
             LR Controller | Next LR: 0.013195 | Reason: keep
Epoch 47/80 | Train Loss: 0.3469 | Train Acc: 88.46% | Val Loss: 0.5494 | Val Acc: 81.98%
             Grad Mean: 2.7672 | Grad Std: 0.5599 | Grad CV: 0.2023
             LR: 0.013195 | Batch: 128 | Updates: 25,787 | Time: 4.52s
             Batch Controller | Stability: 0.1891 | Plateau: False | Next Batch: 128 | Reason: validation_improving
             LR Controller | Next LR: 0.013195 | Reason: keep
Epoch 48/80 | Train Loss: 0.3352 | Train Acc: 88.88% | Val Loss: 0.5411 | Val Acc: 82.38%  <-- best
             Grad Mean: 2.9069 | Grad Std: 0.4794 | Grad CV: 0.1649
             LR: 0.013195 | Batch: 128 | Updates: 25,944 | Time: 4.54s
             Batch Controller | Stability: 0.1912 | Plateau: True | Next Batch: 256 | Reason: plateau_and_stable
             LR Controller | Next LR: 0.015157 | Reason: keep
Epoch 49/80 | Train Loss: 0.2692 | Train Acc: 91.19% | Val Loss: 0.5313 | Val Acc: 83.14%  <-- best
             Grad Mean: 2.1322 | Grad Std: 0.6354 | Grad CV: 0.2980
             LR: 0.015157 | Batch: 256 | Updates: 26,023 | Time: 4.51s
             Batch Controller | Stability: 0.2217 | Plateau: False | Next Batch: 256 | Reason: maximum_batch_size
             LR Controller | Next LR: 0.015157 | Reason: keep
Epoch 50/80 | Train Loss: 0.2568 | Train Acc: 91.50% | Val Loss: 0.4870 | Val Acc: 83.96%  <-- best
             Grad Mean: 2.1437 | Grad Std: 0.5173 | Grad CV: 0.2413
             LR: 0.015157 | Batch: 256 | Updates: 26,102 | Time: 4.45s
             Batch Controller | Stability: 0.2347 | Plateau: False | Next Batch: 256 | Reason: maximum_batch_size
             LR Controller | Next LR: 0.015157 | Reason: keep
Epoch 51/80 | Train Loss: 0.2444 | Train Acc: 91.69% | Val Loss: 0.5064 | Val Acc: 83.86%
             Grad Mean: 2.1651 | Grad Std: 0.3529 | Grad CV: 0.1630
             LR: 0.015157 | Batch: 256 | Updates: 26,181 | Time: 4.53s
             Batch Controller | Stability: 0.2341 | Plateau: False | Next Batch: 256 | Reason: maximum_batch_size
             LR Controller | Next LR: 0.015157 | Reason: keep
Epoch 52/80 | Train Loss: 0.2247 | Train Acc: 92.52% | Val Loss: 0.5304 | Val Acc: 83.34%
             Grad Mean: 2.3159 | Grad Std: 0.5780 | Grad CV: 0.2496
             LR: 0.015157 | Batch: 256 | Updates: 26,260 | Time: 4.57s
             Batch Controller | Stability: 0.2180 | Plateau: False | Next Batch: 256 | Reason: maximum_batch_size
             LR Controller | Next LR: 0.015157 | Reason: keep
Epoch 53/80 | Train Loss: 0.2476 | Train Acc: 91.60% | Val Loss: 0.5023 | Val Acc: 84.30%
             Grad Mean: 2.5512 | Grad Std: 0.5178 | Grad CV: 0.2030
             LR: 0.015157 | Batch: 256 | Updates: 26,339 | Time: 4.55s
             Batch Controller | Stability: 0.2052 | Plateau: True | Next Batch: 256 | Reason: maximum_batch_size
             LR Controller | Next LR: 0.015157 | Reason: keep
Epoch 54/80 | Train Loss: 0.2201 | Train Acc: 92.62% | Val Loss: 0.5002 | Val Acc: 84.24%
             Grad Mean: 2.3182 | Grad Std: 0.3174 | Grad CV: 0.1369
             LR: 0.015157 | Batch: 256 | Updates: 26,418 | Time: 4.66s
             Batch Controller | Stability: 0.1965 | Plateau: True | Next Batch: 256 | Reason: maximum_batch_size
             LR Controller | Next LR: 0.015157 | Reason: keep
Epoch 55/80 | Train Loss: 0.2265 | Train Acc: 92.31% | Val Loss: 0.5728 | Val Acc: 82.12%
             Grad Mean: 2.6918 | Grad Std: 0.6451 | Grad CV: 0.2397
             LR: 0.015157 | Batch: 256 | Updates: 26,497 | Time: 4.57s
             Batch Controller | Stability: 0.1932 | Plateau: True | Next Batch: 256 | Reason: maximum_batch_size
             LR Controller | Next LR: 0.015157 | Reason: keep
Epoch 56/80 | Train Loss: 0.2198 | Train Acc: 92.56% | Val Loss: 0.5426 | Val Acc: 83.52%
             Grad Mean: 2.5568 | Grad Std: 0.7864 | Grad CV: 0.3076
             LR: 0.015157 | Batch: 256 | Updates: 26,576 | Time: 4.54s
             Batch Controller | Stability: 0.2281 | Plateau: True | Next Batch: 256 | Reason: maximum_batch_size
             LR Controller | Next LR: 0.007579 | Reason: worsening_decay
Epoch 57/80 | Train Loss: 0.1609 | Train Acc: 94.86% | Val Loss: 0.4925 | Val Acc: 84.98%
             Grad Mean: 2.0464 | Grad Std: 0.4071 | Grad CV: 0.1989
             LR: 0.007579 | Batch: 256 | Updates: 26,655 | Time: 4.58s
             Batch Controller | Stability: 0.2487 | Plateau: True | Next Batch: 256 | Reason: maximum_batch_size
             LR Controller | Next LR: 0.007579 | Reason: cooldown
Epoch 58/80 | Train Loss: 0.1360 | Train Acc: 95.61% | Val Loss: 0.4884 | Val Acc: 85.24%
             Grad Mean: 2.0936 | Grad Std: 0.6932 | Grad CV: 0.3311
             LR: 0.007579 | Batch: 256 | Updates: 26,734 | Time: 4.54s
             Batch Controller | Stability: 0.2792 | Plateau: True | Next Batch: 256 | Reason: maximum_batch_size
             LR Controller | Next LR: 0.007579 | Reason: cooldown
Epoch 59/80 | Train Loss: 0.1290 | Train Acc: 95.88% | Val Loss: 0.4993 | Val Acc: 85.10%
             Grad Mean: 2.0694 | Grad Std: 0.4220 | Grad CV: 0.2039
             LR: 0.007579 | Batch: 256 | Updates: 26,813 | Time: 4.62s
             Batch Controller | Stability: 0.2446 | Plateau: True | Next Batch: 256 | Reason: maximum_batch_size
             LR Controller | Next LR: 0.007579 | Reason: keep
Epoch 60/80 | Train Loss: 0.1169 | Train Acc: 96.24% | Val Loss: 0.5159 | Val Acc: 84.72%
             Grad Mean: 2.0810 | Grad Std: 0.5843 | Grad CV: 0.2808
             LR: 0.007579 | Batch: 256 | Updates: 26,892 | Time: 4.54s
             Batch Controller | Stability: 0.2719 | Plateau: True | Next Batch: 256 | Reason: maximum_batch_size
             LR Controller | Next LR: 0.007579 | Reason: keep
Epoch 61/80 | Train Loss: 0.1170 | Train Acc: 96.27% | Val Loss: 0.5068 | Val Acc: 85.28%
             Grad Mean: 2.2381 | Grad Std: 0.4945 | Grad CV: 0.2209
             LR: 0.007579 | Batch: 256 | Updates: 26,971 | Time: 4.80s
             Batch Controller | Stability: 0.2352 | Plateau: True | Next Batch: 256 | Reason: maximum_batch_size
             LR Controller | Next LR: 0.003789 | Reason: worsening_decay
Epoch 62/80 | Train Loss: 0.0856 | Train Acc: 97.38% | Val Loss: 0.5009 | Val Acc: 86.12%
             Grad Mean: 1.8233 | Grad Std: 0.4821 | Grad CV: 0.2644
             LR: 0.003789 | Batch: 256 | Updates: 27,050 | Time: 5.05s
             Batch Controller | Stability: 0.2554 | Plateau: True | Next Batch: 256 | Reason: maximum_batch_size
             LR Controller | Next LR: 0.003789 | Reason: cooldown
Epoch 63/80 | Train Loss: 0.0736 | Train Acc: 97.75% | Val Loss: 0.4891 | Val Acc: 86.12%
             Grad Mean: 1.7072 | Grad Std: 0.3843 | Grad CV: 0.2251
             LR: 0.003789 | Batch: 256 | Updates: 27,129 | Time: 4.93s
             Batch Controller | Stability: 0.2368 | Plateau: True | Next Batch: 256 | Reason: maximum_batch_size
             LR Controller | Next LR: 0.003789 | Reason: cooldown
Epoch 64/80 | Train Loss: 0.0706 | Train Acc: 97.98% | Val Loss: 0.5080 | Val Acc: 86.08%
             Grad Mean: 1.6952 | Grad Std: 0.4335 | Grad CV: 0.2557
             LR: 0.003789 | Batch: 256 | Updates: 27,208 | Time: 4.52s
             Batch Controller | Stability: 0.2484 | Plateau: True | Next Batch: 256 | Reason: maximum_batch_size
             LR Controller | Next LR: 0.003789 | Reason: keep
Epoch 65/80 | Train Loss: 0.0697 | Train Acc: 97.97% | Val Loss: 0.5083 | Val Acc: 86.02%
             Grad Mean: 1.8504 | Grad Std: 0.5690 | Grad CV: 0.3075
             LR: 0.003789 | Batch: 256 | Updates: 27,287 | Time: 4.60s
             Batch Controller | Stability: 0.2628 | Plateau: True | Next Batch: 256 | Reason: maximum_batch_size
             LR Controller | Next LR: 0.003789 | Reason: keep
Epoch 66/80 | Train Loss: 0.0642 | Train Acc: 98.16% | Val Loss: 0.4941 | Val Acc: 86.58%
             Grad Mean: 1.7160 | Grad Std: 0.4151 | Grad CV: 0.2419
             LR: 0.003789 | Batch: 256 | Updates: 27,366 | Time: 4.58s
             Batch Controller | Stability: 0.2684 | Plateau: True | Next Batch: 256 | Reason: maximum_batch_size
             LR Controller | Next LR: 0.003789 | Reason: keep
Epoch 67/80 | Train Loss: 0.0618 | Train Acc: 98.17% | Val Loss: 0.5113 | Val Acc: 86.18%
             Grad Mean: 1.7771 | Grad Std: 0.5355 | Grad CV: 0.3014
             LR: 0.003789 | Batch: 256 | Updates: 27,445 | Time: 4.66s
             Batch Controller | Stability: 0.2836 | Plateau: True | Next Batch: 256 | Reason: maximum_batch_size
             LR Controller | Next LR: 0.003789 | Reason: keep
Epoch 68/80 | Train Loss: 0.0569 | Train Acc: 98.36% | Val Loss: 0.5276 | Val Acc: 85.98%
             Grad Mean: 1.7820 | Grad Std: 0.6379 | Grad CV: 0.3580
             LR: 0.003789 | Batch: 256 | Updates: 27,524 | Time: 4.53s
             Batch Controller | Stability: 0.3004 | Plateau: True | Next Batch: 256 | Reason: maximum_batch_size
             LR Controller | Next LR: 0.003789 | Reason: keep
Epoch 69/80 | Train Loss: 0.0625 | Train Acc: 98.14% | Val Loss: 0.5066 | Val Acc: 86.32%
             Grad Mean: 1.8956 | Grad Std: 0.4033 | Grad CV: 0.2127
             LR: 0.003789 | Batch: 256 | Updates: 27,603 | Time: 4.55s
             Batch Controller | Stability: 0.2907 | Plateau: True | Next Batch: 256 | Reason: maximum_batch_size
             LR Controller | Next LR: 0.001895 | Reason: worsening_decay
Epoch 70/80 | Train Loss: 0.0499 | Train Acc: 98.61% | Val Loss: 0.4943 | Val Acc: 86.78%
             Grad Mean: 1.6402 | Grad Std: 0.4600 | Grad CV: 0.2805
             LR: 0.001895 | Batch: 256 | Updates: 27,682 | Time: 4.57s
             Batch Controller | Stability: 0.2837 | Plateau: True | Next Batch: 256 | Reason: maximum_batch_size
             LR Controller | Next LR: 0.001895 | Reason: cooldown
Epoch 71/80 | Train Loss: 0.0432 | Train Acc: 98.91% | Val Loss: 0.5138 | Val Acc: 86.60%
             Grad Mean: 1.4349 | Grad Std: 0.4430 | Grad CV: 0.3088
             LR: 0.001895 | Batch: 256 | Updates: 27,761 | Time: 4.58s
             Batch Controller | Stability: 0.2673 | Plateau: True | Next Batch: 256 | Reason: maximum_batch_size
             LR Controller | Next LR: 0.001895 | Reason: cooldown
Epoch 72/80 | Train Loss: 0.0423 | Train Acc: 98.87% | Val Loss: 0.5092 | Val Acc: 86.64%
             Grad Mean: 1.4929 | Grad Std: 0.4263 | Grad CV: 0.2856
             LR: 0.001895 | Batch: 256 | Updates: 27,840 | Time: 4.57s
             Batch Controller | Stability: 0.2916 | Plateau: True | Next Batch: 256 | Reason: maximum_batch_size
             LR Controller | Next LR: 0.001895 | Reason: keep
Epoch 73/80 | Train Loss: 0.0384 | Train Acc: 98.98% | Val Loss: 0.5133 | Val Acc: 86.28%
             Grad Mean: 1.4992 | Grad Std: 0.6337 | Grad CV: 0.4227
             LR: 0.001895 | Batch: 256 | Updates: 27,919 | Time: 4.55s
             Batch Controller | Stability: 0.3390 | Plateau: True | Next Batch: 256 | Reason: maximum_batch_size
             LR Controller | Next LR: 0.001895 | Reason: keep
Epoch 74/80 | Train Loss: 0.0369 | Train Acc: 99.03% | Val Loss: 0.5088 | Val Acc: 86.52%
             Grad Mean: 1.3693 | Grad Std: 0.3780 | Grad CV: 0.2760
             LR: 0.001895 | Batch: 256 | Updates: 27,998 | Time: 4.52s
             Batch Controller | Stability: 0.3281 | Plateau: True | Next Batch: 256 | Reason: maximum_batch_size
             LR Controller | Next LR: 0.000947 | Reason: worsening_decay
Epoch 75/80 | Train Loss: 0.0340 | Train Acc: 99.17% | Val Loss: 0.5097 | Val Acc: 86.32%
             Grad Mean: 1.3533 | Grad Std: 0.3875 | Grad CV: 0.2863
             LR: 0.000947 | Batch: 256 | Updates: 28,077 | Time: 4.54s
             Batch Controller | Stability: 0.3283 | Plateau: True | Next Batch: 256 | Reason: maximum_batch_size
             LR Controller | Next LR: 0.000947 | Reason: cooldown
Epoch 76/80 | Train Loss: 0.0338 | Train Acc: 99.19% | Val Loss: 0.5086 | Val Acc: 86.68%
             Grad Mean: 1.3561 | Grad Std: 0.3936 | Grad CV: 0.2903
             LR: 0.000947 | Batch: 256 | Updates: 28,156 | Time: 4.48s
             Batch Controller | Stability: 0.2842 | Plateau: True | Next Batch: 256 | Reason: maximum_batch_size
             LR Controller | Next LR: 0.000947 | Reason: cooldown
Epoch 77/80 | Train Loss: 0.0336 | Train Acc: 99.19% | Val Loss: 0.5089 | Val Acc: 86.72%
             Grad Mean: 1.3640 | Grad Std: 0.4317 | Grad CV: 0.3165
             LR: 0.000947 | Batch: 256 | Updates: 28,235 | Time: 4.50s
             Batch Controller | Stability: 0.2977 | Plateau: True | Next Batch: 256 | Reason: maximum_batch_size
             LR Controller | Next LR: 0.000947 | Reason: keep
Epoch 78/80 | Train Loss: 0.0316 | Train Acc: 99.26% | Val Loss: 0.5131 | Val Acc: 86.84%
             Grad Mean: 1.2850 | Grad Std: 0.3980 | Grad CV: 0.3097
             LR: 0.000947 | Batch: 256 | Updates: 28,314 | Time: 4.55s
             Batch Controller | Stability: 0.3055 | Plateau: True | Next Batch: 256 | Reason: maximum_batch_size
             LR Controller | Next LR: 0.000947 | Reason: keep
Epoch 79/80 | Train Loss: 0.0317 | Train Acc: 99.27% | Val Loss: 0.5155 | Val Acc: 86.56%
             Grad Mean: 1.4044 | Grad Std: 0.8043 | Grad CV: 0.5727
             LR: 0.000947 | Batch: 256 | Updates: 28,393 | Time: 4.55s
             Batch Controller | Stability: 0.3996 | Plateau: True | Next Batch: 256 | Reason: maximum_batch_size
             LR Controller | Next LR: 0.000947 | Reason: keep
Epoch 80/80 | Train Loss: 0.0321 | Train Acc: 99.19% | Val Loss: 0.5185 | Val Acc: 86.70%
             Grad Mean: 1.3921 | Grad Std: 0.4304 | Grad CV: 0.3092
             LR: 0.000947 | Batch: 256 | Updates: 28,472 | Time: 4.61s
             Batch Controller | Stability: 0.3972 | Plateau: True | Next Batch: 256 | Reason: maximum_batch_size
             LR Controller | Next LR: 0.000947 | Reason: keep
==============================================================================
Training complete
Epochs completed: 80
Best checkpoint epoch: 50
Best validation loss: 0.4870
Total optimizer updates: 28,472
Total training time: 401.09 seconds
Final batch size used: 256
Final learning rate used: 0.000947
Results saved to: /home/ams098z/Courses/CSCE5218/MidetermProj/adaptive-batch-lr-cifar10/results/unified_experiments/20261008T222534_830127Z/runs/E4/deeper_cnn_wide_adaptive_batch_adaptive_lr_refLR0.01_seed42_pilot80/20261008T224659_734723Z/deeper_cnn_wide_adaptive_batch_adaptive_lr_refLR0.01_seed42_pilot80.csv
Metadata saved to: /home/ams098z/Courses/CSCE5218/MidetermProj/adaptive-batch-lr-cifar10/results/unified_experiments/20261008T222534_830127Z/runs/E4/deeper_cnn_wide_adaptive_batch_adaptive_lr_refLR0.01_seed42_pilot80/20261008T224659_734723Z/deeper_cnn_wide_adaptive_batch_adaptive_lr_refLR0.01_seed42_pilot80_metadata.json
==============================================================================
Evaluated checkpoint: epoch 50
Validation accuracy: 83.96%
Validation macro F1: 0.8389
Evaluation results saved to: /home/ams098z/Courses/CSCE5218/MidetermProj/adaptive-batch-lr-cifar10/results/unified_experiments/20261008T222534_830127Z/runs/E4/deeper_cnn_wide_adaptive_batch_adaptive_lr_refLR0.01_seed42_pilot80/20261008T224659_734723Z
