
CIFAR-100 dataset ready
------------------------------------------------------------
Training samples:   45,000
Validation samples: 5,000
Test samples:       10,000

Training samples per class:
[450, 450, 450, 450, 450, 450, 450, 450, 450, 450, 450, 450, 450, 450, 450, 450, 450, 450, 450, 450, 450, 450, 450, 450, 450, 450, 450, 450, 450, 450, 450, 450, 450, 450, 450, 450, 450, 450, 450, 450, 450, 450, 450, 450, 450, 450, 450, 450, 450, 450, 450, 450, 450, 450, 450, 450, 450, 450, 450, 450, 450, 450, 450, 450, 450, 450, 450, 450, 450, 450, 450, 450, 450, 450, 450, 450, 450, 450, 450, 450, 450, 450, 450, 450, 450, 450, 450, 450, 450, 450, 450, 450, 450, 450, 450, 450, 450, 450, 450, 450]

Validation samples per class:
[50, 50, 50, 50, 50, 50, 50, 50, 50, 50, 50, 50, 50, 50, 50, 50, 50, 50, 50, 50, 50, 50, 50, 50, 50, 50, 50, 50, 50, 50, 50, 50, 50, 50, 50, 50, 50, 50, 50, 50, 50, 50, 50, 50, 50, 50, 50, 50, 50, 50, 50, 50, 50, 50, 50, 50, 50, 50, 50, 50, 50, 50, 50, 50, 50, 50, 50, 50, 50, 50, 50, 50, 50, 50, 50, 50, 50, 50, 50, 50, 50, 50, 50, 50, 50, 50, 50, 50, 50, 50, 50, 50, 50, 50, 50, 50, 50, 50, 50, 50]
------------------------------------------------------------
==============================================================================
E4: Adaptive Batch Size + Adaptive Learning Rate
==============================================================================
Results directory:    /home/ams098z/Courses/CSCE5218/MidetermProj/adaptive-batch-lr-cifar10/results/tuning_cifar100_20261005/trials/E4_alpha0.2_ep160/cifar100_adaptive_batch_adaptive_lr_refLR0.01_seed42_pilot160/20261005T081941_104590Z
Device:               NVIDIA GeForce RTX 5070 Ti Laptop GPU
Dataset:              CIFAR-100; classes: 100
Training samples:     45,000
Validation samples:   5,000
Epochs:               160
Initial batch:        32
Allowed batches:      [32, 64, 128, 256]
Initial LR:           0.01000000
Reference LR:         0.01
LR alpha:             0.2
LR factor:            0.5
Warmup epochs:        0
Pilot run:            True
==============================================================================

Starting adaptive batch + adaptive LR training
==============================================================================
Epoch 01/160 | Train Loss: 4.1571 | Train Acc: 5.92% | Val Loss: 3.9197 | Val Acc: 9.24%  <-- best
             Grad Mean: 2.1002 | Grad Std: 0.3240 | Grad CV: 0.1542
             LR: 0.010000 | Batch: 32 | Updates: 1,407 | Time: 4.08s
             Batch Controller | Stability: N/A | Plateau: False | Next Batch: 32 | Reason: insufficient_gradient_history
             LR Controller | Next LR: 0.010000 | Reason: keep
Epoch 02/160 | Train Loss: 3.7520 | Train Acc: 11.28% | Val Loss: 3.6621 | Val Acc: 11.68%  <-- best
             Grad Mean: 2.4831 | Grad Std: 0.3920 | Grad CV: 0.1579
             LR: 0.010000 | Batch: 32 | Updates: 2,814 | Time: 3.97s
             Batch Controller | Stability: N/A | Plateau: False | Next Batch: 32 | Reason: insufficient_gradient_history
             LR Controller | Next LR: 0.010000 | Reason: keep
Epoch 03/160 | Train Loss: 3.4882 | Train Acc: 15.78% | Val Loss: 3.4979 | Val Acc: 15.62%  <-- best
             Grad Mean: 2.8274 | Grad Std: 0.4552 | Grad CV: 0.1610
             LR: 0.010000 | Batch: 32 | Updates: 4,221 | Time: 3.85s
             Batch Controller | Stability: 0.1577 | Plateau: False | Next Batch: 32 | Reason: validation_improving
             LR Controller | Next LR: 0.010000 | Reason: keep
Epoch 04/160 | Train Loss: 3.2997 | Train Acc: 19.31% | Val Loss: 3.4638 | Val Acc: 17.98%  <-- best
             Grad Mean: 3.0621 | Grad Std: 0.4807 | Grad CV: 0.1570
             LR: 0.010000 | Batch: 32 | Updates: 5,628 | Time: 3.86s
             Batch Controller | Stability: 0.1586 | Plateau: False | Next Batch: 32 | Reason: validation_improving
             LR Controller | Next LR: 0.010000 | Reason: keep
Epoch 05/160 | Train Loss: 3.1524 | Train Acc: 21.89% | Val Loss: 3.3760 | Val Acc: 19.02%  <-- best
             Grad Mean: 3.2283 | Grad Std: 0.5150 | Grad CV: 0.1595
             LR: 0.010000 | Batch: 32 | Updates: 7,035 | Time: 3.98s
             Batch Controller | Stability: 0.1592 | Plateau: False | Next Batch: 32 | Reason: validation_improving
             LR Controller | Next LR: 0.010000 | Reason: keep
Epoch 06/160 | Train Loss: 3.0465 | Train Acc: 24.25% | Val Loss: 3.1742 | Val Acc: 21.66%  <-- best
             Grad Mean: 3.2690 | Grad Std: 0.4914 | Grad CV: 0.1503
             LR: 0.010000 | Batch: 32 | Updates: 8,442 | Time: 4.16s
             Batch Controller | Stability: 0.1556 | Plateau: False | Next Batch: 32 | Reason: validation_improving
             LR Controller | Next LR: 0.010000 | Reason: keep
Epoch 07/160 | Train Loss: 2.9556 | Train Acc: 26.02% | Val Loss: 3.1293 | Val Acc: 22.80%  <-- best
             Grad Mean: 3.3429 | Grad Std: 0.4911 | Grad CV: 0.1469
             LR: 0.010000 | Batch: 32 | Updates: 9,849 | Time: 4.02s
             Batch Controller | Stability: 0.1523 | Plateau: False | Next Batch: 32 | Reason: validation_improving
             LR Controller | Next LR: 0.010000 | Reason: keep
Epoch 08/160 | Train Loss: 2.8818 | Train Acc: 27.49% | Val Loss: 3.1515 | Val Acc: 23.30%
             Grad Mean: 3.3419 | Grad Std: 0.4519 | Grad CV: 0.1352
             LR: 0.010000 | Batch: 32 | Updates: 11,256 | Time: 4.16s
             Batch Controller | Stability: 0.1441 | Plateau: False | Next Batch: 32 | Reason: validation_improving
             LR Controller | Next LR: 0.010000 | Reason: keep
Epoch 09/160 | Train Loss: 2.8308 | Train Acc: 28.80% | Val Loss: 3.1092 | Val Acc: 23.76%  <-- best
             Grad Mean: 3.3668 | Grad Std: 0.4769 | Grad CV: 0.1417
             LR: 0.010000 | Batch: 32 | Updates: 12,663 | Time: 4.06s
             Batch Controller | Stability: 0.1413 | Plateau: False | Next Batch: 32 | Reason: validation_improving
             LR Controller | Next LR: 0.010000 | Reason: keep
Epoch 10/160 | Train Loss: 2.7804 | Train Acc: 29.48% | Val Loss: 2.9265 | Val Acc: 26.62%  <-- best
             Grad Mean: 3.3780 | Grad Std: 0.4534 | Grad CV: 0.1342
             LR: 0.010000 | Batch: 32 | Updates: 14,070 | Time: 4.16s
             Batch Controller | Stability: 0.1370 | Plateau: False | Next Batch: 32 | Reason: validation_improving
             LR Controller | Next LR: 0.010000 | Reason: keep
Epoch 11/160 | Train Loss: 2.7294 | Train Acc: 30.68% | Val Loss: 3.0356 | Val Acc: 25.08%
             Grad Mean: 3.3846 | Grad Std: 0.4214 | Grad CV: 0.1245
             LR: 0.010000 | Batch: 32 | Updates: 15,477 | Time: 3.96s
             Batch Controller | Stability: 0.1335 | Plateau: False | Next Batch: 32 | Reason: validation_improving
             LR Controller | Next LR: 0.010000 | Reason: keep
Epoch 12/160 | Train Loss: 2.7015 | Train Acc: 30.94% | Val Loss: 2.9503 | Val Acc: 26.70%
             Grad Mean: 3.4329 | Grad Std: 0.4645 | Grad CV: 0.1353
             LR: 0.010000 | Batch: 32 | Updates: 16,884 | Time: 3.71s
             Batch Controller | Stability: 0.1313 | Plateau: False | Next Batch: 32 | Reason: validation_improving
             LR Controller | Next LR: 0.010000 | Reason: keep
Epoch 13/160 | Train Loss: 2.6598 | Train Acc: 31.73% | Val Loss: 2.8847 | Val Acc: 27.66%  <-- best
             Grad Mean: 3.4534 | Grad Std: 0.4560 | Grad CV: 0.1321
             LR: 0.010000 | Batch: 32 | Updates: 18,291 | Time: 3.81s
             Batch Controller | Stability: 0.1306 | Plateau: False | Next Batch: 32 | Reason: validation_improving
             LR Controller | Next LR: 0.010000 | Reason: keep
Epoch 14/160 | Train Loss: 2.6302 | Train Acc: 32.47% | Val Loss: 2.8623 | Val Acc: 27.68%  <-- best
             Grad Mean: 3.4437 | Grad Std: 0.4429 | Grad CV: 0.1286
             LR: 0.010000 | Batch: 32 | Updates: 19,698 | Time: 3.91s
             Batch Controller | Stability: 0.1320 | Plateau: False | Next Batch: 32 | Reason: validation_improving
             LR Controller | Next LR: 0.010000 | Reason: keep
Epoch 15/160 | Train Loss: 2.6066 | Train Acc: 33.03% | Val Loss: 2.8134 | Val Acc: 29.30%  <-- best
             Grad Mean: 3.4732 | Grad Std: 0.4468 | Grad CV: 0.1286
             LR: 0.010000 | Batch: 32 | Updates: 21,105 | Time: 4.03s
             Batch Controller | Stability: 0.1298 | Plateau: False | Next Batch: 32 | Reason: validation_improving
             LR Controller | Next LR: 0.010000 | Reason: keep
Epoch 16/160 | Train Loss: 2.5752 | Train Acc: 33.69% | Val Loss: 2.8346 | Val Acc: 29.20%
             Grad Mean: 3.4906 | Grad Std: 0.4535 | Grad CV: 0.1299
             LR: 0.010000 | Batch: 32 | Updates: 22,512 | Time: 4.08s
             Batch Controller | Stability: 0.1291 | Plateau: False | Next Batch: 32 | Reason: validation_improving
             LR Controller | Next LR: 0.010000 | Reason: keep
Epoch 17/160 | Train Loss: 2.5588 | Train Acc: 34.00% | Val Loss: 2.8059 | Val Acc: 29.04%  <-- best
             Grad Mean: 3.4883 | Grad Std: 0.4560 | Grad CV: 0.1307
             LR: 0.010000 | Batch: 32 | Updates: 23,919 | Time: 4.14s
             Batch Controller | Stability: 0.1298 | Plateau: False | Next Batch: 32 | Reason: validation_improving
             LR Controller | Next LR: 0.010000 | Reason: keep
Epoch 18/160 | Train Loss: 2.5365 | Train Acc: 34.47% | Val Loss: 2.8406 | Val Acc: 29.64%
             Grad Mean: 3.5079 | Grad Std: 0.4564 | Grad CV: 0.1301
             LR: 0.010000 | Batch: 32 | Updates: 25,326 | Time: 3.92s
             Batch Controller | Stability: 0.1303 | Plateau: True | Next Batch: 64 | Reason: plateau_and_stable
             LR Controller | Next LR: 0.011487 | Reason: keep
Epoch 19/160 | Train Loss: 2.4044 | Train Acc: 37.79% | Val Loss: 2.8001 | Val Acc: 29.66%  <-- best
             Grad Mean: 2.7306 | Grad Std: 0.3957 | Grad CV: 0.1449
             LR: 0.011487 | Batch: 64 | Updates: 26,030 | Time: 2.99s
             Batch Controller | Stability: 0.1352 | Plateau: False | Next Batch: 64 | Reason: cooldown
             LR Controller | Next LR: 0.011487 | Reason: keep
Epoch 20/160 | Train Loss: 2.3912 | Train Acc: 37.66% | Val Loss: 2.7444 | Val Acc: 30.76%  <-- best
             Grad Mean: 2.8925 | Grad Std: 0.4184 | Grad CV: 0.1447
             LR: 0.011487 | Batch: 64 | Updates: 26,734 | Time: 3.03s
             Batch Controller | Stability: 0.1399 | Plateau: False | Next Batch: 64 | Reason: cooldown
             LR Controller | Next LR: 0.011487 | Reason: keep
Epoch 21/160 | Train Loss: 2.3819 | Train Acc: 38.01% | Val Loss: 2.6511 | Val Acc: 32.76%  <-- best
             Grad Mean: 2.9564 | Grad Std: 0.4058 | Grad CV: 0.1373
             LR: 0.011487 | Batch: 64 | Updates: 27,438 | Time: 2.94s
             Batch Controller | Stability: 0.1423 | Plateau: False | Next Batch: 64 | Reason: validation_improving
             LR Controller | Next LR: 0.011487 | Reason: keep
Epoch 22/160 | Train Loss: 2.3678 | Train Acc: 38.14% | Val Loss: 2.6299 | Val Acc: 33.40%  <-- best
             Grad Mean: 2.9874 | Grad Std: 0.4279 | Grad CV: 0.1432
             LR: 0.011487 | Batch: 64 | Updates: 28,142 | Time: 3.00s
             Batch Controller | Stability: 0.1417 | Plateau: False | Next Batch: 64 | Reason: validation_improving
             LR Controller | Next LR: 0.011487 | Reason: keep
Epoch 23/160 | Train Loss: 2.3593 | Train Acc: 38.27% | Val Loss: 2.6942 | Val Acc: 32.14%
             Grad Mean: 3.0582 | Grad Std: 0.3896 | Grad CV: 0.1274
             LR: 0.011487 | Batch: 64 | Updates: 28,846 | Time: 2.90s
             Batch Controller | Stability: 0.1360 | Plateau: False | Next Batch: 64 | Reason: validation_improving
             LR Controller | Next LR: 0.011487 | Reason: keep
Epoch 24/160 | Train Loss: 2.3557 | Train Acc: 38.36% | Val Loss: 2.6779 | Val Acc: 32.54%
             Grad Mean: 3.1205 | Grad Std: 0.4307 | Grad CV: 0.1380
             LR: 0.011487 | Batch: 64 | Updates: 29,550 | Time: 2.88s
             Batch Controller | Stability: 0.1362 | Plateau: False | Next Batch: 64 | Reason: validation_improving
             LR Controller | Next LR: 0.011487 | Reason: keep
Epoch 25/160 | Train Loss: 2.3396 | Train Acc: 38.90% | Val Loss: 2.6650 | Val Acc: 32.34%
             Grad Mean: 3.1110 | Grad Std: 0.4216 | Grad CV: 0.1355
             LR: 0.011487 | Batch: 64 | Updates: 30,254 | Time: 2.90s
             Batch Controller | Stability: 0.1336 | Plateau: True | Next Batch: 128 | Reason: plateau_and_stable
             LR Controller | Next LR: 0.013195 | Reason: keep
Epoch 26/160 | Train Loss: 2.2534 | Train Acc: 40.77% | Val Loss: 2.5854 | Val Acc: 34.92%  <-- best
             Grad Mean: 2.4420 | Grad Std: 0.3340 | Grad CV: 0.1368
             LR: 0.013195 | Batch: 128 | Updates: 30,606 | Time: 2.81s
             Batch Controller | Stability: 0.1368 | Plateau: False | Next Batch: 128 | Reason: cooldown
             LR Controller | Next LR: 0.013195 | Reason: keep
Epoch 27/160 | Train Loss: 2.2313 | Train Acc: 41.40% | Val Loss: 2.5166 | Val Acc: 35.94%  <-- best
             Grad Mean: 2.5108 | Grad Std: 0.3064 | Grad CV: 0.1220
             LR: 0.013195 | Batch: 128 | Updates: 30,958 | Time: 2.72s
             Batch Controller | Stability: 0.1314 | Plateau: False | Next Batch: 128 | Reason: cooldown
             LR Controller | Next LR: 0.013195 | Reason: keep
Epoch 28/160 | Train Loss: 2.2235 | Train Acc: 41.44% | Val Loss: 2.5641 | Val Acc: 35.28%
             Grad Mean: 2.5779 | Grad Std: 0.3304 | Grad CV: 0.1282
             LR: 0.013195 | Batch: 128 | Updates: 31,310 | Time: 2.71s
             Batch Controller | Stability: 0.1290 | Plateau: False | Next Batch: 128 | Reason: validation_improving
             LR Controller | Next LR: 0.013195 | Reason: keep
Epoch 29/160 | Train Loss: 2.2217 | Train Acc: 41.54% | Val Loss: 2.5783 | Val Acc: 33.52%
             Grad Mean: 2.6655 | Grad Std: 0.3807 | Grad CV: 0.1428
             LR: 0.013195 | Batch: 128 | Updates: 31,662 | Time: 2.74s
             Batch Controller | Stability: 0.1310 | Plateau: False | Next Batch: 128 | Reason: validation_improving
             LR Controller | Next LR: 0.013195 | Reason: keep
Epoch 30/160 | Train Loss: 2.2258 | Train Acc: 41.27% | Val Loss: 2.5138 | Val Acc: 35.06%  <-- best
             Grad Mean: 2.7508 | Grad Std: 0.3719 | Grad CV: 0.1352
             LR: 0.013195 | Batch: 128 | Updates: 32,014 | Time: 2.66s
             Batch Controller | Stability: 0.1354 | Plateau: True | Next Batch: 256 | Reason: plateau_and_stable
             LR Controller | Next LR: 0.015157 | Reason: keep
Epoch 31/160 | Train Loss: 2.1469 | Train Acc: 43.33% | Val Loss: 2.4756 | Val Acc: 36.84%  <-- best
             Grad Mean: 2.0668 | Grad Std: 0.2814 | Grad CV: 0.1361
             LR: 0.015157 | Batch: 256 | Updates: 32,190 | Time: 2.49s
             Batch Controller | Stability: 0.1381 | Plateau: False | Next Batch: 256 | Reason: maximum_batch_size
             LR Controller | Next LR: 0.015157 | Reason: keep
Epoch 32/160 | Train Loss: 2.1301 | Train Acc: 43.68% | Val Loss: 2.4616 | Val Acc: 36.90%  <-- best
             Grad Mean: 2.1103 | Grad Std: 0.2837 | Grad CV: 0.1344
             LR: 0.015157 | Batch: 256 | Updates: 32,366 | Time: 2.58s
             Batch Controller | Stability: 0.1353 | Plateau: False | Next Batch: 256 | Reason: maximum_batch_size
             LR Controller | Next LR: 0.015157 | Reason: keep
Epoch 33/160 | Train Loss: 2.1229 | Train Acc: 43.94% | Val Loss: 2.4525 | Val Acc: 36.80%  <-- best
             Grad Mean: 2.1860 | Grad Std: 0.3057 | Grad CV: 0.1399
             LR: 0.015157 | Batch: 256 | Updates: 32,542 | Time: 2.53s
             Batch Controller | Stability: 0.1368 | Plateau: False | Next Batch: 256 | Reason: maximum_batch_size
             LR Controller | Next LR: 0.015157 | Reason: keep
Epoch 34/160 | Train Loss: 2.1282 | Train Acc: 43.65% | Val Loss: 2.4092 | Val Acc: 37.22%  <-- best
             Grad Mean: 2.3455 | Grad Std: 0.3532 | Grad CV: 0.1506
             LR: 0.015157 | Batch: 256 | Updates: 32,718 | Time: 2.51s
             Batch Controller | Stability: 0.1416 | Plateau: False | Next Batch: 256 | Reason: maximum_batch_size
             LR Controller | Next LR: 0.015157 | Reason: keep
Epoch 35/160 | Train Loss: 2.1176 | Train Acc: 43.95% | Val Loss: 2.4909 | Val Acc: 36.88%
             Grad Mean: 2.3337 | Grad Std: 0.3347 | Grad CV: 0.1434
             LR: 0.015157 | Batch: 256 | Updates: 32,894 | Time: 2.50s
             Batch Controller | Stability: 0.1446 | Plateau: False | Next Batch: 256 | Reason: maximum_batch_size
             LR Controller | Next LR: 0.015157 | Reason: keep
Epoch 36/160 | Train Loss: 2.1118 | Train Acc: 44.12% | Val Loss: 2.4163 | Val Acc: 37.96%
             Grad Mean: 2.3126 | Grad Std: 0.3052 | Grad CV: 0.1320
             LR: 0.015157 | Batch: 256 | Updates: 33,070 | Time: 2.49s
             Batch Controller | Stability: 0.1420 | Plateau: False | Next Batch: 256 | Reason: maximum_batch_size
             LR Controller | Next LR: 0.015157 | Reason: keep
Epoch 37/160 | Train Loss: 2.1092 | Train Acc: 44.06% | Val Loss: 2.4493 | Val Acc: 36.68%
             Grad Mean: 2.3785 | Grad Std: 0.3230 | Grad CV: 0.1358
             LR: 0.015157 | Batch: 256 | Updates: 33,246 | Time: 2.52s
             Batch Controller | Stability: 0.1371 | Plateau: True | Next Batch: 256 | Reason: maximum_batch_size
             LR Controller | Next LR: 0.015157 | Reason: keep
Epoch 38/160 | Train Loss: 2.1167 | Train Acc: 43.81% | Val Loss: 2.5522 | Val Acc: 34.70%
             Grad Mean: 2.4796 | Grad Std: 0.3318 | Grad CV: 0.1338
             LR: 0.015157 | Batch: 256 | Updates: 33,422 | Time: 2.45s
             Batch Controller | Stability: 0.1339 | Plateau: True | Next Batch: 256 | Reason: maximum_batch_size
             LR Controller | Next LR: 0.015157 | Reason: keep
Epoch 39/160 | Train Loss: 2.1078 | Train Acc: 43.96% | Val Loss: 2.4545 | Val Acc: 37.66%
             Grad Mean: 2.4329 | Grad Std: 0.3431 | Grad CV: 0.1410
             LR: 0.015157 | Batch: 256 | Updates: 33,598 | Time: 2.45s
             Batch Controller | Stability: 0.1369 | Plateau: True | Next Batch: 256 | Reason: maximum_batch_size
             LR Controller | Next LR: 0.015157 | Reason: keep
Epoch 40/160 | Train Loss: 2.0937 | Train Acc: 44.27% | Val Loss: 2.4258 | Val Acc: 37.40%
             Grad Mean: 2.4344 | Grad Std: 0.3108 | Grad CV: 0.1277
             LR: 0.015157 | Batch: 256 | Updates: 33,774 | Time: 2.52s
             Batch Controller | Stability: 0.1342 | Plateau: True | Next Batch: 256 | Reason: maximum_batch_size
             LR Controller | Next LR: 0.015157 | Reason: keep
Epoch 41/160 | Train Loss: 2.1042 | Train Acc: 44.30% | Val Loss: 2.4773 | Val Acc: 37.04%
             Grad Mean: 2.5427 | Grad Std: 0.3405 | Grad CV: 0.1339
             LR: 0.015157 | Batch: 256 | Updates: 33,950 | Time: 2.51s
             Batch Controller | Stability: 0.1342 | Plateau: True | Next Batch: 256 | Reason: maximum_batch_size
             LR Controller | Next LR: 0.007579 | Reason: worsening_decay
Epoch 42/160 | Train Loss: 2.0323 | Train Acc: 45.86% | Val Loss: 2.3140 | Val Acc: 40.30%  <-- best
             Grad Mean: 2.2993 | Grad Std: 0.3131 | Grad CV: 0.1362
             LR: 0.007579 | Batch: 256 | Updates: 34,126 | Time: 2.51s
             Batch Controller | Stability: 0.1326 | Plateau: False | Next Batch: 256 | Reason: maximum_batch_size
             LR Controller | Next LR: 0.007579 | Reason: cooldown
Epoch 43/160 | Train Loss: 2.0256 | Train Acc: 46.28% | Val Loss: 2.3787 | Val Acc: 38.90%
             Grad Mean: 2.3891 | Grad Std: 0.3439 | Grad CV: 0.1440
             LR: 0.007579 | Batch: 256 | Updates: 34,302 | Time: 2.53s
             Batch Controller | Stability: 0.1380 | Plateau: False | Next Batch: 256 | Reason: maximum_batch_size
             LR Controller | Next LR: 0.007579 | Reason: cooldown
Epoch 44/160 | Train Loss: 2.0161 | Train Acc: 46.22% | Val Loss: 2.4008 | Val Acc: 38.72%
             Grad Mean: 2.3999 | Grad Std: 0.2864 | Grad CV: 0.1194
             LR: 0.007579 | Batch: 256 | Updates: 34,478 | Time: 2.53s
             Batch Controller | Stability: 0.1332 | Plateau: False | Next Batch: 256 | Reason: maximum_batch_size
             LR Controller | Next LR: 0.007579 | Reason: keep
Epoch 45/160 | Train Loss: 2.0192 | Train Acc: 46.08% | Val Loss: 2.3716 | Val Acc: 38.38%
             Grad Mean: 2.4832 | Grad Std: 0.3223 | Grad CV: 0.1298
             LR: 0.007579 | Batch: 256 | Updates: 34,654 | Time: 2.52s
             Batch Controller | Stability: 0.1310 | Plateau: True | Next Batch: 256 | Reason: maximum_batch_size
             LR Controller | Next LR: 0.007579 | Reason: keep
Epoch 46/160 | Train Loss: 2.0163 | Train Acc: 46.36% | Val Loss: 2.3783 | Val Acc: 39.38%
             Grad Mean: 2.5110 | Grad Std: 0.3498 | Grad CV: 0.1393
             LR: 0.007579 | Batch: 256 | Updates: 34,830 | Time: 2.52s
             Batch Controller | Stability: 0.1295 | Plateau: True | Next Batch: 256 | Reason: maximum_batch_size
             LR Controller | Next LR: 0.007579 | Reason: keep
Epoch 47/160 | Train Loss: 2.0137 | Train Acc: 46.22% | Val Loss: 2.3938 | Val Acc: 38.52%
             Grad Mean: 2.5281 | Grad Std: 0.3224 | Grad CV: 0.1275
             LR: 0.007579 | Batch: 256 | Updates: 35,006 | Time: 2.51s
             Batch Controller | Stability: 0.1322 | Plateau: True | Next Batch: 256 | Reason: maximum_batch_size
             LR Controller | Next LR: 0.007579 | Reason: keep
Epoch 48/160 | Train Loss: 2.0122 | Train Acc: 46.45% | Val Loss: 2.4312 | Val Acc: 38.08%
             Grad Mean: 2.6301 | Grad Std: 0.3648 | Grad CV: 0.1387
             LR: 0.007579 | Batch: 256 | Updates: 35,182 | Time: 2.53s
             Batch Controller | Stability: 0.1352 | Plateau: True | Next Batch: 256 | Reason: maximum_batch_size
             LR Controller | Next LR: 0.003789 | Reason: worsening_decay
Epoch 49/160 | Train Loss: 1.9722 | Train Acc: 47.39% | Val Loss: 2.3526 | Val Acc: 39.38%
             Grad Mean: 2.3704 | Grad Std: 0.2799 | Grad CV: 0.1181
             LR: 0.003789 | Batch: 256 | Updates: 35,358 | Time: 2.57s
             Batch Controller | Stability: 0.1281 | Plateau: True | Next Batch: 256 | Reason: maximum_batch_size
             LR Controller | Next LR: 0.003789 | Reason: cooldown
Epoch 50/160 | Train Loss: 1.9620 | Train Acc: 47.57% | Val Loss: 2.3863 | Val Acc: 38.46%
             Grad Mean: 2.4041 | Grad Std: 0.2557 | Grad CV: 0.1064
             LR: 0.003789 | Batch: 256 | Updates: 35,534 | Time: 2.49s
             Batch Controller | Stability: 0.1210 | Plateau: True | Next Batch: 256 | Reason: maximum_batch_size
             LR Controller | Next LR: 0.003789 | Reason: cooldown
Epoch 51/160 | Train Loss: 1.9647 | Train Acc: 47.80% | Val Loss: 2.3662 | Val Acc: 39.42%
             Grad Mean: 2.4722 | Grad Std: 0.2537 | Grad CV: 0.1026
             LR: 0.003789 | Batch: 256 | Updates: 35,710 | Time: 2.49s
             Batch Controller | Stability: 0.1090 | Plateau: True | Next Batch: 256 | Reason: maximum_batch_size
             LR Controller | Next LR: 0.003789 | Reason: keep
Epoch 52/160 | Train Loss: 1.9590 | Train Acc: 47.66% | Val Loss: 2.3217 | Val Acc: 39.84%
             Grad Mean: 2.3948 | Grad Std: 0.2237 | Grad CV: 0.0934
             LR: 0.003789 | Batch: 256 | Updates: 35,886 | Time: 2.50s
             Batch Controller | Stability: 0.1008 | Plateau: True | Next Batch: 256 | Reason: maximum_batch_size
             LR Controller | Next LR: 0.003789 | Reason: keep
Epoch 53/160 | Train Loss: 1.9646 | Train Acc: 47.57% | Val Loss: 2.3671 | Val Acc: 38.72%
             Grad Mean: 2.5914 | Grad Std: 0.3139 | Grad CV: 0.1211
             LR: 0.003789 | Batch: 256 | Updates: 36,062 | Time: 2.52s
             Batch Controller | Stability: 0.1057 | Plateau: True | Next Batch: 256 | Reason: maximum_batch_size
             LR Controller | Next LR: 0.003789 | Reason: keep
Epoch 54/160 | Train Loss: 1.9552 | Train Acc: 47.81% | Val Loss: 2.3486 | Val Acc: 38.78%
             Grad Mean: 2.4822 | Grad Std: 0.2681 | Grad CV: 0.1080
             LR: 0.003789 | Batch: 256 | Updates: 36,238 | Time: 2.49s
             Batch Controller | Stability: 0.1075 | Plateau: True | Next Batch: 256 | Reason: maximum_batch_size
             LR Controller | Next LR: 0.003789 | Reason: keep
Epoch 55/160 | Train Loss: 1.9569 | Train Acc: 47.67% | Val Loss: 2.3407 | Val Acc: 39.50%
             Grad Mean: 2.5686 | Grad Std: 0.2927 | Grad CV: 0.1140
             LR: 0.003789 | Batch: 256 | Updates: 36,414 | Time: 2.57s
             Batch Controller | Stability: 0.1144 | Plateau: True | Next Batch: 256 | Reason: maximum_batch_size
             LR Controller | Next LR: 0.001895 | Reason: worsening_decay
Epoch 56/160 | Train Loss: 1.9294 | Train Acc: 48.58% | Val Loss: 2.3130 | Val Acc: 40.20%  <-- best
             Grad Mean: 2.3820 | Grad Std: 0.2445 | Grad CV: 0.1026
             LR: 0.001895 | Batch: 256 | Updates: 36,590 | Time: 2.55s
             Batch Controller | Stability: 0.1082 | Plateau: True | Next Batch: 256 | Reason: maximum_batch_size
             LR Controller | Next LR: 0.001895 | Reason: cooldown
Epoch 57/160 | Train Loss: 1.9302 | Train Acc: 48.46% | Val Loss: 2.3192 | Val Acc: 40.30%
             Grad Mean: 2.4055 | Grad Std: 0.2553 | Grad CV: 0.1061
             LR: 0.001895 | Batch: 256 | Updates: 36,766 | Time: 2.50s
             Batch Controller | Stability: 0.1076 | Plateau: True | Next Batch: 256 | Reason: maximum_batch_size
             LR Controller | Next LR: 0.001895 | Reason: cooldown
Epoch 58/160 | Train Loss: 1.9261 | Train Acc: 48.65% | Val Loss: 2.2999 | Val Acc: 40.84%  <-- best
             Grad Mean: 2.4405 | Grad Std: 0.2450 | Grad CV: 0.1004
             LR: 0.001895 | Batch: 256 | Updates: 36,942 | Time: 2.49s
             Batch Controller | Stability: 0.1030 | Plateau: False | Next Batch: 256 | Reason: maximum_batch_size
             LR Controller | Next LR: 0.001895 | Reason: keep
Epoch 59/160 | Train Loss: 1.9252 | Train Acc: 48.68% | Val Loss: 2.3132 | Val Acc: 40.12%
             Grad Mean: 2.4369 | Grad Std: 0.2729 | Grad CV: 0.1120
             LR: 0.001895 | Batch: 256 | Updates: 37,118 | Time: 2.52s
             Batch Controller | Stability: 0.1062 | Plateau: False | Next Batch: 256 | Reason: maximum_batch_size
             LR Controller | Next LR: 0.001895 | Reason: keep
Epoch 60/160 | Train Loss: 1.9239 | Train Acc: 48.69% | Val Loss: 2.3291 | Val Acc: 39.84%
             Grad Mean: 2.5008 | Grad Std: 0.2706 | Grad CV: 0.1082
             LR: 0.001895 | Batch: 256 | Updates: 37,294 | Time: 2.58s
             Batch Controller | Stability: 0.1069 | Plateau: False | Next Batch: 256 | Reason: maximum_batch_size
             LR Controller | Next LR: 0.001895 | Reason: keep
Epoch 61/160 | Train Loss: 1.9214 | Train Acc: 48.73% | Val Loss: 2.3054 | Val Acc: 40.64%
             Grad Mean: 2.4745 | Grad Std: 0.2559 | Grad CV: 0.1034
             LR: 0.001895 | Batch: 256 | Updates: 37,470 | Time: 2.54s
             Batch Controller | Stability: 0.1079 | Plateau: True | Next Batch: 256 | Reason: maximum_batch_size
             LR Controller | Next LR: 0.001895 | Reason: keep
Epoch 62/160 | Train Loss: 1.9215 | Train Acc: 48.63% | Val Loss: 2.3278 | Val Acc: 39.76%
             Grad Mean: 2.5101 | Grad Std: 0.2955 | Grad CV: 0.1177
             LR: 0.001895 | Batch: 256 | Updates: 37,646 | Time: 2.50s
             Batch Controller | Stability: 0.1098 | Plateau: True | Next Batch: 256 | Reason: maximum_batch_size
             LR Controller | Next LR: 0.001895 | Reason: keep
Epoch 63/160 | Train Loss: 1.9162 | Train Acc: 48.75% | Val Loss: 2.3232 | Val Acc: 40.12%
             Grad Mean: 2.4506 | Grad Std: 0.2325 | Grad CV: 0.0949
             LR: 0.001895 | Batch: 256 | Updates: 37,822 | Time: 2.51s
             Batch Controller | Stability: 0.1053 | Plateau: True | Next Batch: 256 | Reason: maximum_batch_size
             LR Controller | Next LR: 0.000947 | Reason: worsening_decay
Epoch 64/160 | Train Loss: 1.9057 | Train Acc: 49.04% | Val Loss: 2.3016 | Val Acc: 40.44%
             Grad Mean: 2.4046 | Grad Std: 0.2400 | Grad CV: 0.0998
             LR: 0.000947 | Batch: 256 | Updates: 37,998 | Time: 2.49s
             Batch Controller | Stability: 0.1041 | Plateau: True | Next Batch: 256 | Reason: maximum_batch_size
             LR Controller | Next LR: 0.000947 | Reason: cooldown
Epoch 65/160 | Train Loss: 1.9038 | Train Acc: 49.07% | Val Loss: 2.2965 | Val Acc: 40.24%  <-- best
             Grad Mean: 2.4394 | Grad Std: 0.2423 | Grad CV: 0.0993
             LR: 0.000947 | Batch: 256 | Updates: 38,174 | Time: 2.50s
             Batch Controller | Stability: 0.0980 | Plateau: True | Next Batch: 256 | Reason: maximum_batch_size
             LR Controller | Next LR: 0.000947 | Reason: cooldown
Epoch 66/160 | Train Loss: 1.9060 | Train Acc: 49.23% | Val Loss: 2.2941 | Val Acc: 40.60%  <-- best
             Grad Mean: 2.4085 | Grad Std: 0.2392 | Grad CV: 0.0993
             LR: 0.000947 | Batch: 256 | Updates: 38,350 | Time: 2.50s
             Batch Controller | Stability: 0.0995 | Plateau: True | Next Batch: 256 | Reason: maximum_batch_size
             LR Controller | Next LR: 0.000947 | Reason: keep
Epoch 67/160 | Train Loss: 1.9033 | Train Acc: 49.29% | Val Loss: 2.3067 | Val Acc: 40.36%
             Grad Mean: 2.4433 | Grad Std: 0.2372 | Grad CV: 0.0971
             LR: 0.000947 | Batch: 256 | Updates: 38,526 | Time: 2.51s
             Batch Controller | Stability: 0.0986 | Plateau: True | Next Batch: 256 | Reason: maximum_batch_size
             LR Controller | Next LR: 0.000947 | Reason: keep
Epoch 68/160 | Train Loss: 1.9077 | Train Acc: 48.98% | Val Loss: 2.2859 | Val Acc: 41.00%  <-- best
             Grad Mean: 2.4561 | Grad Std: 0.2429 | Grad CV: 0.0989
             LR: 0.000947 | Batch: 256 | Updates: 38,702 | Time: 2.51s
             Batch Controller | Stability: 0.0984 | Plateau: False | Next Batch: 256 | Reason: maximum_batch_size
             LR Controller | Next LR: 0.000947 | Reason: keep
Epoch 69/160 | Train Loss: 1.9053 | Train Acc: 49.17% | Val Loss: 2.2984 | Val Acc: 40.62%
             Grad Mean: 2.4857 | Grad Std: 0.2405 | Grad CV: 0.0968
             LR: 0.000947 | Batch: 256 | Updates: 38,878 | Time: 2.52s
             Batch Controller | Stability: 0.0976 | Plateau: False | Next Batch: 256 | Reason: maximum_batch_size
             LR Controller | Next LR: 0.000947 | Reason: keep
Epoch 70/160 | Train Loss: 1.9021 | Train Acc: 49.11% | Val Loss: 2.3088 | Val Acc: 40.16%
             Grad Mean: 2.4727 | Grad Std: 0.2405 | Grad CV: 0.0973
             LR: 0.000947 | Batch: 256 | Updates: 39,054 | Time: 2.49s
             Batch Controller | Stability: 0.0976 | Plateau: False | Next Batch: 256 | Reason: maximum_batch_size
             LR Controller | Next LR: 0.000947 | Reason: keep
Epoch 71/160 | Train Loss: 1.9029 | Train Acc: 49.09% | Val Loss: 2.3112 | Val Acc: 40.60%
             Grad Mean: 2.4788 | Grad Std: 0.2448 | Grad CV: 0.0987
             LR: 0.000947 | Batch: 256 | Updates: 39,230 | Time: 2.55s
             Batch Controller | Stability: 0.0976 | Plateau: True | Next Batch: 256 | Reason: maximum_batch_size
             LR Controller | Next LR: 0.000947 | Reason: keep
Epoch 72/160 | Train Loss: 1.8973 | Train Acc: 49.15% | Val Loss: 2.2924 | Val Acc: 40.66%
             Grad Mean: 2.4648 | Grad Std: 0.2475 | Grad CV: 0.1004
             LR: 0.000947 | Batch: 256 | Updates: 39,406 | Time: 2.54s
             Batch Controller | Stability: 0.0988 | Plateau: True | Next Batch: 256 | Reason: maximum_batch_size
             LR Controller | Next LR: 0.000947 | Reason: keep
Epoch 73/160 | Train Loss: 1.8984 | Train Acc: 49.33% | Val Loss: 2.2883 | Val Acc: 40.70%
             Grad Mean: 2.4767 | Grad Std: 0.2319 | Grad CV: 0.0936
             LR: 0.000947 | Batch: 256 | Updates: 39,582 | Time: 2.51s
             Batch Controller | Stability: 0.0976 | Plateau: True | Next Batch: 256 | Reason: maximum_batch_size
             LR Controller | Next LR: 0.000474 | Reason: worsening_decay
Epoch 74/160 | Train Loss: 1.8940 | Train Acc: 49.09% | Val Loss: 2.2883 | Val Acc: 40.88%
             Grad Mean: 2.4328 | Grad Std: 0.2205 | Grad CV: 0.0906
             LR: 0.000474 | Batch: 256 | Updates: 39,758 | Time: 2.53s
             Batch Controller | Stability: 0.0949 | Plateau: True | Next Batch: 256 | Reason: maximum_batch_size
             LR Controller | Next LR: 0.000474 | Reason: cooldown
Epoch 75/160 | Train Loss: 1.8937 | Train Acc: 49.42% | Val Loss: 2.2839 | Val Acc: 40.94%  <-- best
             Grad Mean: 2.4405 | Grad Std: 0.2005 | Grad CV: 0.0822
             LR: 0.000474 | Batch: 256 | Updates: 39,934 | Time: 2.50s
             Batch Controller | Stability: 0.0888 | Plateau: True | Next Batch: 256 | Reason: maximum_batch_size
             LR Controller | Next LR: 0.000474 | Reason: cooldown
Epoch 76/160 | Train Loss: 1.8932 | Train Acc: 49.51% | Val Loss: 2.2960 | Val Acc: 40.48%
             Grad Mean: 2.4477 | Grad Std: 0.2232 | Grad CV: 0.0912
             LR: 0.000474 | Batch: 256 | Updates: 40,110 | Time: 2.52s
             Batch Controller | Stability: 0.0880 | Plateau: True | Next Batch: 256 | Reason: maximum_batch_size
             LR Controller | Next LR: 0.000474 | Reason: keep
Epoch 77/160 | Train Loss: 1.8927 | Train Acc: 49.44% | Val Loss: 2.2840 | Val Acc: 40.86%
             Grad Mean: 2.3943 | Grad Std: 0.2353 | Grad CV: 0.0983
             LR: 0.000474 | Batch: 256 | Updates: 40,286 | Time: 2.56s
             Batch Controller | Stability: 0.0905 | Plateau: True | Next Batch: 256 | Reason: maximum_batch_size
             LR Controller | Next LR: 0.000474 | Reason: keep
Epoch 78/160 | Train Loss: 1.8890 | Train Acc: 49.36% | Val Loss: 2.3033 | Val Acc: 40.62%
             Grad Mean: 2.4585 | Grad Std: 0.2593 | Grad CV: 0.1055
             LR: 0.000474 | Batch: 256 | Updates: 40,462 | Time: 2.54s
             Batch Controller | Stability: 0.0983 | Plateau: True | Next Batch: 256 | Reason: maximum_batch_size
             LR Controller | Next LR: 0.000474 | Reason: keep
Epoch 79/160 | Train Loss: 1.8865 | Train Acc: 49.34% | Val Loss: 2.2912 | Val Acc: 40.74%
             Grad Mean: 2.4785 | Grad Std: 0.2485 | Grad CV: 0.1003
             LR: 0.000474 | Batch: 256 | Updates: 40,638 | Time: 2.51s
             Batch Controller | Stability: 0.1013 | Plateau: True | Next Batch: 256 | Reason: maximum_batch_size
             LR Controller | Next LR: 0.000474 | Reason: keep
Epoch 80/160 | Train Loss: 1.8873 | Train Acc: 49.39% | Val Loss: 2.2796 | Val Acc: 41.02%  <-- best
             Grad Mean: 2.4577 | Grad Std: 0.2499 | Grad CV: 0.1017
             LR: 0.000474 | Batch: 256 | Updates: 40,814 | Time: 2.52s
             Batch Controller | Stability: 0.1025 | Plateau: True | Next Batch: 256 | Reason: maximum_batch_size
             LR Controller | Next LR: 0.000474 | Reason: keep
Epoch 81/160 | Train Loss: 1.8875 | Train Acc: 49.50% | Val Loss: 2.2947 | Val Acc: 40.64%
             Grad Mean: 2.4661 | Grad Std: 0.2346 | Grad CV: 0.0951
             LR: 0.000474 | Batch: 256 | Updates: 40,990 | Time: 2.53s
             Batch Controller | Stability: 0.0990 | Plateau: True | Next Batch: 256 | Reason: maximum_batch_size
             LR Controller | Next LR: 0.000474 | Reason: keep
Epoch 82/160 | Train Loss: 1.8878 | Train Acc: 49.47% | Val Loss: 2.2834 | Val Acc: 40.86%
             Grad Mean: 2.4887 | Grad Std: 0.2492 | Grad CV: 0.1001
             LR: 0.000474 | Batch: 256 | Updates: 41,166 | Time: 2.63s
             Batch Controller | Stability: 0.0990 | Plateau: True | Next Batch: 256 | Reason: maximum_batch_size
             LR Controller | Next LR: 0.000474 | Reason: keep
Epoch 83/160 | Train Loss: 1.8888 | Train Acc: 49.43% | Val Loss: 2.2939 | Val Acc: 40.70%
             Grad Mean: 2.4376 | Grad Std: 0.2296 | Grad CV: 0.0942
             LR: 0.000474 | Batch: 256 | Updates: 41,342 | Time: 2.62s
             Batch Controller | Stability: 0.0965 | Plateau: True | Next Batch: 256 | Reason: maximum_batch_size
             LR Controller | Next LR: 0.000474 | Reason: keep
Epoch 84/160 | Train Loss: 1.8880 | Train Acc: 49.54% | Val Loss: 2.2842 | Val Acc: 41.12%
             Grad Mean: 2.4599 | Grad Std: 0.2569 | Grad CV: 0.1044
             LR: 0.000474 | Batch: 256 | Updates: 41,518 | Time: 2.51s
             Batch Controller | Stability: 0.0996 | Plateau: True | Next Batch: 256 | Reason: maximum_batch_size
             LR Controller | Next LR: 0.000474 | Reason: keep
Epoch 85/160 | Train Loss: 1.8904 | Train Acc: 49.66% | Val Loss: 2.2987 | Val Acc: 40.78%
             Grad Mean: 2.4944 | Grad Std: 0.2455 | Grad CV: 0.0984
             LR: 0.000474 | Batch: 256 | Updates: 41,694 | Time: 2.50s
             Batch Controller | Stability: 0.0990 | Plateau: True | Next Batch: 256 | Reason: maximum_batch_size
             LR Controller | Next LR: 0.000474 | Reason: keep
Epoch 86/160 | Train Loss: 1.8882 | Train Acc: 49.73% | Val Loss: 2.2807 | Val Acc: 41.02%
             Grad Mean: 2.4632 | Grad Std: 0.2210 | Grad CV: 0.0897
             LR: 0.000474 | Batch: 256 | Updates: 41,870 | Time: 2.52s
             Batch Controller | Stability: 0.0975 | Plateau: True | Next Batch: 256 | Reason: maximum_batch_size
             LR Controller | Next LR: 0.000474 | Reason: keep
Epoch 87/160 | Train Loss: 1.8852 | Train Acc: 49.61% | Val Loss: 2.2911 | Val Acc: 40.68%
             Grad Mean: 2.4903 | Grad Std: 0.2155 | Grad CV: 0.0866
             LR: 0.000474 | Batch: 256 | Updates: 42,046 | Time: 2.53s
             Batch Controller | Stability: 0.0916 | Plateau: True | Next Batch: 256 | Reason: maximum_batch_size
             LR Controller | Next LR: 0.000474 | Reason: keep
Epoch 88/160 | Train Loss: 1.8847 | Train Acc: 49.74% | Val Loss: 2.2835 | Val Acc: 40.86%
             Grad Mean: 2.5152 | Grad Std: 0.2517 | Grad CV: 0.1001
             LR: 0.000474 | Batch: 256 | Updates: 42,222 | Time: 2.50s
             Batch Controller | Stability: 0.0921 | Plateau: True | Next Batch: 256 | Reason: maximum_batch_size
             LR Controller | Next LR: 0.000474 | Reason: keep
Epoch 89/160 | Train Loss: 1.8898 | Train Acc: 49.56% | Val Loss: 2.2906 | Val Acc: 40.96%
             Grad Mean: 2.4707 | Grad Std: 0.2342 | Grad CV: 0.0948
             LR: 0.000474 | Batch: 256 | Updates: 42,398 | Time: 2.52s
             Batch Controller | Stability: 0.0938 | Plateau: True | Next Batch: 256 | Reason: maximum_batch_size
             LR Controller | Next LR: 0.000237 | Reason: worsening_decay
Epoch 90/160 | Train Loss: 1.8846 | Train Acc: 49.67% | Val Loss: 2.2826 | Val Acc: 40.88%
             Grad Mean: 2.4640 | Grad Std: 0.2252 | Grad CV: 0.0914
             LR: 0.000237 | Batch: 256 | Updates: 42,574 | Time: 2.50s
             Batch Controller | Stability: 0.0954 | Plateau: True | Next Batch: 256 | Reason: maximum_batch_size
             LR Controller | Next LR: 0.000237 | Reason: cooldown
Epoch 91/160 | Train Loss: 1.8808 | Train Acc: 49.64% | Val Loss: 2.2793 | Val Acc: 41.10%  <-- best
             Grad Mean: 2.4821 | Grad Std: 0.2303 | Grad CV: 0.0928
             LR: 0.000237 | Batch: 256 | Updates: 42,750 | Time: 2.50s
             Batch Controller | Stability: 0.0930 | Plateau: True | Next Batch: 256 | Reason: maximum_batch_size
             LR Controller | Next LR: 0.000237 | Reason: cooldown
Epoch 92/160 | Train Loss: 1.8812 | Train Acc: 49.65% | Val Loss: 2.2809 | Val Acc: 40.98%
             Grad Mean: 2.4800 | Grad Std: 0.2332 | Grad CV: 0.0940
             LR: 0.000237 | Batch: 256 | Updates: 42,926 | Time: 2.50s
             Batch Controller | Stability: 0.0927 | Plateau: True | Next Batch: 256 | Reason: maximum_batch_size
             LR Controller | Next LR: 0.000237 | Reason: keep
Epoch 93/160 | Train Loss: 1.8818 | Train Acc: 49.79% | Val Loss: 2.2814 | Val Acc: 40.58%
             Grad Mean: 2.4793 | Grad Std: 0.2332 | Grad CV: 0.0941
             LR: 0.000237 | Batch: 256 | Updates: 43,102 | Time: 2.51s
             Batch Controller | Stability: 0.0936 | Plateau: True | Next Batch: 256 | Reason: maximum_batch_size
             LR Controller | Next LR: 0.000237 | Reason: keep
Epoch 94/160 | Train Loss: 1.8844 | Train Acc: 49.58% | Val Loss: 2.2878 | Val Acc: 40.98%
             Grad Mean: 2.4602 | Grad Std: 0.2323 | Grad CV: 0.0944
             LR: 0.000237 | Batch: 256 | Updates: 43,278 | Time: 2.60s
             Batch Controller | Stability: 0.0942 | Plateau: True | Next Batch: 256 | Reason: maximum_batch_size
             LR Controller | Next LR: 0.000237 | Reason: keep
Epoch 95/160 | Train Loss: 1.8803 | Train Acc: 49.63% | Val Loss: 2.2851 | Val Acc: 41.06%
             Grad Mean: 2.4490 | Grad Std: 0.2305 | Grad CV: 0.0941
             LR: 0.000237 | Batch: 256 | Updates: 43,454 | Time: 2.55s
             Batch Controller | Stability: 0.0942 | Plateau: True | Next Batch: 256 | Reason: maximum_batch_size
             LR Controller | Next LR: 0.000237 | Reason: keep
Epoch 96/160 | Train Loss: 1.8818 | Train Acc: 49.79% | Val Loss: 2.2818 | Val Acc: 41.30%
             Grad Mean: 2.4488 | Grad Std: 0.2111 | Grad CV: 0.0862
             LR: 0.000237 | Batch: 256 | Updates: 43,630 | Time: 2.50s
             Batch Controller | Stability: 0.0916 | Plateau: True | Next Batch: 256 | Reason: maximum_batch_size
             LR Controller | Next LR: 0.000118 | Reason: worsening_decay
Epoch 97/160 | Train Loss: 1.8811 | Train Acc: 49.57% | Val Loss: 2.2860 | Val Acc: 40.84%
             Grad Mean: 2.4837 | Grad Std: 0.2217 | Grad CV: 0.0893
             LR: 0.000118 | Batch: 256 | Updates: 43,806 | Time: 2.52s
             Batch Controller | Stability: 0.0899 | Plateau: True | Next Batch: 256 | Reason: maximum_batch_size
             LR Controller | Next LR: 0.000118 | Reason: cooldown
Epoch 98/160 | Train Loss: 1.8777 | Train Acc: 49.79% | Val Loss: 2.2818 | Val Acc: 40.98%
             Grad Mean: 2.4743 | Grad Std: 0.2162 | Grad CV: 0.0874
             LR: 0.000118 | Batch: 256 | Updates: 43,982 | Time: 2.51s
             Batch Controller | Stability: 0.0876 | Plateau: True | Next Batch: 256 | Reason: maximum_batch_size
             LR Controller | Next LR: 0.000118 | Reason: cooldown
Epoch 99/160 | Train Loss: 1.8806 | Train Acc: 49.82% | Val Loss: 2.2808 | Val Acc: 40.96%
             Grad Mean: 2.4673 | Grad Std: 0.2070 | Grad CV: 0.0839
             LR: 0.000118 | Batch: 256 | Updates: 44,158 | Time: 2.50s
             Batch Controller | Stability: 0.0868 | Plateau: True | Next Batch: 256 | Reason: maximum_batch_size
             LR Controller | Next LR: 0.000118 | Reason: keep
Epoch 100/160 | Train Loss: 1.8791 | Train Acc: 49.87% | Val Loss: 2.2816 | Val Acc: 40.80%
             Grad Mean: 2.4386 | Grad Std: 0.2289 | Grad CV: 0.0939
             LR: 0.000118 | Batch: 256 | Updates: 44,334 | Time: 2.51s
             Batch Controller | Stability: 0.0884 | Plateau: True | Next Batch: 256 | Reason: maximum_batch_size
             LR Controller | Next LR: 0.000118 | Reason: keep
Epoch 101/160 | Train Loss: 1.8773 | Train Acc: 49.85% | Val Loss: 2.2852 | Val Acc: 40.72%
             Grad Mean: 2.4813 | Grad Std: 0.2289 | Grad CV: 0.0922
             LR: 0.000118 | Batch: 256 | Updates: 44,510 | Time: 2.51s
             Batch Controller | Stability: 0.0900 | Plateau: True | Next Batch: 256 | Reason: maximum_batch_size
             LR Controller | Next LR: 0.000118 | Reason: keep
Epoch 102/160 | Train Loss: 1.8796 | Train Acc: 49.59% | Val Loss: 2.2813 | Val Acc: 40.88%
             Grad Mean: 2.4768 | Grad Std: 0.2440 | Grad CV: 0.0985
             LR: 0.000118 | Batch: 256 | Updates: 44,686 | Time: 2.50s
             Batch Controller | Stability: 0.0949 | Plateau: True | Next Batch: 256 | Reason: maximum_batch_size
             LR Controller | Next LR: 0.000118 | Reason: keep
Epoch 103/160 | Train Loss: 1.8808 | Train Acc: 49.69% | Val Loss: 2.2821 | Val Acc: 40.80%
             Grad Mean: 2.4686 | Grad Std: 0.2058 | Grad CV: 0.0834
             LR: 0.000118 | Batch: 256 | Updates: 44,862 | Time: 2.51s
             Batch Controller | Stability: 0.0914 | Plateau: True | Next Batch: 256 | Reason: maximum_batch_size
             LR Controller | Next LR: 0.000059 | Reason: worsening_decay
Epoch 104/160 | Train Loss: 1.8792 | Train Acc: 49.86% | Val Loss: 2.2826 | Val Acc: 41.08%
             Grad Mean: 2.4462 | Grad Std: 0.2291 | Grad CV: 0.0937
             LR: 0.000059 | Batch: 256 | Updates: 45,038 | Time: 2.56s
             Batch Controller | Stability: 0.0918 | Plateau: True | Next Batch: 256 | Reason: maximum_batch_size
             LR Controller | Next LR: 0.000059 | Reason: cooldown
Epoch 105/160 | Train Loss: 1.8820 | Train Acc: 49.70% | Val Loss: 2.2826 | Val Acc: 40.86%
             Grad Mean: 2.4652 | Grad Std: 0.2338 | Grad CV: 0.0948
             LR: 0.000059 | Batch: 256 | Updates: 45,214 | Time: 2.55s
             Batch Controller | Stability: 0.0906 | Plateau: True | Next Batch: 256 | Reason: maximum_batch_size
             LR Controller | Next LR: 0.000059 | Reason: cooldown
Epoch 106/160 | Train Loss: 1.8786 | Train Acc: 49.68% | Val Loss: 2.2787 | Val Acc: 41.02%  <-- best
             Grad Mean: 2.4828 | Grad Std: 0.2336 | Grad CV: 0.0941
             LR: 0.000059 | Batch: 256 | Updates: 45,390 | Time: 2.57s
             Batch Controller | Stability: 0.0942 | Plateau: True | Next Batch: 256 | Reason: maximum_batch_size
             LR Controller | Next LR: 0.000059 | Reason: keep
Epoch 107/160 | Train Loss: 1.8779 | Train Acc: 49.76% | Val Loss: 2.2808 | Val Acc: 41.10%
             Grad Mean: 2.4443 | Grad Std: 0.2132 | Grad CV: 0.0872
             LR: 0.000059 | Batch: 256 | Updates: 45,566 | Time: 2.53s
             Batch Controller | Stability: 0.0921 | Plateau: True | Next Batch: 256 | Reason: maximum_batch_size
             LR Controller | Next LR: 0.000059 | Reason: keep
Epoch 108/160 | Train Loss: 1.8768 | Train Acc: 49.64% | Val Loss: 2.2821 | Val Acc: 41.00%
             Grad Mean: 2.4572 | Grad Std: 0.2564 | Grad CV: 0.1043
             LR: 0.000059 | Batch: 256 | Updates: 45,742 | Time: 2.51s
             Batch Controller | Stability: 0.0952 | Plateau: True | Next Batch: 256 | Reason: maximum_batch_size
             LR Controller | Next LR: 0.000059 | Reason: keep
Epoch 109/160 | Train Loss: 1.8775 | Train Acc: 49.78% | Val Loss: 2.2807 | Val Acc: 41.02%
             Grad Mean: 2.4467 | Grad Std: 0.2129 | Grad CV: 0.0870
             LR: 0.000059 | Batch: 256 | Updates: 45,918 | Time: 2.51s
             Batch Controller | Stability: 0.0928 | Plateau: True | Next Batch: 256 | Reason: maximum_batch_size
             LR Controller | Next LR: 0.000059 | Reason: keep
Epoch 110/160 | Train Loss: 1.8757 | Train Acc: 49.85% | Val Loss: 2.2836 | Val Acc: 40.94%
             Grad Mean: 2.4266 | Grad Std: 0.2236 | Grad CV: 0.0921
             LR: 0.000059 | Batch: 256 | Updates: 46,094 | Time: 2.51s
             Batch Controller | Stability: 0.0945 | Plateau: True | Next Batch: 256 | Reason: maximum_batch_size
             LR Controller | Next LR: 0.000059 | Reason: keep
Epoch 111/160 | Train Loss: 1.8822 | Train Acc: 49.63% | Val Loss: 2.2817 | Val Acc: 41.00%
             Grad Mean: 2.4681 | Grad Std: 0.2526 | Grad CV: 0.1023
             LR: 0.000059 | Batch: 256 | Updates: 46,270 | Time: 2.51s
             Batch Controller | Stability: 0.0938 | Plateau: True | Next Batch: 256 | Reason: maximum_batch_size
             LR Controller | Next LR: 0.000030 | Reason: worsening_decay
Epoch 112/160 | Train Loss: 1.8796 | Train Acc: 49.86% | Val Loss: 2.2797 | Val Acc: 41.10%
             Grad Mean: 2.4410 | Grad Std: 0.2053 | Grad CV: 0.0841
             LR: 0.000030 | Batch: 256 | Updates: 46,446 | Time: 2.46s
             Batch Controller | Stability: 0.0929 | Plateau: True | Next Batch: 256 | Reason: maximum_batch_size
             LR Controller | Next LR: 0.000030 | Reason: cooldown
Epoch 113/160 | Train Loss: 1.8788 | Train Acc: 49.77% | Val Loss: 2.2812 | Val Acc: 41.04%
             Grad Mean: 2.4511 | Grad Std: 0.2125 | Grad CV: 0.0867
             LR: 0.000030 | Batch: 256 | Updates: 46,622 | Time: 2.49s
             Batch Controller | Stability: 0.0910 | Plateau: True | Next Batch: 256 | Reason: maximum_batch_size
             LR Controller | Next LR: 0.000030 | Reason: cooldown
Epoch 114/160 | Train Loss: 1.8768 | Train Acc: 49.88% | Val Loss: 2.2810 | Val Acc: 41.04%
             Grad Mean: 2.4773 | Grad Std: 0.2231 | Grad CV: 0.0901
             LR: 0.000030 | Batch: 256 | Updates: 46,798 | Time: 2.50s
             Batch Controller | Stability: 0.0870 | Plateau: True | Next Batch: 256 | Reason: maximum_batch_size
             LR Controller | Next LR: 0.000030 | Reason: keep
Epoch 115/160 | Train Loss: 1.8748 | Train Acc: 49.91% | Val Loss: 2.2811 | Val Acc: 41.08%
             Grad Mean: 2.4290 | Grad Std: 0.2231 | Grad CV: 0.0918
             LR: 0.000030 | Batch: 256 | Updates: 46,974 | Time: 2.48s
             Batch Controller | Stability: 0.0895 | Plateau: True | Next Batch: 256 | Reason: maximum_batch_size
             LR Controller | Next LR: 0.000030 | Reason: keep
Epoch 116/160 | Train Loss: 1.8771 | Train Acc: 49.77% | Val Loss: 2.2810 | Val Acc: 41.16%
             Grad Mean: 2.4511 | Grad Std: 0.1849 | Grad CV: 0.0755
             LR: 0.000030 | Batch: 256 | Updates: 47,150 | Time: 2.48s
             Batch Controller | Stability: 0.0858 | Plateau: True | Next Batch: 256 | Reason: maximum_batch_size
             LR Controller | Next LR: 0.000030 | Reason: keep
Epoch 117/160 | Train Loss: 1.8779 | Train Acc: 49.63% | Val Loss: 2.2833 | Val Acc: 40.90%
             Grad Mean: 2.4545 | Grad Std: 0.2422 | Grad CV: 0.0987
             LR: 0.000030 | Batch: 256 | Updates: 47,326 | Time: 2.59s
             Batch Controller | Stability: 0.0887 | Plateau: True | Next Batch: 256 | Reason: maximum_batch_size
             LR Controller | Next LR: 0.000030 | Reason: keep
Epoch 118/160 | Train Loss: 1.8760 | Train Acc: 49.76% | Val Loss: 2.2807 | Val Acc: 41.08%
             Grad Mean: 2.4699 | Grad Std: 0.2395 | Grad CV: 0.0970
             LR: 0.000030 | Batch: 256 | Updates: 47,502 | Time: 2.51s
             Batch Controller | Stability: 0.0904 | Plateau: True | Next Batch: 256 | Reason: maximum_batch_size
             LR Controller | Next LR: 0.000015 | Reason: worsening_decay
Epoch 119/160 | Train Loss: 1.8760 | Train Acc: 49.76% | Val Loss: 2.2813 | Val Acc: 41.08%
             Grad Mean: 2.4320 | Grad Std: 0.2041 | Grad CV: 0.0839
             LR: 0.000015 | Batch: 256 | Updates: 47,678 | Time: 2.53s
             Batch Controller | Stability: 0.0932 | Plateau: True | Next Batch: 256 | Reason: maximum_batch_size
             LR Controller | Next LR: 0.000015 | Reason: cooldown
Epoch 120/160 | Train Loss: 1.8761 | Train Acc: 49.75% | Val Loss: 2.2816 | Val Acc: 41.02%
             Grad Mean: 2.4533 | Grad Std: 0.2385 | Grad CV: 0.0972
             LR: 0.000015 | Batch: 256 | Updates: 47,854 | Time: 2.50s
             Batch Controller | Stability: 0.0927 | Plateau: True | Next Batch: 256 | Reason: maximum_batch_size
             LR Controller | Next LR: 0.000015 | Reason: cooldown
Epoch 121/160 | Train Loss: 1.8783 | Train Acc: 49.79% | Val Loss: 2.2820 | Val Acc: 41.12%
             Grad Mean: 2.4492 | Grad Std: 0.2313 | Grad CV: 0.0944
             LR: 0.000015 | Batch: 256 | Updates: 48,030 | Time: 2.54s
             Batch Controller | Stability: 0.0919 | Plateau: True | Next Batch: 256 | Reason: maximum_batch_size
             LR Controller | Next LR: 0.000015 | Reason: keep
Epoch 122/160 | Train Loss: 1.8794 | Train Acc: 49.58% | Val Loss: 2.2819 | Val Acc: 41.02%
             Grad Mean: 2.4540 | Grad Std: 0.2287 | Grad CV: 0.0932
             LR: 0.000015 | Batch: 256 | Updates: 48,206 | Time: 2.51s
             Batch Controller | Stability: 0.0950 | Plateau: True | Next Batch: 256 | Reason: maximum_batch_size
             LR Controller | Next LR: 0.000015 | Reason: keep
Epoch 123/160 | Train Loss: 1.8761 | Train Acc: 50.00% | Val Loss: 2.2815 | Val Acc: 41.04%
             Grad Mean: 2.4406 | Grad Std: 0.2081 | Grad CV: 0.0853
             LR: 0.000015 | Batch: 256 | Updates: 48,382 | Time: 2.55s
             Batch Controller | Stability: 0.0910 | Plateau: True | Next Batch: 256 | Reason: maximum_batch_size
             LR Controller | Next LR: 0.000015 | Reason: keep
Epoch 124/160 | Train Loss: 1.8745 | Train Acc: 49.88% | Val Loss: 2.2818 | Val Acc: 41.12%
             Grad Mean: 2.4515 | Grad Std: 0.2338 | Grad CV: 0.0954
             LR: 0.000015 | Batch: 256 | Updates: 48,558 | Time: 2.54s
             Batch Controller | Stability: 0.0913 | Plateau: True | Next Batch: 256 | Reason: maximum_batch_size
             LR Controller | Next LR: 0.000015 | Reason: keep
Epoch 125/160 | Train Loss: 1.8749 | Train Acc: 49.96% | Val Loss: 2.2818 | Val Acc: 41.08%
             Grad Mean: 2.4467 | Grad Std: 0.2339 | Grad CV: 0.0956
             LR: 0.000015 | Batch: 256 | Updates: 48,734 | Time: 2.51s
             Batch Controller | Stability: 0.0921 | Plateau: True | Next Batch: 256 | Reason: maximum_batch_size
             LR Controller | Next LR: 0.000007 | Reason: worsening_decay
Epoch 126/160 | Train Loss: 1.8757 | Train Acc: 49.88% | Val Loss: 2.2815 | Val Acc: 41.14%
             Grad Mean: 2.4706 | Grad Std: 0.2356 | Grad CV: 0.0954
             LR: 0.000007 | Batch: 256 | Updates: 48,910 | Time: 2.48s
             Batch Controller | Stability: 0.0954 | Plateau: True | Next Batch: 256 | Reason: maximum_batch_size
             LR Controller | Next LR: 0.000007 | Reason: cooldown
Epoch 127/160 | Train Loss: 1.8735 | Train Acc: 49.99% | Val Loss: 2.2814 | Val Acc: 41.12%
             Grad Mean: 2.4587 | Grad Std: 0.2292 | Grad CV: 0.0932
             LR: 0.000007 | Batch: 256 | Updates: 49,086 | Time: 2.47s
             Batch Controller | Stability: 0.0947 | Plateau: True | Next Batch: 256 | Reason: maximum_batch_size
             LR Controller | Next LR: 0.000007 | Reason: cooldown
Epoch 128/160 | Train Loss: 1.8753 | Train Acc: 49.89% | Val Loss: 2.2809 | Val Acc: 41.14%
             Grad Mean: 2.4466 | Grad Std: 0.2175 | Grad CV: 0.0889
             LR: 0.000007 | Batch: 256 | Updates: 49,262 | Time: 2.56s
             Batch Controller | Stability: 0.0925 | Plateau: True | Next Batch: 256 | Reason: maximum_batch_size
             LR Controller | Next LR: 0.000007 | Reason: keep
Epoch 129/160 | Train Loss: 1.8721 | Train Acc: 49.98% | Val Loss: 2.2814 | Val Acc: 41.06%
             Grad Mean: 2.4632 | Grad Std: 0.2354 | Grad CV: 0.0956
             LR: 0.000007 | Batch: 256 | Updates: 49,438 | Time: 2.54s
             Batch Controller | Stability: 0.0926 | Plateau: True | Next Batch: 256 | Reason: maximum_batch_size
             LR Controller | Next LR: 0.000007 | Reason: keep
Epoch 130/160 | Train Loss: 1.8773 | Train Acc: 49.84% | Val Loss: 2.2816 | Val Acc: 41.06%
             Grad Mean: 2.4366 | Grad Std: 0.2202 | Grad CV: 0.0904
             LR: 0.000007 | Batch: 256 | Updates: 49,614 | Time: 2.49s
             Batch Controller | Stability: 0.0916 | Plateau: True | Next Batch: 256 | Reason: maximum_batch_size
             LR Controller | Next LR: 0.000007 | Reason: keep
Epoch 131/160 | Train Loss: 1.8754 | Train Acc: 49.85% | Val Loss: 2.2816 | Val Acc: 41.04%
             Grad Mean: 2.4662 | Grad Std: 0.2307 | Grad CV: 0.0936
             LR: 0.000007 | Batch: 256 | Updates: 49,790 | Time: 2.49s
             Batch Controller | Stability: 0.0932 | Plateau: True | Next Batch: 256 | Reason: maximum_batch_size
             LR Controller | Next LR: 0.000007 | Reason: keep
Epoch 132/160 | Train Loss: 1.8770 | Train Acc: 49.89% | Val Loss: 2.2818 | Val Acc: 41.02%
             Grad Mean: 2.4270 | Grad Std: 0.2070 | Grad CV: 0.0853
             LR: 0.000007 | Batch: 256 | Updates: 49,966 | Time: 2.51s
             Batch Controller | Stability: 0.0897 | Plateau: True | Next Batch: 256 | Reason: maximum_batch_size
             LR Controller | Next LR: 0.000004 | Reason: worsening_decay
Epoch 133/160 | Train Loss: 1.8758 | Train Acc: 49.71% | Val Loss: 2.2816 | Val Acc: 41.06%
             Grad Mean: 2.4579 | Grad Std: 0.2176 | Grad CV: 0.0885
             LR: 0.000004 | Batch: 256 | Updates: 50,142 | Time: 2.53s
             Batch Controller | Stability: 0.0891 | Plateau: True | Next Batch: 256 | Reason: maximum_batch_size
             LR Controller | Next LR: 0.000004 | Reason: cooldown
Epoch 134/160 | Train Loss: 1.8718 | Train Acc: 49.82% | Val Loss: 2.2818 | Val Acc: 41.06%
             Grad Mean: 2.4469 | Grad Std: 0.2181 | Grad CV: 0.0891
             LR: 0.000004 | Batch: 256 | Updates: 50,318 | Time: 2.45s
             Batch Controller | Stability: 0.0877 | Plateau: True | Next Batch: 256 | Reason: maximum_batch_size
             LR Controller | Next LR: 0.000004 | Reason: cooldown
Epoch 135/160 | Train Loss: 1.8742 | Train Acc: 50.03% | Val Loss: 2.2816 | Val Acc: 41.10%
             Grad Mean: 2.4265 | Grad Std: 0.2396 | Grad CV: 0.0987
             LR: 0.000004 | Batch: 256 | Updates: 50,494 | Time: 2.54s
             Batch Controller | Stability: 0.0921 | Plateau: True | Next Batch: 256 | Reason: maximum_batch_size
             LR Controller | Next LR: 0.000004 | Reason: keep
Epoch 136/160 | Train Loss: 1.8754 | Train Acc: 49.82% | Val Loss: 2.2818 | Val Acc: 41.04%
             Grad Mean: 2.4302 | Grad Std: 0.2309 | Grad CV: 0.0950
             LR: 0.000004 | Batch: 256 | Updates: 50,670 | Time: 2.57s
             Batch Controller | Stability: 0.0943 | Plateau: True | Next Batch: 256 | Reason: maximum_batch_size
             LR Controller | Next LR: 0.000004 | Reason: keep
Epoch 137/160 | Train Loss: 1.8759 | Train Acc: 49.64% | Val Loss: 2.2817 | Val Acc: 41.02%
             Grad Mean: 2.4454 | Grad Std: 0.2148 | Grad CV: 0.0878
             LR: 0.000004 | Batch: 256 | Updates: 50,846 | Time: 2.59s
             Batch Controller | Stability: 0.0939 | Plateau: True | Next Batch: 256 | Reason: maximum_batch_size
             LR Controller | Next LR: 0.000004 | Reason: keep
Epoch 138/160 | Train Loss: 1.8761 | Train Acc: 49.76% | Val Loss: 2.2815 | Val Acc: 41.00%
             Grad Mean: 2.4583 | Grad Std: 0.2081 | Grad CV: 0.0847
             LR: 0.000004 | Batch: 256 | Updates: 51,022 | Time: 2.56s
             Batch Controller | Stability: 0.0892 | Plateau: True | Next Batch: 256 | Reason: maximum_batch_size
             LR Controller | Next LR: 0.000004 | Reason: keep
Epoch 139/160 | Train Loss: 1.8749 | Train Acc: 50.00% | Val Loss: 2.2815 | Val Acc: 41.06%
             Grad Mean: 2.4775 | Grad Std: 0.1849 | Grad CV: 0.0746
             LR: 0.000004 | Batch: 256 | Updates: 51,198 | Time: 2.55s
             Batch Controller | Stability: 0.0824 | Plateau: True | Next Batch: 256 | Reason: maximum_batch_size
             LR Controller | Next LR: 0.000002 | Reason: worsening_decay
Epoch 140/160 | Train Loss: 1.8772 | Train Acc: 50.03% | Val Loss: 2.2816 | Val Acc: 41.06%
             Grad Mean: 2.4518 | Grad Std: 0.2024 | Grad CV: 0.0825
             LR: 0.000002 | Batch: 256 | Updates: 51,374 | Time: 2.57s
             Batch Controller | Stability: 0.0806 | Plateau: True | Next Batch: 256 | Reason: maximum_batch_size
             LR Controller | Next LR: 0.000002 | Reason: cooldown
Epoch 141/160 | Train Loss: 1.8773 | Train Acc: 49.70% | Val Loss: 2.2816 | Val Acc: 41.08%
             Grad Mean: 2.4719 | Grad Std: 0.2224 | Grad CV: 0.0900
             LR: 0.000002 | Batch: 256 | Updates: 51,550 | Time: 2.52s
             Batch Controller | Stability: 0.0824 | Plateau: True | Next Batch: 256 | Reason: maximum_batch_size
             LR Controller | Next LR: 0.000002 | Reason: cooldown
Epoch 142/160 | Train Loss: 1.8764 | Train Acc: 49.74% | Val Loss: 2.2815 | Val Acc: 41.06%
             Grad Mean: 2.4334 | Grad Std: 0.2171 | Grad CV: 0.0892
             LR: 0.000002 | Batch: 256 | Updates: 51,726 | Time: 2.48s
             Batch Controller | Stability: 0.0872 | Plateau: True | Next Batch: 256 | Reason: maximum_batch_size
             LR Controller | Next LR: 0.000002 | Reason: keep
Epoch 143/160 | Train Loss: 1.8762 | Train Acc: 49.74% | Val Loss: 2.2814 | Val Acc: 41.08%
             Grad Mean: 2.4412 | Grad Std: 0.2026 | Grad CV: 0.0830
             LR: 0.000002 | Batch: 256 | Updates: 51,902 | Time: 2.45s
             Batch Controller | Stability: 0.0874 | Plateau: True | Next Batch: 256 | Reason: maximum_batch_size
             LR Controller | Next LR: 0.000002 | Reason: keep
Epoch 144/160 | Train Loss: 1.8751 | Train Acc: 49.79% | Val Loss: 2.2814 | Val Acc: 41.08%
             Grad Mean: 2.4295 | Grad Std: 0.2480 | Grad CV: 0.1021
             LR: 0.000002 | Batch: 256 | Updates: 52,078 | Time: 2.52s
             Batch Controller | Stability: 0.0914 | Plateau: True | Next Batch: 256 | Reason: maximum_batch_size
             LR Controller | Next LR: 0.000002 | Reason: keep
Epoch 145/160 | Train Loss: 1.8776 | Train Acc: 49.91% | Val Loss: 2.2814 | Val Acc: 41.08%
             Grad Mean: 2.4552 | Grad Std: 0.2159 | Grad CV: 0.0879
             LR: 0.000002 | Batch: 256 | Updates: 52,254 | Time: 2.52s
             Batch Controller | Stability: 0.0910 | Plateau: True | Next Batch: 256 | Reason: maximum_batch_size
             LR Controller | Next LR: 0.000002 | Reason: keep
Epoch 146/160 | Train Loss: 1.8753 | Train Acc: 49.88% | Val Loss: 2.2814 | Val Acc: 41.08%
             Grad Mean: 2.4517 | Grad Std: 0.1936 | Grad CV: 0.0790
             LR: 0.000002 | Batch: 256 | Updates: 52,430 | Time: 2.50s
             Batch Controller | Stability: 0.0896 | Plateau: True | Next Batch: 256 | Reason: maximum_batch_size
             LR Controller | Next LR: 0.000001 | Reason: worsening_decay
Epoch 147/160 | Train Loss: 1.8728 | Train Acc: 49.82% | Val Loss: 2.2815 | Val Acc: 41.06%
             Grad Mean: 2.4428 | Grad Std: 0.2311 | Grad CV: 0.0946
             LR: 0.000001 | Batch: 256 | Updates: 52,606 | Time: 2.50s
             Batch Controller | Stability: 0.0872 | Plateau: True | Next Batch: 256 | Reason: maximum_batch_size
             LR Controller | Next LR: 0.000001 | Reason: cooldown
Epoch 148/160 | Train Loss: 1.8742 | Train Acc: 49.86% | Val Loss: 2.2815 | Val Acc: 41.10%
             Grad Mean: 2.4604 | Grad Std: 0.2164 | Grad CV: 0.0880
             LR: 0.000001 | Batch: 256 | Updates: 52,782 | Time: 2.56s
             Batch Controller | Stability: 0.0872 | Plateau: True | Next Batch: 256 | Reason: maximum_batch_size
             LR Controller | Next LR: 0.000001 | Reason: cooldown
Epoch 149/160 | Train Loss: 1.8769 | Train Acc: 49.77% | Val Loss: 2.2815 | Val Acc: 41.10%
             Grad Mean: 2.4548 | Grad Std: 0.2100 | Grad CV: 0.0856
             LR: 0.000001 | Batch: 256 | Updates: 52,958 | Time: 2.56s
             Batch Controller | Stability: 0.0894 | Plateau: True | Next Batch: 256 | Reason: maximum_batch_size
             LR Controller | Next LR: 0.000001 | Reason: keep
Epoch 150/160 | Train Loss: 1.8760 | Train Acc: 49.92% | Val Loss: 2.2815 | Val Acc: 41.08%
             Grad Mean: 2.4698 | Grad Std: 0.2458 | Grad CV: 0.0995
             LR: 0.000001 | Batch: 256 | Updates: 53,134 | Time: 2.55s
             Batch Controller | Stability: 0.0910 | Plateau: True | Next Batch: 256 | Reason: maximum_batch_size
             LR Controller | Next LR: 0.000001 | Reason: keep
Epoch 151/160 | Train Loss: 1.8777 | Train Acc: 49.64% | Val Loss: 2.2816 | Val Acc: 41.10%
             Grad Mean: 2.4647 | Grad Std: 0.2294 | Grad CV: 0.0931
             LR: 0.000001 | Batch: 256 | Updates: 53,310 | Time: 2.60s
             Batch Controller | Stability: 0.0927 | Plateau: True | Next Batch: 256 | Reason: maximum_batch_size
             LR Controller | Next LR: 0.000001 | Reason: keep
Epoch 152/160 | Train Loss: 1.8731 | Train Acc: 49.81% | Val Loss: 2.2816 | Val Acc: 41.10%
             Grad Mean: 2.4468 | Grad Std: 0.2176 | Grad CV: 0.0889
             LR: 0.000001 | Batch: 256 | Updates: 53,486 | Time: 2.53s
             Batch Controller | Stability: 0.0938 | Plateau: True | Next Batch: 256 | Reason: maximum_batch_size
             LR Controller | Next LR: 0.000001 | Reason: keep
Epoch 153/160 | Train Loss: 1.8775 | Train Acc: 49.80% | Val Loss: 2.2816 | Val Acc: 41.10%
             Grad Mean: 2.4112 | Grad Std: 0.2219 | Grad CV: 0.0920
             LR: 0.000001 | Batch: 256 | Updates: 53,662 | Time: 2.49s
             Batch Controller | Stability: 0.0913 | Plateau: True | Next Batch: 256 | Reason: maximum_batch_size
             LR Controller | Next LR: 0.000001 | Reason: keep
Epoch 154/160 | Train Loss: 1.8776 | Train Acc: 49.68% | Val Loss: 2.2816 | Val Acc: 41.10%
             Grad Mean: 2.4752 | Grad Std: 0.2096 | Grad CV: 0.0847
             LR: 0.000001 | Batch: 256 | Updates: 53,838 | Time: 2.45s
             Batch Controller | Stability: 0.0885 | Plateau: True | Next Batch: 256 | Reason: maximum_batch_size
             LR Controller | Next LR: 0.000001 | Reason: keep
Epoch 155/160 | Train Loss: 1.8793 | Train Acc: 49.78% | Val Loss: 2.2816 | Val Acc: 41.10%
             Grad Mean: 2.4566 | Grad Std: 0.2084 | Grad CV: 0.0848
             LR: 0.000001 | Batch: 256 | Updates: 54,014 | Time: 2.44s
             Batch Controller | Stability: 0.0872 | Plateau: True | Next Batch: 256 | Reason: maximum_batch_size
             LR Controller | Next LR: 0.000001 | Reason: keep
Epoch 156/160 | Train Loss: 1.8740 | Train Acc: 49.98% | Val Loss: 2.2816 | Val Acc: 41.10%
             Grad Mean: 2.4547 | Grad Std: 0.2177 | Grad CV: 0.0887
             LR: 0.000001 | Batch: 256 | Updates: 54,190 | Time: 2.45s
             Batch Controller | Stability: 0.0861 | Plateau: True | Next Batch: 256 | Reason: maximum_batch_size
             LR Controller | Next LR: 0.000001 | Reason: keep
Epoch 157/160 | Train Loss: 1.8780 | Train Acc: 49.64% | Val Loss: 2.2816 | Val Acc: 41.10%
             Grad Mean: 2.4539 | Grad Std: 0.2241 | Grad CV: 0.0913
             LR: 0.000001 | Batch: 256 | Updates: 54,366 | Time: 2.48s
             Batch Controller | Stability: 0.0883 | Plateau: True | Next Batch: 256 | Reason: maximum_batch_size
             LR Controller | Next LR: 0.000001 | Reason: keep
Epoch 158/160 | Train Loss: 1.8745 | Train Acc: 49.84% | Val Loss: 2.2815 | Val Acc: 41.10%
             Grad Mean: 2.4672 | Grad Std: 0.2374 | Grad CV: 0.0962
             LR: 0.000001 | Batch: 256 | Updates: 54,542 | Time: 2.52s
             Batch Controller | Stability: 0.0921 | Plateau: True | Next Batch: 256 | Reason: maximum_batch_size
             LR Controller | Next LR: 0.000001 | Reason: keep
Epoch 159/160 | Train Loss: 1.8762 | Train Acc: 49.86% | Val Loss: 2.2815 | Val Acc: 41.10%
             Grad Mean: 2.4463 | Grad Std: 0.2388 | Grad CV: 0.0976
             LR: 0.000001 | Batch: 256 | Updates: 54,718 | Time: 2.51s
             Batch Controller | Stability: 0.0951 | Plateau: True | Next Batch: 256 | Reason: maximum_batch_size
             LR Controller | Next LR: 0.000001 | Reason: keep
Epoch 160/160 | Train Loss: 1.8769 | Train Acc: 49.74% | Val Loss: 2.2815 | Val Acc: 41.08%
             Grad Mean: 2.4583 | Grad Std: 0.2066 | Grad CV: 0.0840
             LR: 0.000001 | Batch: 256 | Updates: 54,894 | Time: 2.51s
             Batch Controller | Stability: 0.0926 | Plateau: True | Next Batch: 256 | Reason: maximum_batch_size
             LR Controller | Next LR: 0.000001 | Reason: keep
==============================================================================
Training complete
Best epoch: 106
Best validation loss: 2.2787
Total optimizer updates: 54,894
Total training time: 434.12 seconds
Final batch size used: 256
Final learning rate used: 0.000001
Results saved to: /home/ams098z/Courses/CSCE5218/MidetermProj/adaptive-batch-lr-cifar10/results/tuning_cifar100_20261005/trials/E4_alpha0.2_ep160/cifar100_adaptive_batch_adaptive_lr_refLR0.01_seed42_pilot160/20261005T081941_104590Z/cifar100_adaptive_batch_adaptive_lr_refLR0.01_seed42_pilot160.csv
Metadata saved to: /home/ams098z/Courses/CSCE5218/MidetermProj/adaptive-batch-lr-cifar10/results/tuning_cifar100_20261005/trials/E4_alpha0.2_ep160/cifar100_adaptive_batch_adaptive_lr_refLR0.01_seed42_pilot160/20261005T081941_104590Z/cifar100_adaptive_batch_adaptive_lr_refLR0.01_seed42_pilot160_metadata.json
==============================================================================
Evaluated checkpoint: epoch 106
Validation accuracy: 41.02%
Validation macro F1: 0.3977
Evaluation results saved to: /home/ams098z/Courses/CSCE5218/MidetermProj/adaptive-batch-lr-cifar10/results/tuning_cifar100_20261005/trials/E4_alpha0.2_ep160/cifar100_adaptive_batch_adaptive_lr_refLR0.01_seed42_pilot160/20261005T081941_104590Z
