
CIFAR-100 dataset ready
------------------------------------------------------------
Training samples:   45,000
Validation samples: 5,000
Test samples:       10,000

Training samples per class:
[450, 450, 450, 450, 450, 450, 450, 450, 450, 450, 450, 450, 450, 450, 450, 450, 450, 450, 450, 450, 450, 450, 450, 450, 450, 450, 450, 450, 450, 450, 450, 450, 450, 450, 450, 450, 450, 450, 450, 450, 450, 450, 450, 450, 450, 450, 450, 450, 450, 450, 450, 450, 450, 450, 450, 450, 450, 450, 450, 450, 450, 450, 450, 450, 450, 450, 450, 450, 450, 450, 450, 450, 450, 450, 450, 450, 450, 450, 450, 450, 450, 450, 450, 450, 450, 450, 450, 450, 450, 450, 450, 450, 450, 450, 450, 450, 450, 450, 450, 450]

Validation samples per class:
[50, 50, 50, 50, 50, 50, 50, 50, 50, 50, 50, 50, 50, 50, 50, 50, 50, 50, 50, 50, 50, 50, 50, 50, 50, 50, 50, 50, 50, 50, 50, 50, 50, 50, 50, 50, 50, 50, 50, 50, 50, 50, 50, 50, 50, 50, 50, 50, 50, 50, 50, 50, 50, 50, 50, 50, 50, 50, 50, 50, 50, 50, 50, 50, 50, 50, 50, 50, 50, 50, 50, 50, 50, 50, 50, 50, 50, 50, 50, 50, 50, 50, 50, 50, 50, 50, 50, 50, 50, 50, 50, 50, 50, 50, 50, 50, 50, 50, 50, 50]
------------------------------------------------------------
==============================================================================
E4: Adaptive Batch Size + Adaptive Learning Rate
==============================================================================
Results directory:    /home/ams098z/Courses/CSCE5218/MidetermProj/adaptive-batch-lr-cifar10/results/rerun_cifar100_20261006/trials/E4_budget_ep160/cifar100_adaptive_batch_adaptive_lr_refLR0.01_seed42_pilot160/20261006T082605_498140Z
Device:               NVIDIA GeForce RTX 5070 Ti Laptop GPU
Dataset:              CIFAR-100; classes: 100
Training samples:     45,000
Validation samples:   5,000
Epochs:               160
Initial batch:        32
Allowed batches:      [32, 64, 128, 256]
Initial LR:           0.01000000
Reference LR:         0.01
LR alpha:             1.0
LR factor:            0.7
Warmup epochs:        0
Pilot run:            True
==============================================================================

Starting adaptive batch + adaptive LR training
==============================================================================
Epoch 01/160 | Train Loss: 4.1571 | Train Acc: 5.92% | Val Loss: 3.9197 | Val Acc: 9.24%  <-- best
             Grad Mean: 2.1002 | Grad Std: 0.3240 | Grad CV: 0.1542
             LR: 0.010000 | Batch: 32 | Updates: 1,407 | Time: 4.31s
             Batch Controller | Stability: N/A | Plateau: False | Next Batch: 32 | Reason: insufficient_gradient_history
             LR Controller | Next LR: 0.010000 | Reason: keep
Epoch 02/160 | Train Loss: 3.7520 | Train Acc: 11.28% | Val Loss: 3.6621 | Val Acc: 11.68%  <-- best
             Grad Mean: 2.4831 | Grad Std: 0.3920 | Grad CV: 0.1579
             LR: 0.010000 | Batch: 32 | Updates: 2,814 | Time: 4.57s
             Batch Controller | Stability: N/A | Plateau: False | Next Batch: 32 | Reason: insufficient_gradient_history
             LR Controller | Next LR: 0.010000 | Reason: keep
Epoch 03/160 | Train Loss: 3.4882 | Train Acc: 15.78% | Val Loss: 3.4979 | Val Acc: 15.62%  <-- best
             Grad Mean: 2.8274 | Grad Std: 0.4552 | Grad CV: 0.1610
             LR: 0.010000 | Batch: 32 | Updates: 4,221 | Time: 4.29s
             Batch Controller | Stability: 0.1577 | Plateau: False | Next Batch: 32 | Reason: validation_improving
             LR Controller | Next LR: 0.010000 | Reason: keep
Epoch 04/160 | Train Loss: 3.2997 | Train Acc: 19.31% | Val Loss: 3.4638 | Val Acc: 17.98%  <-- best
             Grad Mean: 3.0621 | Grad Std: 0.4807 | Grad CV: 0.1570
             LR: 0.010000 | Batch: 32 | Updates: 5,628 | Time: 4.37s
             Batch Controller | Stability: 0.1586 | Plateau: False | Next Batch: 32 | Reason: validation_improving
             LR Controller | Next LR: 0.010000 | Reason: keep
Epoch 05/160 | Train Loss: 3.1524 | Train Acc: 21.89% | Val Loss: 3.3760 | Val Acc: 19.02%  <-- best
             Grad Mean: 3.2283 | Grad Std: 0.5150 | Grad CV: 0.1595
             LR: 0.010000 | Batch: 32 | Updates: 7,035 | Time: 4.12s
             Batch Controller | Stability: 0.1592 | Plateau: False | Next Batch: 32 | Reason: validation_improving
             LR Controller | Next LR: 0.010000 | Reason: keep
Epoch 06/160 | Train Loss: 3.0465 | Train Acc: 24.25% | Val Loss: 3.1742 | Val Acc: 21.66%  <-- best
             Grad Mean: 3.2690 | Grad Std: 0.4914 | Grad CV: 0.1503
             LR: 0.010000 | Batch: 32 | Updates: 8,442 | Time: 4.22s
             Batch Controller | Stability: 0.1556 | Plateau: False | Next Batch: 32 | Reason: validation_improving
             LR Controller | Next LR: 0.010000 | Reason: keep
Epoch 07/160 | Train Loss: 2.9556 | Train Acc: 26.02% | Val Loss: 3.1293 | Val Acc: 22.80%  <-- best
             Grad Mean: 3.3429 | Grad Std: 0.4911 | Grad CV: 0.1469
             LR: 0.010000 | Batch: 32 | Updates: 9,849 | Time: 4.12s
             Batch Controller | Stability: 0.1523 | Plateau: False | Next Batch: 32 | Reason: validation_improving
             LR Controller | Next LR: 0.010000 | Reason: keep
Epoch 08/160 | Train Loss: 2.8818 | Train Acc: 27.49% | Val Loss: 3.1515 | Val Acc: 23.30%
             Grad Mean: 3.3419 | Grad Std: 0.4519 | Grad CV: 0.1352
             LR: 0.010000 | Batch: 32 | Updates: 11,256 | Time: 4.34s
             Batch Controller | Stability: 0.1441 | Plateau: False | Next Batch: 32 | Reason: validation_improving
             LR Controller | Next LR: 0.010000 | Reason: keep
Epoch 09/160 | Train Loss: 2.8308 | Train Acc: 28.80% | Val Loss: 3.1092 | Val Acc: 23.76%  <-- best
             Grad Mean: 3.3668 | Grad Std: 0.4769 | Grad CV: 0.1417
             LR: 0.010000 | Batch: 32 | Updates: 12,663 | Time: 4.25s
             Batch Controller | Stability: 0.1413 | Plateau: False | Next Batch: 32 | Reason: validation_improving
             LR Controller | Next LR: 0.010000 | Reason: keep
Epoch 10/160 | Train Loss: 2.7804 | Train Acc: 29.48% | Val Loss: 2.9265 | Val Acc: 26.62%  <-- best
             Grad Mean: 3.3780 | Grad Std: 0.4534 | Grad CV: 0.1342
             LR: 0.010000 | Batch: 32 | Updates: 14,070 | Time: 3.95s
             Batch Controller | Stability: 0.1370 | Plateau: False | Next Batch: 32 | Reason: validation_improving
             LR Controller | Next LR: 0.010000 | Reason: keep
Epoch 11/160 | Train Loss: 2.7294 | Train Acc: 30.68% | Val Loss: 3.0356 | Val Acc: 25.08%
             Grad Mean: 3.3846 | Grad Std: 0.4214 | Grad CV: 0.1245
             LR: 0.010000 | Batch: 32 | Updates: 15,477 | Time: 3.95s
             Batch Controller | Stability: 0.1335 | Plateau: False | Next Batch: 32 | Reason: validation_improving
             LR Controller | Next LR: 0.010000 | Reason: keep
Epoch 12/160 | Train Loss: 2.7015 | Train Acc: 30.94% | Val Loss: 2.9503 | Val Acc: 26.70%
             Grad Mean: 3.4329 | Grad Std: 0.4645 | Grad CV: 0.1353
             LR: 0.010000 | Batch: 32 | Updates: 16,884 | Time: 3.97s
             Batch Controller | Stability: 0.1313 | Plateau: False | Next Batch: 32 | Reason: validation_improving
             LR Controller | Next LR: 0.007000 | Reason: worsening_decay
Epoch 13/160 | Train Loss: 2.5901 | Train Acc: 33.47% | Val Loss: 2.8139 | Val Acc: 28.84%  <-- best
             Grad Mean: 3.5524 | Grad Std: 0.4666 | Grad CV: 0.1314
             LR: 0.007000 | Batch: 32 | Updates: 18,291 | Time: 3.99s
             Batch Controller | Stability: 0.1304 | Plateau: False | Next Batch: 32 | Reason: validation_improving
             LR Controller | Next LR: 0.007000 | Reason: cooldown
Epoch 14/160 | Train Loss: 2.5689 | Train Acc: 33.88% | Val Loss: 2.8234 | Val Acc: 28.50%
             Grad Mean: 3.6613 | Grad Std: 0.4667 | Grad CV: 0.1275
             LR: 0.007000 | Batch: 32 | Updates: 19,698 | Time: 3.98s
             Batch Controller | Stability: 0.1314 | Plateau: False | Next Batch: 32 | Reason: validation_improving
             LR Controller | Next LR: 0.007000 | Reason: cooldown
Epoch 15/160 | Train Loss: 2.5463 | Train Acc: 34.48% | Val Loss: 2.7988 | Val Acc: 29.58%  <-- best
             Grad Mean: 3.7460 | Grad Std: 0.4810 | Grad CV: 0.1284
             LR: 0.007000 | Batch: 32 | Updates: 21,105 | Time: 3.96s
             Batch Controller | Stability: 0.1291 | Plateau: False | Next Batch: 32 | Reason: validation_improving
             LR Controller | Next LR: 0.007000 | Reason: keep
Epoch 16/160 | Train Loss: 2.5215 | Train Acc: 34.84% | Val Loss: 2.7961 | Val Acc: 30.26%  <-- best
             Grad Mean: 3.8031 | Grad Std: 0.4934 | Grad CV: 0.1297
             LR: 0.007000 | Batch: 32 | Updates: 22,512 | Time: 4.19s
             Batch Controller | Stability: 0.1285 | Plateau: False | Next Batch: 32 | Reason: validation_improving
             LR Controller | Next LR: 0.007000 | Reason: keep
Epoch 17/160 | Train Loss: 2.5089 | Train Acc: 35.02% | Val Loss: 2.7860 | Val Acc: 29.38%  <-- best
             Grad Mean: 3.8308 | Grad Std: 0.5017 | Grad CV: 0.1310
             LR: 0.007000 | Batch: 32 | Updates: 23,919 | Time: 3.98s
             Batch Controller | Stability: 0.1297 | Plateau: False | Next Batch: 32 | Reason: validation_improving
             LR Controller | Next LR: 0.007000 | Reason: keep
Epoch 18/160 | Train Loss: 2.4914 | Train Acc: 35.48% | Val Loss: 2.8252 | Val Acc: 29.30%
             Grad Mean: 3.8719 | Grad Std: 0.5067 | Grad CV: 0.1309
             LR: 0.007000 | Batch: 32 | Updates: 25,326 | Time: 3.92s
             Batch Controller | Stability: 0.1305 | Plateau: False | Next Batch: 32 | Reason: validation_improving
             LR Controller | Next LR: 0.007000 | Reason: keep
Epoch 19/160 | Train Loss: 2.4728 | Train Acc: 35.93% | Val Loss: 2.7612 | Val Acc: 30.84%  <-- best
             Grad Mean: 3.8763 | Grad Std: 0.4883 | Grad CV: 0.1260
             LR: 0.007000 | Batch: 32 | Updates: 26,733 | Time: 3.93s
             Batch Controller | Stability: 0.1293 | Plateau: False | Next Batch: 32 | Reason: validation_improving
             LR Controller | Next LR: 0.007000 | Reason: keep
Epoch 20/160 | Train Loss: 2.4558 | Train Acc: 36.41% | Val Loss: 2.8533 | Val Acc: 28.76%
             Grad Mean: 3.9203 | Grad Std: 0.5035 | Grad CV: 0.1284
             LR: 0.007000 | Batch: 32 | Updates: 28,140 | Time: 4.02s
             Batch Controller | Stability: 0.1284 | Plateau: False | Next Batch: 32 | Reason: validation_improving
             LR Controller | Next LR: 0.007000 | Reason: keep
Epoch 21/160 | Train Loss: 2.4414 | Train Acc: 36.73% | Val Loss: 2.6823 | Val Acc: 32.30%  <-- best
             Grad Mean: 3.9357 | Grad Std: 0.5079 | Grad CV: 0.1290
             LR: 0.007000 | Batch: 32 | Updates: 29,547 | Time: 3.94s
             Batch Controller | Stability: 0.1278 | Plateau: False | Next Batch: 32 | Reason: validation_improving
             LR Controller | Next LR: 0.007000 | Reason: keep
Epoch 22/160 | Train Loss: 2.4279 | Train Acc: 36.74% | Val Loss: 2.6735 | Val Acc: 31.76%  <-- best
             Grad Mean: 3.9526 | Grad Std: 0.4966 | Grad CV: 0.1256
             LR: 0.007000 | Batch: 32 | Updates: 30,954 | Time: 4.14s
             Batch Controller | Stability: 0.1277 | Plateau: False | Next Batch: 32 | Reason: validation_improving
             LR Controller | Next LR: 0.007000 | Reason: keep
Epoch 23/160 | Train Loss: 2.4188 | Train Acc: 36.99% | Val Loss: 2.6853 | Val Acc: 32.10%
             Grad Mean: 3.9490 | Grad Std: 0.4885 | Grad CV: 0.1237
             LR: 0.007000 | Batch: 32 | Updates: 32,361 | Time: 4.35s
             Batch Controller | Stability: 0.1261 | Plateau: False | Next Batch: 32 | Reason: validation_improving
             LR Controller | Next LR: 0.007000 | Reason: keep
Epoch 24/160 | Train Loss: 2.4035 | Train Acc: 37.34% | Val Loss: 2.6349 | Val Acc: 33.28%  <-- best
             Grad Mean: 3.9552 | Grad Std: 0.5042 | Grad CV: 0.1275
             LR: 0.007000 | Batch: 32 | Updates: 33,768 | Time: 4.16s
             Batch Controller | Stability: 0.1256 | Plateau: False | Next Batch: 32 | Reason: validation_improving
             LR Controller | Next LR: 0.007000 | Reason: keep
Epoch 25/160 | Train Loss: 2.3916 | Train Acc: 37.33% | Val Loss: 2.6620 | Val Acc: 32.62%
             Grad Mean: 3.9708 | Grad Std: 0.4891 | Grad CV: 0.1232
             LR: 0.007000 | Batch: 32 | Updates: 35,175 | Time: 4.28s
             Batch Controller | Stability: 0.1248 | Plateau: False | Next Batch: 32 | Reason: validation_improving
             LR Controller | Next LR: 0.007000 | Reason: keep
Epoch 26/160 | Train Loss: 2.3769 | Train Acc: 38.11% | Val Loss: 2.7230 | Val Acc: 31.12%
             Grad Mean: 4.0039 | Grad Std: 0.5154 | Grad CV: 0.1287
             LR: 0.007000 | Batch: 32 | Updates: 36,582 | Time: 4.07s
             Batch Controller | Stability: 0.1265 | Plateau: False | Next Batch: 32 | Reason: validation_improving
             LR Controller | Next LR: 0.004900 | Reason: worsening_decay
Epoch 27/160 | Train Loss: 2.2938 | Train Acc: 39.86% | Val Loss: 2.5732 | Val Acc: 33.66%  <-- best
             Grad Mean: 4.0568 | Grad Std: 0.5142 | Grad CV: 0.1267
             LR: 0.004900 | Batch: 32 | Updates: 37,989 | Time: 4.17s
             Batch Controller | Stability: 0.1262 | Plateau: False | Next Batch: 32 | Reason: validation_improving
             LR Controller | Next LR: 0.004900 | Reason: cooldown
Epoch 28/160 | Train Loss: 2.2838 | Train Acc: 39.99% | Val Loss: 2.6301 | Val Acc: 33.56%
             Grad Mean: 4.1930 | Grad Std: 0.5042 | Grad CV: 0.1202
             LR: 0.004900 | Batch: 32 | Updates: 39,396 | Time: 4.27s
             Batch Controller | Stability: 0.1252 | Plateau: False | Next Batch: 32 | Reason: validation_improving
             LR Controller | Next LR: 0.004900 | Reason: cooldown
Epoch 29/160 | Train Loss: 2.2768 | Train Acc: 40.43% | Val Loss: 2.6905 | Val Acc: 33.10%
             Grad Mean: 4.2676 | Grad Std: 0.5387 | Grad CV: 0.1262
             LR: 0.004900 | Batch: 32 | Updates: 40,803 | Time: 4.09s
             Batch Controller | Stability: 0.1244 | Plateau: False | Next Batch: 32 | Reason: validation_improving
             LR Controller | Next LR: 0.004900 | Reason: keep
Epoch 30/160 | Train Loss: 2.2764 | Train Acc: 40.42% | Val Loss: 2.6070 | Val Acc: 34.18%
             Grad Mean: 4.3334 | Grad Std: 0.5183 | Grad CV: 0.1196
             LR: 0.004900 | Batch: 32 | Updates: 42,210 | Time: 4.11s
             Batch Controller | Stability: 0.1220 | Plateau: True | Next Batch: 64 | Reason: plateau_and_stable
             LR Controller | Next LR: 0.009800 | Reason: keep
Epoch 31/160 | Train Loss: 2.2685 | Train Acc: 40.57% | Val Loss: 2.5461 | Val Acc: 35.10%  <-- best
             Grad Mean: 3.2845 | Grad Std: 0.4343 | Grad CV: 0.1322
             LR: 0.009800 | Batch: 64 | Updates: 42,914 | Time: 3.01s
             Batch Controller | Stability: 0.1260 | Plateau: False | Next Batch: 64 | Reason: cooldown
             LR Controller | Next LR: 0.009800 | Reason: keep
Epoch 32/160 | Train Loss: 2.2609 | Train Acc: 40.66% | Val Loss: 2.5322 | Val Acc: 35.80%  <-- best
             Grad Mean: 3.3271 | Grad Std: 0.4613 | Grad CV: 0.1387
             LR: 0.009800 | Batch: 64 | Updates: 43,618 | Time: 3.06s
             Batch Controller | Stability: 0.1302 | Plateau: False | Next Batch: 64 | Reason: cooldown
             LR Controller | Next LR: 0.009800 | Reason: keep
Epoch 33/160 | Train Loss: 2.2581 | Train Acc: 40.47% | Val Loss: 2.5958 | Val Acc: 33.20%
             Grad Mean: 3.3523 | Grad Std: 0.4874 | Grad CV: 0.1454
             LR: 0.009800 | Batch: 64 | Updates: 44,322 | Time: 3.05s
             Batch Controller | Stability: 0.1388 | Plateau: False | Next Batch: 64 | Reason: validation_improving
             LR Controller | Next LR: 0.009800 | Reason: keep
Epoch 34/160 | Train Loss: 2.2556 | Train Acc: 40.77% | Val Loss: 2.5885 | Val Acc: 34.06%
             Grad Mean: 3.3437 | Grad Std: 0.4693 | Grad CV: 0.1403
             LR: 0.009800 | Batch: 64 | Updates: 45,026 | Time: 2.95s
             Batch Controller | Stability: 0.1415 | Plateau: False | Next Batch: 64 | Reason: validation_improving
             LR Controller | Next LR: 0.006860 | Reason: worsening_decay
Epoch 35/160 | Train Loss: 2.1831 | Train Acc: 42.40% | Val Loss: 2.5393 | Val Acc: 35.62%
             Grad Mean: 3.3453 | Grad Std: 0.4447 | Grad CV: 0.1329
             LR: 0.006860 | Batch: 64 | Updates: 45,730 | Time: 3.19s
             Batch Controller | Stability: 0.1395 | Plateau: True | Next Batch: 128 | Reason: plateau_and_stable
             LR Controller | Next LR: 0.013720 | Reason: cooldown
Epoch 36/160 | Train Loss: 2.1846 | Train Acc: 42.36% | Val Loss: 2.4368 | Val Acc: 38.36%  <-- best
             Grad Mean: 2.7110 | Grad Std: 0.3683 | Grad CV: 0.1359
             LR: 0.013720 | Batch: 128 | Updates: 46,082 | Time: 2.96s
             Batch Controller | Stability: 0.1364 | Plateau: False | Next Batch: 128 | Reason: cooldown
             LR Controller | Next LR: 0.013720 | Reason: cooldown
Epoch 37/160 | Train Loss: 2.1575 | Train Acc: 43.08% | Val Loss: 2.4917 | Val Acc: 36.64%
             Grad Mean: 2.7210 | Grad Std: 0.3486 | Grad CV: 0.1281
             LR: 0.013720 | Batch: 128 | Updates: 46,434 | Time: 2.87s
             Batch Controller | Stability: 0.1323 | Plateau: False | Next Batch: 128 | Reason: cooldown
             LR Controller | Next LR: 0.013720 | Reason: keep
Epoch 38/160 | Train Loss: 2.1638 | Train Acc: 42.60% | Val Loss: 2.5958 | Val Acc: 34.56%
             Grad Mean: 2.7722 | Grad Std: 0.3655 | Grad CV: 0.1318
             LR: 0.013720 | Batch: 128 | Updates: 46,786 | Time: 2.82s
             Batch Controller | Stability: 0.1319 | Plateau: False | Next Batch: 128 | Reason: validation_improving
             LR Controller | Next LR: 0.009604 | Reason: worsening_decay
Epoch 39/160 | Train Loss: 2.1122 | Train Acc: 44.02% | Val Loss: 2.4267 | Val Acc: 37.88%  <-- best
             Grad Mean: 2.7316 | Grad Std: 0.3541 | Grad CV: 0.1296
             LR: 0.009604 | Batch: 128 | Updates: 47,138 | Time: 2.89s
             Batch Controller | Stability: 0.1299 | Plateau: False | Next Batch: 128 | Reason: validation_improving
             LR Controller | Next LR: 0.009604 | Reason: cooldown
Epoch 40/160 | Train Loss: 2.1077 | Train Acc: 43.97% | Val Loss: 2.4998 | Val Acc: 35.98%
             Grad Mean: 2.8564 | Grad Std: 0.3549 | Grad CV: 0.1242
             LR: 0.009604 | Batch: 128 | Updates: 47,490 | Time: 2.80s
             Batch Controller | Stability: 0.1286 | Plateau: False | Next Batch: 128 | Reason: validation_improving
             LR Controller | Next LR: 0.009604 | Reason: cooldown
Epoch 41/160 | Train Loss: 2.1019 | Train Acc: 44.26% | Val Loss: 2.4873 | Val Acc: 37.00%
             Grad Mean: 2.8874 | Grad Std: 0.3734 | Grad CV: 0.1293
             LR: 0.009604 | Batch: 128 | Updates: 47,842 | Time: 2.79s
             Batch Controller | Stability: 0.1277 | Plateau: False | Next Batch: 128 | Reason: validation_improving
             LR Controller | Next LR: 0.009604 | Reason: keep
Epoch 42/160 | Train Loss: 2.1027 | Train Acc: 44.14% | Val Loss: 2.3864 | Val Acc: 38.50%  <-- best
             Grad Mean: 2.9354 | Grad Std: 0.3675 | Grad CV: 0.1252
             LR: 0.009604 | Batch: 128 | Updates: 48,194 | Time: 2.76s
             Batch Controller | Stability: 0.1262 | Plateau: False | Next Batch: 128 | Reason: validation_improving
             LR Controller | Next LR: 0.009604 | Reason: keep
Epoch 43/160 | Train Loss: 2.0883 | Train Acc: 44.48% | Val Loss: 2.4378 | Val Acc: 37.72%
             Grad Mean: 2.9581 | Grad Std: 0.3772 | Grad CV: 0.1275
             LR: 0.009604 | Batch: 128 | Updates: 48,546 | Time: 2.83s
             Batch Controller | Stability: 0.1273 | Plateau: False | Next Batch: 128 | Reason: validation_improving
             LR Controller | Next LR: 0.009604 | Reason: keep
Epoch 44/160 | Train Loss: 2.0966 | Train Acc: 44.40% | Val Loss: 2.5382 | Val Acc: 35.18%
             Grad Mean: 3.0247 | Grad Std: 0.4010 | Grad CV: 0.1326
             LR: 0.009604 | Batch: 128 | Updates: 48,898 | Time: 2.76s
             Batch Controller | Stability: 0.1284 | Plateau: False | Next Batch: 128 | Reason: validation_improving
             LR Controller | Next LR: 0.006723 | Reason: worsening_decay
Epoch 45/160 | Train Loss: 2.0452 | Train Acc: 45.53% | Val Loss: 2.3610 | Val Acc: 38.50%  <-- best
             Grad Mean: 2.9465 | Grad Std: 0.3602 | Grad CV: 0.1222
             LR: 0.006723 | Batch: 128 | Updates: 49,250 | Time: 2.76s
             Batch Controller | Stability: 0.1274 | Plateau: False | Next Batch: 128 | Reason: validation_improving
             LR Controller | Next LR: 0.006723 | Reason: cooldown
Epoch 46/160 | Train Loss: 2.0419 | Train Acc: 45.70% | Val Loss: 2.3733 | Val Acc: 39.02%
             Grad Mean: 3.0358 | Grad Std: 0.3657 | Grad CV: 0.1205
             LR: 0.006723 | Batch: 128 | Updates: 49,602 | Time: 2.82s
             Batch Controller | Stability: 0.1251 | Plateau: False | Next Batch: 128 | Reason: validation_improving
             LR Controller | Next LR: 0.006723 | Reason: cooldown
Epoch 47/160 | Train Loss: 2.0351 | Train Acc: 45.61% | Val Loss: 2.3929 | Val Acc: 38.48%
             Grad Mean: 3.0621 | Grad Std: 0.3827 | Grad CV: 0.1250
             LR: 0.006723 | Batch: 128 | Updates: 49,954 | Time: 2.76s
             Batch Controller | Stability: 0.1226 | Plateau: False | Next Batch: 128 | Reason: validation_improving
             LR Controller | Next LR: 0.006723 | Reason: keep
Epoch 48/160 | Train Loss: 2.0308 | Train Acc: 45.97% | Val Loss: 2.4104 | Val Acc: 37.86%
             Grad Mean: 3.1097 | Grad Std: 0.3670 | Grad CV: 0.1180
             LR: 0.006723 | Batch: 128 | Updates: 50,306 | Time: 2.81s
             Batch Controller | Stability: 0.1212 | Plateau: True | Next Batch: 256 | Reason: plateau_and_stable
             LR Controller | Next LR: 0.009412 | Reason: worsening_decay
Epoch 49/160 | Train Loss: 2.0099 | Train Acc: 46.34% | Val Loss: 2.3502 | Val Acc: 39.74%  <-- best
             Grad Mean: 2.5234 | Grad Std: 0.3554 | Grad CV: 0.1408
             LR: 0.009412 | Batch: 256 | Updates: 50,482 | Time: 2.68s
             Batch Controller | Stability: 0.1280 | Plateau: False | Next Batch: 256 | Reason: maximum_batch_size
             LR Controller | Next LR: 0.009412 | Reason: cooldown
Epoch 50/160 | Train Loss: 1.9905 | Train Acc: 47.02% | Val Loss: 2.4363 | Val Acc: 38.00%
             Grad Mean: 2.4937 | Grad Std: 0.3542 | Grad CV: 0.1420
             LR: 0.009412 | Batch: 256 | Updates: 50,658 | Time: 2.63s
             Batch Controller | Stability: 0.1336 | Plateau: False | Next Batch: 256 | Reason: maximum_batch_size
             LR Controller | Next LR: 0.009412 | Reason: cooldown
Epoch 51/160 | Train Loss: 1.9934 | Train Acc: 46.77% | Val Loss: 2.3639 | Val Acc: 39.36%
             Grad Mean: 2.5743 | Grad Std: 0.3399 | Grad CV: 0.1320
             LR: 0.009412 | Batch: 256 | Updates: 50,834 | Time: 2.58s
             Batch Controller | Stability: 0.1383 | Plateau: False | Next Batch: 256 | Reason: maximum_batch_size
             LR Controller | Next LR: 0.009412 | Reason: keep
Epoch 52/160 | Train Loss: 1.9803 | Train Acc: 47.07% | Val Loss: 2.3704 | Val Acc: 39.08%
             Grad Mean: 2.4417 | Grad Std: 0.2825 | Grad CV: 0.1157
             LR: 0.009412 | Batch: 256 | Updates: 51,010 | Time: 2.59s
             Batch Controller | Stability: 0.1299 | Plateau: True | Next Batch: 256 | Reason: maximum_batch_size
             LR Controller | Next LR: 0.006588 | Reason: worsening_decay
Epoch 53/160 | Train Loss: 1.9605 | Train Acc: 47.63% | Val Loss: 2.4132 | Val Acc: 38.24%
             Grad Mean: 2.5207 | Grad Std: 0.3170 | Grad CV: 0.1258
             LR: 0.006588 | Batch: 256 | Updates: 51,186 | Time: 2.56s
             Batch Controller | Stability: 0.1245 | Plateau: True | Next Batch: 256 | Reason: maximum_batch_size
             LR Controller | Next LR: 0.006588 | Reason: cooldown
Epoch 54/160 | Train Loss: 1.9546 | Train Acc: 47.78% | Val Loss: 2.3232 | Val Acc: 39.88%  <-- best
             Grad Mean: 2.5188 | Grad Std: 0.2735 | Grad CV: 0.1086
             LR: 0.006588 | Batch: 256 | Updates: 51,362 | Time: 2.58s
             Batch Controller | Stability: 0.1167 | Plateau: False | Next Batch: 256 | Reason: maximum_batch_size
             LR Controller | Next LR: 0.006588 | Reason: cooldown
Epoch 55/160 | Train Loss: 1.9482 | Train Acc: 47.84% | Val Loss: 2.3529 | Val Acc: 39.52%
             Grad Mean: 2.5121 | Grad Std: 0.3123 | Grad CV: 0.1243
             LR: 0.006588 | Batch: 256 | Updates: 51,538 | Time: 2.57s
             Batch Controller | Stability: 0.1196 | Plateau: False | Next Batch: 256 | Reason: maximum_batch_size
             LR Controller | Next LR: 0.006588 | Reason: keep
Epoch 56/160 | Train Loss: 1.9431 | Train Acc: 47.90% | Val Loss: 2.3108 | Val Acc: 40.42%  <-- best
             Grad Mean: 2.5158 | Grad Std: 0.2965 | Grad CV: 0.1179
             LR: 0.006588 | Batch: 256 | Updates: 51,714 | Time: 2.56s
             Batch Controller | Stability: 0.1169 | Plateau: False | Next Batch: 256 | Reason: maximum_batch_size
             LR Controller | Next LR: 0.006588 | Reason: keep
Epoch 57/160 | Train Loss: 1.9517 | Train Acc: 47.61% | Val Loss: 2.2933 | Val Acc: 40.72%  <-- best
             Grad Mean: 2.6667 | Grad Std: 0.3122 | Grad CV: 0.1171
             LR: 0.006588 | Batch: 256 | Updates: 51,890 | Time: 2.52s
             Batch Controller | Stability: 0.1198 | Plateau: False | Next Batch: 256 | Reason: maximum_batch_size
             LR Controller | Next LR: 0.006588 | Reason: keep
Epoch 58/160 | Train Loss: 1.9460 | Train Acc: 47.87% | Val Loss: 2.2942 | Val Acc: 41.08%
             Grad Mean: 2.6789 | Grad Std: 0.3785 | Grad CV: 0.1413
             LR: 0.006588 | Batch: 256 | Updates: 52,066 | Time: 2.59s
             Batch Controller | Stability: 0.1254 | Plateau: False | Next Batch: 256 | Reason: maximum_batch_size
             LR Controller | Next LR: 0.006588 | Reason: keep
Epoch 59/160 | Train Loss: 1.9488 | Train Acc: 47.98% | Val Loss: 2.2743 | Val Acc: 41.22%  <-- best
             Grad Mean: 2.7347 | Grad Std: 0.4215 | Grad CV: 0.1541
             LR: 0.006588 | Batch: 256 | Updates: 52,242 | Time: 2.58s
             Batch Controller | Stability: 0.1375 | Plateau: False | Next Batch: 256 | Reason: maximum_batch_size
             LR Controller | Next LR: 0.006588 | Reason: keep
Epoch 60/160 | Train Loss: 1.9363 | Train Acc: 48.36% | Val Loss: 2.3202 | Val Acc: 40.16%
             Grad Mean: 2.6725 | Grad Std: 0.3288 | Grad CV: 0.1230
             LR: 0.006588 | Batch: 256 | Updates: 52,418 | Time: 2.62s
             Batch Controller | Stability: 0.1395 | Plateau: False | Next Batch: 256 | Reason: maximum_batch_size
             LR Controller | Next LR: 0.006588 | Reason: keep
Epoch 61/160 | Train Loss: 1.9376 | Train Acc: 48.41% | Val Loss: 2.3366 | Val Acc: 40.18%
             Grad Mean: 2.6916 | Grad Std: 0.3654 | Grad CV: 0.1358
             LR: 0.006588 | Batch: 256 | Updates: 52,594 | Time: 2.67s
             Batch Controller | Stability: 0.1376 | Plateau: False | Next Batch: 256 | Reason: maximum_batch_size
             LR Controller | Next LR: 0.004612 | Reason: worsening_decay
Epoch 62/160 | Train Loss: 1.9094 | Train Acc: 48.83% | Val Loss: 2.3274 | Val Acc: 40.00%
             Grad Mean: 2.5220 | Grad Std: 0.2844 | Grad CV: 0.1128
             LR: 0.004612 | Batch: 256 | Updates: 52,770 | Time: 2.61s
             Batch Controller | Stability: 0.1239 | Plateau: True | Next Batch: 256 | Reason: maximum_batch_size
             LR Controller | Next LR: 0.004612 | Reason: cooldown
Epoch 63/160 | Train Loss: 1.9057 | Train Acc: 48.72% | Val Loss: 2.3032 | Val Acc: 40.58%
             Grad Mean: 2.5586 | Grad Std: 0.2694 | Grad CV: 0.1053
             LR: 0.004612 | Batch: 256 | Updates: 52,946 | Time: 2.57s
             Batch Controller | Stability: 0.1179 | Plateau: True | Next Batch: 256 | Reason: maximum_batch_size
             LR Controller | Next LR: 0.004612 | Reason: cooldown
Epoch 64/160 | Train Loss: 1.9085 | Train Acc: 48.90% | Val Loss: 2.3001 | Val Acc: 40.18%
             Grad Mean: 2.6923 | Grad Std: 0.3272 | Grad CV: 0.1215
             LR: 0.004612 | Batch: 256 | Updates: 53,122 | Time: 2.59s
             Batch Controller | Stability: 0.1132 | Plateau: True | Next Batch: 256 | Reason: maximum_batch_size
             LR Controller | Next LR: 0.004612 | Reason: keep
Epoch 65/160 | Train Loss: 1.9078 | Train Acc: 48.88% | Val Loss: 2.2883 | Val Acc: 41.00%
             Grad Mean: 2.7574 | Grad Std: 0.3319 | Grad CV: 0.1204
             LR: 0.004612 | Batch: 256 | Updates: 53,298 | Time: 2.59s
             Batch Controller | Stability: 0.1157 | Plateau: True | Next Batch: 256 | Reason: maximum_batch_size
             LR Controller | Next LR: 0.003228 | Reason: worsening_decay
Epoch 66/160 | Train Loss: 1.8891 | Train Acc: 49.48% | Val Loss: 2.2678 | Val Acc: 41.34%  <-- best
             Grad Mean: 2.5792 | Grad Std: 0.2814 | Grad CV: 0.1091
             LR: 0.003228 | Batch: 256 | Updates: 53,474 | Time: 2.64s
             Batch Controller | Stability: 0.1170 | Plateau: True | Next Batch: 256 | Reason: maximum_batch_size
             LR Controller | Next LR: 0.003228 | Reason: cooldown
Epoch 67/160 | Train Loss: 1.8840 | Train Acc: 49.48% | Val Loss: 2.2729 | Val Acc: 40.88%
             Grad Mean: 2.6200 | Grad Std: 0.2831 | Grad CV: 0.1081
             LR: 0.003228 | Batch: 256 | Updates: 53,650 | Time: 2.63s
             Batch Controller | Stability: 0.1125 | Plateau: True | Next Batch: 256 | Reason: maximum_batch_size
             LR Controller | Next LR: 0.003228 | Reason: cooldown
Epoch 68/160 | Train Loss: 1.8886 | Train Acc: 49.38% | Val Loss: 2.2755 | Val Acc: 40.86%
             Grad Mean: 2.6711 | Grad Std: 0.2962 | Grad CV: 0.1109
             LR: 0.003228 | Batch: 256 | Updates: 53,826 | Time: 2.59s
             Batch Controller | Stability: 0.1094 | Plateau: True | Next Batch: 256 | Reason: maximum_batch_size
             LR Controller | Next LR: 0.003228 | Reason: keep
Epoch 69/160 | Train Loss: 1.8894 | Train Acc: 49.60% | Val Loss: 2.2701 | Val Acc: 40.82%
             Grad Mean: 2.7637 | Grad Std: 0.3386 | Grad CV: 0.1225
             LR: 0.003228 | Batch: 256 | Updates: 54,002 | Time: 2.62s
             Batch Controller | Stability: 0.1138 | Plateau: True | Next Batch: 256 | Reason: maximum_batch_size
             LR Controller | Next LR: 0.002260 | Reason: worsening_decay
Epoch 70/160 | Train Loss: 1.8676 | Train Acc: 49.74% | Val Loss: 2.2370 | Val Acc: 41.70%  <-- best
             Grad Mean: 2.5745 | Grad Std: 0.2716 | Grad CV: 0.1055
             LR: 0.002260 | Batch: 256 | Updates: 54,178 | Time: 2.60s
             Batch Controller | Stability: 0.1130 | Plateau: False | Next Batch: 256 | Reason: maximum_batch_size
             LR Controller | Next LR: 0.002260 | Reason: cooldown
Epoch 71/160 | Train Loss: 1.8693 | Train Acc: 49.77% | Val Loss: 2.2606 | Val Acc: 41.50%
             Grad Mean: 2.6446 | Grad Std: 0.2955 | Grad CV: 0.1117
             LR: 0.002260 | Batch: 256 | Updates: 54,354 | Time: 2.61s
             Batch Controller | Stability: 0.1132 | Plateau: False | Next Batch: 256 | Reason: maximum_batch_size
             LR Controller | Next LR: 0.002260 | Reason: cooldown
Epoch 72/160 | Train Loss: 1.8626 | Train Acc: 50.09% | Val Loss: 2.2647 | Val Acc: 41.54%
             Grad Mean: 2.6131 | Grad Std: 0.3013 | Grad CV: 0.1153
             LR: 0.002260 | Batch: 256 | Updates: 54,530 | Time: 2.61s
             Batch Controller | Stability: 0.1108 | Plateau: False | Next Batch: 256 | Reason: maximum_batch_size
             LR Controller | Next LR: 0.002260 | Reason: keep
Epoch 73/160 | Train Loss: 1.8630 | Train Acc: 50.17% | Val Loss: 2.2895 | Val Acc: 40.66%
             Grad Mean: 2.6407 | Grad Std: 0.2635 | Grad CV: 0.0998
             LR: 0.002260 | Batch: 256 | Updates: 54,706 | Time: 2.56s
             Batch Controller | Stability: 0.1089 | Plateau: True | Next Batch: 256 | Reason: maximum_batch_size
             LR Controller | Next LR: 0.001582 | Reason: worsening_decay
Epoch 74/160 | Train Loss: 1.8564 | Train Acc: 49.88% | Val Loss: 2.2436 | Val Acc: 41.44%
             Grad Mean: 2.6068 | Grad Std: 0.2609 | Grad CV: 0.1001
             LR: 0.001582 | Batch: 256 | Updates: 54,882 | Time: 2.57s
             Batch Controller | Stability: 0.1051 | Plateau: True | Next Batch: 256 | Reason: maximum_batch_size
             LR Controller | Next LR: 0.001582 | Reason: cooldown
Epoch 75/160 | Train Loss: 1.8545 | Train Acc: 50.44% | Val Loss: 2.2644 | Val Acc: 42.14%
             Grad Mean: 2.6174 | Grad Std: 0.2922 | Grad CV: 0.1116
             LR: 0.001582 | Batch: 256 | Updates: 55,058 | Time: 2.58s
             Batch Controller | Stability: 0.1038 | Plateau: True | Next Batch: 256 | Reason: maximum_batch_size
             LR Controller | Next LR: 0.001582 | Reason: cooldown
Epoch 76/160 | Train Loss: 1.8556 | Train Acc: 50.30% | Val Loss: 2.2738 | Val Acc: 41.24%
             Grad Mean: 2.6705 | Grad Std: 0.2955 | Grad CV: 0.1107
             LR: 0.001582 | Batch: 256 | Updates: 55,234 | Time: 2.57s
             Batch Controller | Stability: 0.1074 | Plateau: True | Next Batch: 256 | Reason: maximum_batch_size
             LR Controller | Next LR: 0.001582 | Reason: keep
Epoch 77/160 | Train Loss: 1.8528 | Train Acc: 50.32% | Val Loss: 2.2579 | Val Acc: 41.42%
             Grad Mean: 2.6104 | Grad Std: 0.2905 | Grad CV: 0.1113
             LR: 0.001582 | Batch: 256 | Updates: 55,410 | Time: 2.58s
             Batch Controller | Stability: 0.1112 | Plateau: True | Next Batch: 256 | Reason: maximum_batch_size
             LR Controller | Next LR: 0.001107 | Reason: worsening_decay
Epoch 78/160 | Train Loss: 1.8418 | Train Acc: 50.49% | Val Loss: 2.2580 | Val Acc: 41.48%
             Grad Mean: 2.6153 | Grad Std: 0.2825 | Grad CV: 0.1080
             LR: 0.001107 | Batch: 256 | Updates: 55,586 | Time: 2.57s
             Batch Controller | Stability: 0.1100 | Plateau: True | Next Batch: 256 | Reason: maximum_batch_size
             LR Controller | Next LR: 0.001107 | Reason: cooldown
Epoch 79/160 | Train Loss: 1.8387 | Train Acc: 50.47% | Val Loss: 2.2202 | Val Acc: 42.36%  <-- best
             Grad Mean: 2.6341 | Grad Std: 0.2779 | Grad CV: 0.1055
             LR: 0.001107 | Batch: 256 | Updates: 55,762 | Time: 2.56s
             Batch Controller | Stability: 0.1083 | Plateau: False | Next Batch: 256 | Reason: maximum_batch_size
             LR Controller | Next LR: 0.001107 | Reason: cooldown
Epoch 80/160 | Train Loss: 1.8394 | Train Acc: 50.66% | Val Loss: 2.2243 | Val Acc: 42.54%
             Grad Mean: 2.6283 | Grad Std: 0.2941 | Grad CV: 0.1119
             LR: 0.001107 | Batch: 256 | Updates: 55,938 | Time: 2.58s
             Batch Controller | Stability: 0.1085 | Plateau: False | Next Batch: 256 | Reason: maximum_batch_size
             LR Controller | Next LR: 0.001107 | Reason: keep
Epoch 81/160 | Train Loss: 1.8391 | Train Acc: 50.81% | Val Loss: 2.2604 | Val Acc: 41.46%
             Grad Mean: 2.6293 | Grad Std: 0.2735 | Grad CV: 0.1040
             LR: 0.001107 | Batch: 256 | Updates: 56,114 | Time: 2.60s
             Batch Controller | Stability: 0.1071 | Plateau: False | Next Batch: 256 | Reason: maximum_batch_size
             LR Controller | Next LR: 0.000775 | Reason: worsening_decay
Epoch 82/160 | Train Loss: 1.8346 | Train Acc: 50.60% | Val Loss: 2.2315 | Val Acc: 41.70%
             Grad Mean: 2.6068 | Grad Std: 0.2576 | Grad CV: 0.0988
             LR: 0.000775 | Batch: 256 | Updates: 56,290 | Time: 2.57s
             Batch Controller | Stability: 0.1049 | Plateau: True | Next Batch: 256 | Reason: maximum_batch_size
             LR Controller | Next LR: 0.000775 | Reason: cooldown
Epoch 83/160 | Train Loss: 1.8339 | Train Acc: 50.90% | Val Loss: 2.2390 | Val Acc: 42.30%
             Grad Mean: 2.5467 | Grad Std: 0.2266 | Grad CV: 0.0890
             LR: 0.000775 | Batch: 256 | Updates: 56,466 | Time: 2.67s
             Batch Controller | Stability: 0.0973 | Plateau: True | Next Batch: 256 | Reason: maximum_batch_size
             LR Controller | Next LR: 0.000775 | Reason: cooldown
Epoch 84/160 | Train Loss: 1.8331 | Train Acc: 50.97% | Val Loss: 2.2364 | Val Acc: 42.12%
             Grad Mean: 2.5767 | Grad Std: 0.2744 | Grad CV: 0.1065
             LR: 0.000775 | Batch: 256 | Updates: 56,642 | Time: 2.57s
             Batch Controller | Stability: 0.0981 | Plateau: True | Next Batch: 256 | Reason: maximum_batch_size
             LR Controller | Next LR: 0.000775 | Reason: keep
Epoch 85/160 | Train Loss: 1.8358 | Train Acc: 50.93% | Val Loss: 2.2488 | Val Acc: 41.40%
             Grad Mean: 2.6246 | Grad Std: 0.2619 | Grad CV: 0.0998
             LR: 0.000775 | Batch: 256 | Updates: 56,818 | Time: 2.57s
             Batch Controller | Stability: 0.0984 | Plateau: True | Next Batch: 256 | Reason: maximum_batch_size
             LR Controller | Next LR: 0.000543 | Reason: worsening_decay
Epoch 86/160 | Train Loss: 1.8298 | Train Acc: 51.11% | Val Loss: 2.2226 | Val Acc: 42.42%
             Grad Mean: 2.5442 | Grad Std: 0.2217 | Grad CV: 0.0871
             LR: 0.000543 | Batch: 256 | Updates: 56,994 | Time: 2.57s
             Batch Controller | Stability: 0.0978 | Plateau: True | Next Batch: 256 | Reason: maximum_batch_size
             LR Controller | Next LR: 0.000543 | Reason: cooldown
Epoch 87/160 | Train Loss: 1.8257 | Train Acc: 51.08% | Val Loss: 2.2385 | Val Acc: 41.92%
             Grad Mean: 2.5789 | Grad Std: 0.2229 | Grad CV: 0.0864
             LR: 0.000543 | Batch: 256 | Updates: 57,170 | Time: 2.62s
             Batch Controller | Stability: 0.0911 | Plateau: True | Next Batch: 256 | Reason: maximum_batch_size
             LR Controller | Next LR: 0.000543 | Reason: cooldown
Epoch 88/160 | Train Loss: 1.8268 | Train Acc: 51.17% | Val Loss: 2.2267 | Val Acc: 42.38%
             Grad Mean: 2.6134 | Grad Std: 0.2622 | Grad CV: 0.1003
             LR: 0.000543 | Batch: 256 | Updates: 57,346 | Time: 2.63s
             Batch Controller | Stability: 0.0913 | Plateau: True | Next Batch: 256 | Reason: maximum_batch_size
             LR Controller | Next LR: 0.000543 | Reason: keep
Epoch 89/160 | Train Loss: 1.8294 | Train Acc: 51.00% | Val Loss: 2.2373 | Val Acc: 41.84%
             Grad Mean: 2.5614 | Grad Std: 0.2282 | Grad CV: 0.0891
             LR: 0.000543 | Batch: 256 | Updates: 57,522 | Time: 2.55s
             Batch Controller | Stability: 0.0919 | Plateau: True | Next Batch: 256 | Reason: maximum_batch_size
             LR Controller | Next LR: 0.000380 | Reason: worsening_decay
Epoch 90/160 | Train Loss: 1.8253 | Train Acc: 50.94% | Val Loss: 2.2239 | Val Acc: 42.10%
             Grad Mean: 2.5630 | Grad Std: 0.2321 | Grad CV: 0.0906
             LR: 0.000380 | Batch: 256 | Updates: 57,698 | Time: 2.56s
             Batch Controller | Stability: 0.0933 | Plateau: True | Next Batch: 256 | Reason: maximum_batch_size
             LR Controller | Next LR: 0.000380 | Reason: cooldown
Epoch 91/160 | Train Loss: 1.8223 | Train Acc: 51.10% | Val Loss: 2.2262 | Val Acc: 42.36%
             Grad Mean: 2.5918 | Grad Std: 0.2501 | Grad CV: 0.0965
             LR: 0.000380 | Batch: 256 | Updates: 57,874 | Time: 2.56s
             Batch Controller | Stability: 0.0921 | Plateau: True | Next Batch: 256 | Reason: maximum_batch_size
             LR Controller | Next LR: 0.000380 | Reason: cooldown
Epoch 92/160 | Train Loss: 1.8233 | Train Acc: 51.19% | Val Loss: 2.2288 | Val Acc: 42.04%
             Grad Mean: 2.5984 | Grad Std: 0.2556 | Grad CV: 0.0984
             LR: 0.000380 | Batch: 256 | Updates: 58,050 | Time: 2.56s
             Batch Controller | Stability: 0.0951 | Plateau: True | Next Batch: 256 | Reason: maximum_batch_size
             LR Controller | Next LR: 0.000380 | Reason: keep
Epoch 93/160 | Train Loss: 1.8231 | Train Acc: 51.24% | Val Loss: 2.2232 | Val Acc: 42.38%
             Grad Mean: 2.5913 | Grad Std: 0.2417 | Grad CV: 0.0933
             LR: 0.000380 | Batch: 256 | Updates: 58,226 | Time: 2.58s
             Batch Controller | Stability: 0.0960 | Plateau: True | Next Batch: 256 | Reason: maximum_batch_size
             LR Controller | Next LR: 0.000266 | Reason: worsening_decay
Epoch 94/160 | Train Loss: 1.8245 | Train Acc: 50.96% | Val Loss: 2.2312 | Val Acc: 42.22%
             Grad Mean: 2.5589 | Grad Std: 0.2452 | Grad CV: 0.0958
             LR: 0.000266 | Batch: 256 | Updates: 58,402 | Time: 2.68s
             Batch Controller | Stability: 0.0958 | Plateau: True | Next Batch: 256 | Reason: maximum_batch_size
             LR Controller | Next LR: 0.000266 | Reason: cooldown
Epoch 95/160 | Train Loss: 1.8197 | Train Acc: 51.13% | Val Loss: 2.2298 | Val Acc: 42.36%
             Grad Mean: 2.5389 | Grad Std: 0.2408 | Grad CV: 0.0948
             LR: 0.000266 | Batch: 256 | Updates: 58,578 | Time: 2.59s
             Batch Controller | Stability: 0.0946 | Plateau: True | Next Batch: 256 | Reason: maximum_batch_size
             LR Controller | Next LR: 0.000266 | Reason: cooldown
Epoch 96/160 | Train Loss: 1.8220 | Train Acc: 51.29% | Val Loss: 2.2261 | Val Acc: 42.52%
             Grad Mean: 2.5435 | Grad Std: 0.2215 | Grad CV: 0.0871
             LR: 0.000266 | Batch: 256 | Updates: 58,754 | Time: 2.61s
             Batch Controller | Stability: 0.0926 | Plateau: True | Next Batch: 256 | Reason: maximum_batch_size
             LR Controller | Next LR: 0.000266 | Reason: keep
Epoch 97/160 | Train Loss: 1.8222 | Train Acc: 51.16% | Val Loss: 2.2264 | Val Acc: 42.52%
             Grad Mean: 2.5968 | Grad Std: 0.2385 | Grad CV: 0.0918
             LR: 0.000266 | Batch: 256 | Updates: 58,930 | Time: 2.56s
             Batch Controller | Stability: 0.0913 | Plateau: True | Next Batch: 256 | Reason: maximum_batch_size
             LR Controller | Next LR: 0.000186 | Reason: worsening_decay
Epoch 98/160 | Train Loss: 1.8177 | Train Acc: 51.36% | Val Loss: 2.2256 | Val Acc: 42.16%
             Grad Mean: 2.5745 | Grad Std: 0.2200 | Grad CV: 0.0854
             LR: 0.000186 | Batch: 256 | Updates: 59,106 | Time: 2.52s
             Batch Controller | Stability: 0.0881 | Plateau: True | Next Batch: 256 | Reason: maximum_batch_size
             LR Controller | Next LR: 0.000186 | Reason: cooldown
Epoch 99/160 | Train Loss: 1.8205 | Train Acc: 51.26% | Val Loss: 2.2210 | Val Acc: 42.36%
             Grad Mean: 2.5740 | Grad Std: 0.2119 | Grad CV: 0.0823
             LR: 0.000186 | Batch: 256 | Updates: 59,282 | Time: 2.58s
             Batch Controller | Stability: 0.0865 | Plateau: True | Next Batch: 256 | Reason: maximum_batch_size
             LR Controller | Next LR: 0.000186 | Reason: cooldown
Epoch 100/160 | Train Loss: 1.8190 | Train Acc: 51.35% | Val Loss: 2.2255 | Val Acc: 42.38%
             Grad Mean: 2.5374 | Grad Std: 0.2379 | Grad CV: 0.0937
             LR: 0.000186 | Batch: 256 | Updates: 59,458 | Time: 2.59s
             Batch Controller | Stability: 0.0872 | Plateau: True | Next Batch: 256 | Reason: maximum_batch_size
             LR Controller | Next LR: 0.000186 | Reason: keep
Epoch 101/160 | Train Loss: 1.8189 | Train Acc: 51.10% | Val Loss: 2.2246 | Val Acc: 42.58%
             Grad Mean: 2.5863 | Grad Std: 0.2471 | Grad CV: 0.0955
             LR: 0.000186 | Batch: 256 | Updates: 59,634 | Time: 2.58s
             Batch Controller | Stability: 0.0905 | Plateau: True | Next Batch: 256 | Reason: maximum_batch_size
             LR Controller | Next LR: 0.000186 | Reason: keep
Epoch 102/160 | Train Loss: 1.8186 | Train Acc: 51.14% | Val Loss: 2.2252 | Val Acc: 42.54%
             Grad Mean: 2.5880 | Grad Std: 0.2657 | Grad CV: 0.1027
             LR: 0.000186 | Batch: 256 | Updates: 59,810 | Time: 2.58s
             Batch Controller | Stability: 0.0973 | Plateau: True | Next Batch: 256 | Reason: maximum_batch_size
             LR Controller | Next LR: 0.000186 | Reason: keep
Epoch 103/160 | Train Loss: 1.8198 | Train Acc: 51.24% | Val Loss: 2.2269 | Val Acc: 42.48%
             Grad Mean: 2.5728 | Grad Std: 0.2026 | Grad CV: 0.0787
             LR: 0.000186 | Batch: 256 | Updates: 59,986 | Time: 2.57s
             Batch Controller | Stability: 0.0923 | Plateau: True | Next Batch: 256 | Reason: maximum_batch_size
             LR Controller | Next LR: 0.000130 | Reason: worsening_decay
Epoch 104/160 | Train Loss: 1.8178 | Train Acc: 51.25% | Val Loss: 2.2285 | Val Acc: 42.22%
             Grad Mean: 2.5486 | Grad Std: 0.2396 | Grad CV: 0.0940
             LR: 0.000130 | Batch: 256 | Updates: 60,162 | Time: 2.59s
             Batch Controller | Stability: 0.0918 | Plateau: True | Next Batch: 256 | Reason: maximum_batch_size
             LR Controller | Next LR: 0.000130 | Reason: cooldown
Epoch 105/160 | Train Loss: 1.8216 | Train Acc: 51.31% | Val Loss: 2.2218 | Val Acc: 42.34%
             Grad Mean: 2.5713 | Grad Std: 0.2431 | Grad CV: 0.0945
             LR: 0.000130 | Batch: 256 | Updates: 60,338 | Time: 2.67s
             Batch Controller | Stability: 0.0891 | Plateau: True | Next Batch: 256 | Reason: maximum_batch_size
             LR Controller | Next LR: 0.000130 | Reason: cooldown
Epoch 106/160 | Train Loss: 1.8186 | Train Acc: 51.23% | Val Loss: 2.2192 | Val Acc: 42.54%  <-- best
             Grad Mean: 2.5905 | Grad Std: 0.2431 | Grad CV: 0.0938
             LR: 0.000130 | Batch: 256 | Updates: 60,514 | Time: 2.56s
             Batch Controller | Stability: 0.0941 | Plateau: True | Next Batch: 256 | Reason: maximum_batch_size
             LR Controller | Next LR: 0.000130 | Reason: keep
Epoch 107/160 | Train Loss: 1.8183 | Train Acc: 51.24% | Val Loss: 2.2239 | Val Acc: 42.48%
             Grad Mean: 2.5534 | Grad Std: 0.2190 | Grad CV: 0.0858
             LR: 0.000130 | Batch: 256 | Updates: 60,690 | Time: 2.56s
             Batch Controller | Stability: 0.0914 | Plateau: True | Next Batch: 256 | Reason: maximum_batch_size
             LR Controller | Next LR: 0.000130 | Reason: keep
Epoch 108/160 | Train Loss: 1.8162 | Train Acc: 51.18% | Val Loss: 2.2264 | Val Acc: 42.30%
             Grad Mean: 2.5733 | Grad Std: 0.2706 | Grad CV: 0.1052
             LR: 0.000130 | Batch: 256 | Updates: 60,866 | Time: 2.58s
             Batch Controller | Stability: 0.0949 | Plateau: True | Next Batch: 256 | Reason: maximum_batch_size
             LR Controller | Next LR: 0.000091 | Reason: worsening_decay
Epoch 109/160 | Train Loss: 1.8163 | Train Acc: 51.33% | Val Loss: 2.2225 | Val Acc: 42.40%
             Grad Mean: 2.5596 | Grad Std: 0.2192 | Grad CV: 0.0856
             LR: 0.000091 | Batch: 256 | Updates: 61,042 | Time: 2.57s
             Batch Controller | Stability: 0.0922 | Plateau: True | Next Batch: 256 | Reason: maximum_batch_size
             LR Controller | Next LR: 0.000091 | Reason: cooldown
Epoch 110/160 | Train Loss: 1.8149 | Train Acc: 51.44% | Val Loss: 2.2270 | Val Acc: 42.44%
             Grad Mean: 2.5388 | Grad Std: 0.2278 | Grad CV: 0.0897
             LR: 0.000091 | Batch: 256 | Updates: 61,218 | Time: 2.57s
             Batch Controller | Stability: 0.0935 | Plateau: True | Next Batch: 256 | Reason: maximum_batch_size
             LR Controller | Next LR: 0.000091 | Reason: cooldown
Epoch 111/160 | Train Loss: 1.8206 | Train Acc: 51.19% | Val Loss: 2.2243 | Val Acc: 42.50%
             Grad Mean: 2.5797 | Grad Std: 0.2558 | Grad CV: 0.0991
             LR: 0.000091 | Batch: 256 | Updates: 61,394 | Time: 2.61s
             Batch Controller | Stability: 0.0915 | Plateau: True | Next Batch: 256 | Reason: maximum_batch_size
             LR Controller | Next LR: 0.000091 | Reason: keep
Epoch 112/160 | Train Loss: 1.8186 | Train Acc: 51.27% | Val Loss: 2.2254 | Val Acc: 42.48%
             Grad Mean: 2.5475 | Grad Std: 0.2181 | Grad CV: 0.0856
             LR: 0.000091 | Batch: 256 | Updates: 61,570 | Time: 2.57s
             Batch Controller | Stability: 0.0915 | Plateau: True | Next Batch: 256 | Reason: maximum_batch_size
             LR Controller | Next LR: 0.000064 | Reason: worsening_decay
Epoch 113/160 | Train Loss: 1.8164 | Train Acc: 51.22% | Val Loss: 2.2241 | Val Acc: 42.56%
             Grad Mean: 2.5538 | Grad Std: 0.2209 | Grad CV: 0.0865
             LR: 0.000064 | Batch: 256 | Updates: 61,746 | Time: 2.58s
             Batch Controller | Stability: 0.0904 | Plateau: True | Next Batch: 256 | Reason: maximum_batch_size
             LR Controller | Next LR: 0.000064 | Reason: cooldown
Epoch 114/160 | Train Loss: 1.8151 | Train Acc: 51.37% | Val Loss: 2.2238 | Val Acc: 42.48%
             Grad Mean: 2.5791 | Grad Std: 0.2262 | Grad CV: 0.0877
             LR: 0.000064 | Batch: 256 | Updates: 61,922 | Time: 2.59s
             Batch Controller | Stability: 0.0866 | Plateau: True | Next Batch: 256 | Reason: maximum_batch_size
             LR Controller | Next LR: 0.000064 | Reason: cooldown
Epoch 115/160 | Train Loss: 1.8137 | Train Acc: 51.44% | Val Loss: 2.2243 | Val Acc: 42.52%
             Grad Mean: 2.5362 | Grad Std: 0.2266 | Grad CV: 0.0893
             LR: 0.000064 | Batch: 256 | Updates: 62,098 | Time: 2.57s
             Batch Controller | Stability: 0.0878 | Plateau: True | Next Batch: 256 | Reason: maximum_batch_size
             LR Controller | Next LR: 0.000064 | Reason: keep
Epoch 116/160 | Train Loss: 1.8158 | Train Acc: 51.24% | Val Loss: 2.2247 | Val Acc: 42.40%
             Grad Mean: 2.5616 | Grad Std: 0.2010 | Grad CV: 0.0785
             LR: 0.000064 | Batch: 256 | Updates: 62,274 | Time: 2.68s
             Batch Controller | Stability: 0.0852 | Plateau: True | Next Batch: 256 | Reason: maximum_batch_size
             LR Controller | Next LR: 0.000045 | Reason: worsening_decay
Epoch 117/160 | Train Loss: 1.8168 | Train Acc: 51.16% | Val Loss: 2.2261 | Val Acc: 42.40%
             Grad Mean: 2.5585 | Grad Std: 0.2494 | Grad CV: 0.0975
             LR: 0.000045 | Batch: 256 | Updates: 62,450 | Time: 2.63s
             Batch Controller | Stability: 0.0884 | Plateau: True | Next Batch: 256 | Reason: maximum_batch_size
             LR Controller | Next LR: 0.000045 | Reason: cooldown
Epoch 118/160 | Train Loss: 1.8146 | Train Acc: 51.34% | Val Loss: 2.2222 | Val Acc: 42.60%
             Grad Mean: 2.5721 | Grad Std: 0.2460 | Grad CV: 0.0956
             LR: 0.000045 | Batch: 256 | Updates: 62,626 | Time: 2.59s
             Batch Controller | Stability: 0.0905 | Plateau: True | Next Batch: 256 | Reason: maximum_batch_size
             LR Controller | Next LR: 0.000045 | Reason: cooldown
Epoch 119/160 | Train Loss: 1.8148 | Train Acc: 51.16% | Val Loss: 2.2263 | Val Acc: 42.34%
             Grad Mean: 2.5385 | Grad Std: 0.2079 | Grad CV: 0.0819
             LR: 0.000045 | Batch: 256 | Updates: 62,802 | Time: 2.55s
             Batch Controller | Stability: 0.0917 | Plateau: True | Next Batch: 256 | Reason: maximum_batch_size
             LR Controller | Next LR: 0.000045 | Reason: keep
Epoch 120/160 | Train Loss: 1.8139 | Train Acc: 51.35% | Val Loss: 2.2246 | Val Acc: 42.30%
             Grad Mean: 2.5610 | Grad Std: 0.2458 | Grad CV: 0.0960
             LR: 0.000045 | Batch: 256 | Updates: 62,978 | Time: 2.57s
             Batch Controller | Stability: 0.0912 | Plateau: True | Next Batch: 256 | Reason: maximum_batch_size
             LR Controller | Next LR: 0.000031 | Reason: worsening_decay
Epoch 121/160 | Train Loss: 1.8162 | Train Acc: 51.45% | Val Loss: 2.2241 | Val Acc: 42.54%
             Grad Mean: 2.5454 | Grad Std: 0.2359 | Grad CV: 0.0927
             LR: 0.000031 | Batch: 256 | Updates: 63,154 | Time: 2.59s
             Batch Controller | Stability: 0.0902 | Plateau: True | Next Batch: 256 | Reason: maximum_batch_size
             LR Controller | Next LR: 0.000031 | Reason: cooldown
Epoch 122/160 | Train Loss: 1.8164 | Train Acc: 51.23% | Val Loss: 2.2240 | Val Acc: 42.54%
             Grad Mean: 2.5575 | Grad Std: 0.2351 | Grad CV: 0.0919
             LR: 0.000031 | Batch: 256 | Updates: 63,330 | Time: 2.56s
             Batch Controller | Stability: 0.0935 | Plateau: True | Next Batch: 256 | Reason: maximum_batch_size
             LR Controller | Next LR: 0.000031 | Reason: cooldown
Epoch 123/160 | Train Loss: 1.8147 | Train Acc: 51.43% | Val Loss: 2.2229 | Val Acc: 42.54%
             Grad Mean: 2.5373 | Grad Std: 0.2143 | Grad CV: 0.0845
             LR: 0.000031 | Batch: 256 | Updates: 63,506 | Time: 2.57s
             Batch Controller | Stability: 0.0897 | Plateau: True | Next Batch: 256 | Reason: maximum_batch_size
             LR Controller | Next LR: 0.000031 | Reason: keep
Epoch 124/160 | Train Loss: 1.8128 | Train Acc: 51.44% | Val Loss: 2.2257 | Val Acc: 42.46%
             Grad Mean: 2.5577 | Grad Std: 0.2369 | Grad CV: 0.0926
             LR: 0.000031 | Batch: 256 | Updates: 63,682 | Time: 2.60s
             Batch Controller | Stability: 0.0897 | Plateau: True | Next Batch: 256 | Reason: maximum_batch_size
             LR Controller | Next LR: 0.000022 | Reason: worsening_decay
Epoch 125/160 | Train Loss: 1.8146 | Train Acc: 51.44% | Val Loss: 2.2243 | Val Acc: 42.52%
             Grad Mean: 2.5457 | Grad Std: 0.2402 | Grad CV: 0.0943
             LR: 0.000022 | Batch: 256 | Updates: 63,858 | Time: 2.57s
             Batch Controller | Stability: 0.0905 | Plateau: True | Next Batch: 256 | Reason: maximum_batch_size
             LR Controller | Next LR: 0.000022 | Reason: cooldown
Epoch 126/160 | Train Loss: 1.8145 | Train Acc: 51.43% | Val Loss: 2.2233 | Val Acc: 42.52%
             Grad Mean: 2.5724 | Grad Std: 0.2468 | Grad CV: 0.0960
             LR: 0.000022 | Batch: 256 | Updates: 64,034 | Time: 2.61s
             Batch Controller | Stability: 0.0943 | Plateau: True | Next Batch: 256 | Reason: maximum_batch_size
             LR Controller | Next LR: 0.000022 | Reason: cooldown
Epoch 127/160 | Train Loss: 1.8111 | Train Acc: 51.32% | Val Loss: 2.2223 | Val Acc: 42.68%
             Grad Mean: 2.5584 | Grad Std: 0.2375 | Grad CV: 0.0928
             LR: 0.000022 | Batch: 256 | Updates: 64,210 | Time: 2.63s
             Batch Controller | Stability: 0.0944 | Plateau: True | Next Batch: 256 | Reason: maximum_batch_size
             LR Controller | Next LR: 0.000022 | Reason: keep
Epoch 128/160 | Train Loss: 1.8131 | Train Acc: 51.43% | Val Loss: 2.2226 | Val Acc: 42.66%
             Grad Mean: 2.5593 | Grad Std: 0.2223 | Grad CV: 0.0869
             LR: 0.000022 | Batch: 256 | Updates: 64,386 | Time: 2.60s
             Batch Controller | Stability: 0.0919 | Plateau: True | Next Batch: 256 | Reason: maximum_batch_size
             LR Controller | Next LR: 0.000015 | Reason: worsening_decay
Epoch 129/160 | Train Loss: 1.8104 | Train Acc: 51.36% | Val Loss: 2.2237 | Val Acc: 42.54%
             Grad Mean: 2.5723 | Grad Std: 0.2369 | Grad CV: 0.0921
             LR: 0.000015 | Batch: 256 | Updates: 64,562 | Time: 2.55s
             Batch Controller | Stability: 0.0906 | Plateau: True | Next Batch: 256 | Reason: maximum_batch_size
             LR Controller | Next LR: 0.000015 | Reason: cooldown
Epoch 130/160 | Train Loss: 1.8159 | Train Acc: 51.28% | Val Loss: 2.2237 | Val Acc: 42.52%
             Grad Mean: 2.5326 | Grad Std: 0.2184 | Grad CV: 0.0862
             LR: 0.000015 | Batch: 256 | Updates: 64,738 | Time: 2.56s
             Batch Controller | Stability: 0.0884 | Plateau: True | Next Batch: 256 | Reason: maximum_batch_size
             LR Controller | Next LR: 0.000015 | Reason: cooldown
Epoch 131/160 | Train Loss: 1.8144 | Train Acc: 51.36% | Val Loss: 2.2245 | Val Acc: 42.58%
             Grad Mean: 2.5730 | Grad Std: 0.2435 | Grad CV: 0.0946
             LR: 0.000015 | Batch: 256 | Updates: 64,914 | Time: 2.57s
             Batch Controller | Stability: 0.0910 | Plateau: True | Next Batch: 256 | Reason: maximum_batch_size
             LR Controller | Next LR: 0.000015 | Reason: keep
Epoch 132/160 | Train Loss: 1.8141 | Train Acc: 51.38% | Val Loss: 2.2240 | Val Acc: 42.50%
             Grad Mean: 2.5352 | Grad Std: 0.2140 | Grad CV: 0.0844
             LR: 0.000015 | Batch: 256 | Updates: 65,090 | Time: 2.59s
             Batch Controller | Stability: 0.0884 | Plateau: True | Next Batch: 256 | Reason: maximum_batch_size
             LR Controller | Next LR: 0.000011 | Reason: worsening_decay
Epoch 133/160 | Train Loss: 1.8131 | Train Acc: 51.18% | Val Loss: 2.2233 | Val Acc: 42.52%
             Grad Mean: 2.5586 | Grad Std: 0.2278 | Grad CV: 0.0890
             LR: 0.000011 | Batch: 256 | Updates: 65,266 | Time: 2.58s
             Batch Controller | Stability: 0.0894 | Plateau: True | Next Batch: 256 | Reason: maximum_batch_size
             LR Controller | Next LR: 0.000011 | Reason: cooldown
Epoch 134/160 | Train Loss: 1.8093 | Train Acc: 51.36% | Val Loss: 2.2236 | Val Acc: 42.56%
             Grad Mean: 2.5492 | Grad Std: 0.2196 | Grad CV: 0.0861
             LR: 0.000011 | Batch: 256 | Updates: 65,442 | Time: 2.54s
             Batch Controller | Stability: 0.0865 | Plateau: True | Next Batch: 256 | Reason: maximum_batch_size
             LR Controller | Next LR: 0.000011 | Reason: cooldown
Epoch 135/160 | Train Loss: 1.8135 | Train Acc: 51.53% | Val Loss: 2.2234 | Val Acc: 42.58%
             Grad Mean: 2.5291 | Grad Std: 0.2509 | Grad CV: 0.0992
             LR: 0.000011 | Batch: 256 | Updates: 65,618 | Time: 2.56s
             Batch Controller | Stability: 0.0915 | Plateau: True | Next Batch: 256 | Reason: maximum_batch_size
             LR Controller | Next LR: 0.000011 | Reason: keep
Epoch 136/160 | Train Loss: 1.8138 | Train Acc: 51.38% | Val Loss: 2.2238 | Val Acc: 42.56%
             Grad Mean: 2.5345 | Grad Std: 0.2453 | Grad CV: 0.0968
             LR: 0.000011 | Batch: 256 | Updates: 65,794 | Time: 2.57s
             Batch Controller | Stability: 0.0941 | Plateau: True | Next Batch: 256 | Reason: maximum_batch_size
             LR Controller | Next LR: 0.000008 | Reason: worsening_decay
Epoch 137/160 | Train Loss: 1.8144 | Train Acc: 51.17% | Val Loss: 2.2235 | Val Acc: 42.56%
             Grad Mean: 2.5503 | Grad Std: 0.2226 | Grad CV: 0.0873
             LR: 0.000008 | Batch: 256 | Updates: 65,970 | Time: 2.58s
             Batch Controller | Stability: 0.0944 | Plateau: True | Next Batch: 256 | Reason: maximum_batch_size
             LR Controller | Next LR: 0.000008 | Reason: cooldown
Epoch 138/160 | Train Loss: 1.8137 | Train Acc: 51.29% | Val Loss: 2.2234 | Val Acc: 42.54%
             Grad Mean: 2.5633 | Grad Std: 0.2149 | Grad CV: 0.0838
             LR: 0.000008 | Batch: 256 | Updates: 66,146 | Time: 2.62s
             Batch Controller | Stability: 0.0893 | Plateau: True | Next Batch: 256 | Reason: maximum_batch_size
             LR Controller | Next LR: 0.000008 | Reason: cooldown
Epoch 139/160 | Train Loss: 1.8123 | Train Acc: 51.37% | Val Loss: 2.2231 | Val Acc: 42.52%
             Grad Mean: 2.5837 | Grad Std: 0.1966 | Grad CV: 0.0761
             LR: 0.000008 | Batch: 256 | Updates: 66,322 | Time: 2.64s
             Batch Controller | Stability: 0.0824 | Plateau: True | Next Batch: 256 | Reason: maximum_batch_size
             LR Controller | Next LR: 0.000008 | Reason: keep
Epoch 140/160 | Train Loss: 1.8152 | Train Acc: 51.45% | Val Loss: 2.2236 | Val Acc: 42.50%
             Grad Mean: 2.5595 | Grad Std: 0.2160 | Grad CV: 0.0844
             LR: 0.000008 | Batch: 256 | Updates: 66,498 | Time: 2.58s
             Batch Controller | Stability: 0.0814 | Plateau: True | Next Batch: 256 | Reason: maximum_batch_size
             LR Controller | Next LR: 0.000005 | Reason: worsening_decay
Epoch 141/160 | Train Loss: 1.8148 | Train Acc: 51.11% | Val Loss: 2.2234 | Val Acc: 42.50%
             Grad Mean: 2.5784 | Grad Std: 0.2324 | Grad CV: 0.0901
             LR: 0.000005 | Batch: 256 | Updates: 66,674 | Time: 2.54s
             Batch Controller | Stability: 0.0835 | Plateau: True | Next Batch: 256 | Reason: maximum_batch_size
             LR Controller | Next LR: 0.000005 | Reason: cooldown
Epoch 142/160 | Train Loss: 1.8137 | Train Acc: 51.35% | Val Loss: 2.2231 | Val Acc: 42.52%
             Grad Mean: 2.5376 | Grad Std: 0.2245 | Grad CV: 0.0885
             LR: 0.000005 | Batch: 256 | Updates: 66,850 | Time: 2.58s
             Batch Controller | Stability: 0.0877 | Plateau: True | Next Batch: 256 | Reason: maximum_batch_size
             LR Controller | Next LR: 0.000005 | Reason: cooldown
Epoch 143/160 | Train Loss: 1.8134 | Train Acc: 51.42% | Val Loss: 2.2230 | Val Acc: 42.48%
             Grad Mean: 2.5490 | Grad Std: 0.2109 | Grad CV: 0.0827
             LR: 0.000005 | Batch: 256 | Updates: 67,026 | Time: 2.54s
             Batch Controller | Stability: 0.0871 | Plateau: True | Next Batch: 256 | Reason: maximum_batch_size
             LR Controller | Next LR: 0.000005 | Reason: keep
Epoch 144/160 | Train Loss: 1.8140 | Train Acc: 51.34% | Val Loss: 2.2232 | Val Acc: 42.48%
             Grad Mean: 2.5314 | Grad Std: 0.2580 | Grad CV: 0.1019
             LR: 0.000005 | Batch: 256 | Updates: 67,202 | Time: 2.58s
             Batch Controller | Stability: 0.0910 | Plateau: True | Next Batch: 256 | Reason: maximum_batch_size
             LR Controller | Next LR: 0.000004 | Reason: worsening_decay
Epoch 145/160 | Train Loss: 1.8154 | Train Acc: 51.39% | Val Loss: 2.2233 | Val Acc: 42.50%
             Grad Mean: 2.5548 | Grad Std: 0.2167 | Grad CV: 0.0848
             LR: 0.000004 | Batch: 256 | Updates: 67,378 | Time: 2.59s
             Batch Controller | Stability: 0.0898 | Plateau: True | Next Batch: 256 | Reason: maximum_batch_size
             LR Controller | Next LR: 0.000004 | Reason: cooldown
Epoch 146/160 | Train Loss: 1.8125 | Train Acc: 51.36% | Val Loss: 2.2234 | Val Acc: 42.46%
             Grad Mean: 2.5567 | Grad Std: 0.1977 | Grad CV: 0.0773
             LR: 0.000004 | Batch: 256 | Updates: 67,554 | Time: 2.61s
             Batch Controller | Stability: 0.0880 | Plateau: True | Next Batch: 256 | Reason: maximum_batch_size
             LR Controller | Next LR: 0.000004 | Reason: cooldown
Epoch 147/160 | Train Loss: 1.8116 | Train Acc: 51.33% | Val Loss: 2.2236 | Val Acc: 42.50%
             Grad Mean: 2.5508 | Grad Std: 0.2393 | Grad CV: 0.0938
             LR: 0.000004 | Batch: 256 | Updates: 67,730 | Time: 2.55s
             Batch Controller | Stability: 0.0853 | Plateau: True | Next Batch: 256 | Reason: maximum_batch_size
             LR Controller | Next LR: 0.000004 | Reason: keep
Epoch 148/160 | Train Loss: 1.8121 | Train Acc: 51.40% | Val Loss: 2.2235 | Val Acc: 42.48%
             Grad Mean: 2.5676 | Grad Std: 0.2239 | Grad CV: 0.0872
             LR: 0.000004 | Batch: 256 | Updates: 67,906 | Time: 2.58s
             Batch Controller | Stability: 0.0861 | Plateau: True | Next Batch: 256 | Reason: maximum_batch_size
             LR Controller | Next LR: 0.000003 | Reason: worsening_decay
Epoch 149/160 | Train Loss: 1.8139 | Train Acc: 51.42% | Val Loss: 2.2236 | Val Acc: 42.48%
             Grad Mean: 2.5543 | Grad Std: 0.2129 | Grad CV: 0.0834
             LR: 0.000003 | Batch: 256 | Updates: 68,082 | Time: 2.62s
             Batch Controller | Stability: 0.0881 | Plateau: True | Next Batch: 256 | Reason: maximum_batch_size
             LR Controller | Next LR: 0.000003 | Reason: cooldown
Epoch 150/160 | Train Loss: 1.8137 | Train Acc: 51.49% | Val Loss: 2.2237 | Val Acc: 42.48%
             Grad Mean: 2.5667 | Grad Std: 0.2509 | Grad CV: 0.0977
             LR: 0.000003 | Batch: 256 | Updates: 68,258 | Time: 2.59s
             Batch Controller | Stability: 0.0894 | Plateau: True | Next Batch: 256 | Reason: maximum_batch_size
             LR Controller | Next LR: 0.000003 | Reason: cooldown
Epoch 151/160 | Train Loss: 1.8142 | Train Acc: 51.25% | Val Loss: 2.2237 | Val Acc: 42.50%
             Grad Mean: 2.5631 | Grad Std: 0.2331 | Grad CV: 0.0910
             LR: 0.000003 | Batch: 256 | Updates: 68,434 | Time: 2.56s
             Batch Controller | Stability: 0.0907 | Plateau: True | Next Batch: 256 | Reason: maximum_batch_size
             LR Controller | Next LR: 0.000003 | Reason: keep
Epoch 152/160 | Train Loss: 1.8100 | Train Acc: 51.32% | Val Loss: 2.2238 | Val Acc: 42.50%
             Grad Mean: 2.5455 | Grad Std: 0.2310 | Grad CV: 0.0907
             LR: 0.000003 | Batch: 256 | Updates: 68,610 | Time: 2.55s
             Batch Controller | Stability: 0.0931 | Plateau: True | Next Batch: 256 | Reason: maximum_batch_size
             LR Controller | Next LR: 0.000002 | Reason: worsening_decay
Epoch 153/160 | Train Loss: 1.8152 | Train Acc: 51.38% | Val Loss: 2.2237 | Val Acc: 42.48%
             Grad Mean: 2.5104 | Grad Std: 0.2279 | Grad CV: 0.0908
             LR: 0.000002 | Batch: 256 | Updates: 68,786 | Time: 2.56s
             Batch Controller | Stability: 0.0908 | Plateau: True | Next Batch: 256 | Reason: maximum_batch_size
             LR Controller | Next LR: 0.000002 | Reason: cooldown
Epoch 154/160 | Train Loss: 1.8146 | Train Acc: 51.31% | Val Loss: 2.2237 | Val Acc: 42.50%
             Grad Mean: 2.5767 | Grad Std: 0.2097 | Grad CV: 0.0814
             LR: 0.000002 | Batch: 256 | Updates: 68,962 | Time: 2.58s
             Batch Controller | Stability: 0.0876 | Plateau: True | Next Batch: 256 | Reason: maximum_batch_size
             LR Controller | Next LR: 0.000002 | Reason: cooldown
Epoch 155/160 | Train Loss: 1.8172 | Train Acc: 51.38% | Val Loss: 2.2237 | Val Acc: 42.50%
             Grad Mean: 2.5589 | Grad Std: 0.2109 | Grad CV: 0.0824
             LR: 0.000002 | Batch: 256 | Updates: 69,138 | Time: 2.58s
             Batch Controller | Stability: 0.0849 | Plateau: True | Next Batch: 256 | Reason: maximum_batch_size
             LR Controller | Next LR: 0.000002 | Reason: keep
Epoch 156/160 | Train Loss: 1.8111 | Train Acc: 51.48% | Val Loss: 2.2237 | Val Acc: 42.48%
             Grad Mean: 2.5607 | Grad Std: 0.2365 | Grad CV: 0.0924
             LR: 0.000002 | Batch: 256 | Updates: 69,314 | Time: 2.55s
             Batch Controller | Stability: 0.0854 | Plateau: True | Next Batch: 256 | Reason: maximum_batch_size
             LR Controller | Next LR: 0.000001 | Reason: worsening_decay
Epoch 157/160 | Train Loss: 1.8157 | Train Acc: 51.38% | Val Loss: 2.2237 | Val Acc: 42.48%
             Grad Mean: 2.5607 | Grad Std: 0.2285 | Grad CV: 0.0892
             LR: 0.000001 | Batch: 256 | Updates: 69,490 | Time: 2.59s
             Batch Controller | Stability: 0.0880 | Plateau: True | Next Batch: 256 | Reason: maximum_batch_size
             LR Controller | Next LR: 0.000001 | Reason: cooldown
Epoch 158/160 | Train Loss: 1.8119 | Train Acc: 51.27% | Val Loss: 2.2236 | Val Acc: 42.50%
             Grad Mean: 2.5716 | Grad Std: 0.2420 | Grad CV: 0.0941
             LR: 0.000001 | Batch: 256 | Updates: 69,666 | Time: 2.62s
             Batch Controller | Stability: 0.0919 | Plateau: True | Next Batch: 256 | Reason: maximum_batch_size
             LR Controller | Next LR: 0.000001 | Reason: cooldown
Epoch 159/160 | Train Loss: 1.8135 | Train Acc: 51.36% | Val Loss: 2.2237 | Val Acc: 42.50%
             Grad Mean: 2.5527 | Grad Std: 0.2411 | Grad CV: 0.0945
             LR: 0.000001 | Batch: 256 | Updates: 69,842 | Time: 2.57s
             Batch Controller | Stability: 0.0926 | Plateau: True | Next Batch: 256 | Reason: maximum_batch_size
             LR Controller | Next LR: 0.000001 | Reason: keep
Epoch 160/160 | Train Loss: 1.8148 | Train Acc: 51.28% | Val Loss: 2.2236 | Val Acc: 42.50%
             Grad Mean: 2.5596 | Grad Std: 0.2103 | Grad CV: 0.0822
             LR: 0.000001 | Batch: 256 | Updates: 70,018 | Time: 2.60s
             Batch Controller | Stability: 0.0902 | Plateau: True | Next Batch: 256 | Reason: maximum_batch_size
             LR Controller | Next LR: 0.000001 | Reason: worsening_decay
==============================================================================
Training complete
Best epoch: 106
Best validation loss: 2.2192
Total optimizer updates: 70,018
Total training time: 466.20 seconds
Final batch size used: 256
Final learning rate used: 0.000001
Results saved to: /home/ams098z/Courses/CSCE5218/MidetermProj/adaptive-batch-lr-cifar10/results/rerun_cifar100_20261006/trials/E4_budget_ep160/cifar100_adaptive_batch_adaptive_lr_refLR0.01_seed42_pilot160/20261006T082605_498140Z/cifar100_adaptive_batch_adaptive_lr_refLR0.01_seed42_pilot160.csv
Metadata saved to: /home/ams098z/Courses/CSCE5218/MidetermProj/adaptive-batch-lr-cifar10/results/rerun_cifar100_20261006/trials/E4_budget_ep160/cifar100_adaptive_batch_adaptive_lr_refLR0.01_seed42_pilot160/20261006T082605_498140Z/cifar100_adaptive_batch_adaptive_lr_refLR0.01_seed42_pilot160_metadata.json
==============================================================================
Evaluated checkpoint: epoch 106
Validation accuracy: 42.54%
Validation macro F1: 0.4126
Evaluation results saved to: /home/ams098z/Courses/CSCE5218/MidetermProj/adaptive-batch-lr-cifar10/results/rerun_cifar100_20261006/trials/E4_budget_ep160/cifar100_adaptive_batch_adaptive_lr_refLR0.01_seed42_pilot160/20261006T082605_498140Z
