
CIFAR-100 dataset ready
------------------------------------------------------------
Training samples:   45,000
Validation samples: 5,000
Test samples:       10,000

Training samples per class:
[450, 450, 450, 450, 450, 450, 450, 450, 450, 450, 450, 450, 450, 450, 450, 450, 450, 450, 450, 450, 450, 450, 450, 450, 450, 450, 450, 450, 450, 450, 450, 450, 450, 450, 450, 450, 450, 450, 450, 450, 450, 450, 450, 450, 450, 450, 450, 450, 450, 450, 450, 450, 450, 450, 450, 450, 450, 450, 450, 450, 450, 450, 450, 450, 450, 450, 450, 450, 450, 450, 450, 450, 450, 450, 450, 450, 450, 450, 450, 450, 450, 450, 450, 450, 450, 450, 450, 450, 450, 450, 450, 450, 450, 450, 450, 450, 450, 450, 450, 450]

Validation samples per class:
[50, 50, 50, 50, 50, 50, 50, 50, 50, 50, 50, 50, 50, 50, 50, 50, 50, 50, 50, 50, 50, 50, 50, 50, 50, 50, 50, 50, 50, 50, 50, 50, 50, 50, 50, 50, 50, 50, 50, 50, 50, 50, 50, 50, 50, 50, 50, 50, 50, 50, 50, 50, 50, 50, 50, 50, 50, 50, 50, 50, 50, 50, 50, 50, 50, 50, 50, 50, 50, 50, 50, 50, 50, 50, 50, 50, 50, 50, 50, 50, 50, 50, 50, 50, 50, 50, 50, 50, 50, 50, 50, 50, 50, 50, 50, 50, 50, 50, 50, 50]
------------------------------------------------------------
Results directory: /home/ams098z/Courses/CSCE5218/MidetermProj/adaptive-batch-lr-cifar10/results/rerun_cifar100_20261006/trials/E3_budget_ep160/cifar100_adaptive_lr_batch32_refLR0.01_seed42/20261006T081428_311136Z
Dataset: CIFAR-100; classes: 100
Fixed batch: 32; initial scaled LR: 0.01000000; epochs: 160

Starting adaptive LR training
==============================================================================
Epoch 01/160 | Train Loss: 4.1571 | Train Acc: 5.92% | Val Loss: 3.9197 | Val Acc: 9.24%  <-- best
             Grad Mean: 2.1002 | Grad Std: 0.3240 | Grad CV: 0.1542
             LR: 0.010000 | Batch: 32 | Updates: 1,407 | Time: 4.08s
             LR Controller | Next LR: 0.010000 | Reason: keep
Epoch 02/160 | Train Loss: 3.7520 | Train Acc: 11.28% | Val Loss: 3.6621 | Val Acc: 11.68%  <-- best
             Grad Mean: 2.4831 | Grad Std: 0.3920 | Grad CV: 0.1579
             LR: 0.010000 | Batch: 32 | Updates: 2,814 | Time: 3.99s
             LR Controller | Next LR: 0.010000 | Reason: keep
Epoch 03/160 | Train Loss: 3.4882 | Train Acc: 15.78% | Val Loss: 3.4979 | Val Acc: 15.62%  <-- best
             Grad Mean: 2.8274 | Grad Std: 0.4552 | Grad CV: 0.1610
             LR: 0.010000 | Batch: 32 | Updates: 4,221 | Time: 4.41s
             LR Controller | Next LR: 0.010000 | Reason: keep
Epoch 04/160 | Train Loss: 3.2997 | Train Acc: 19.31% | Val Loss: 3.4638 | Val Acc: 17.98%  <-- best
             Grad Mean: 3.0621 | Grad Std: 0.4807 | Grad CV: 0.1570
             LR: 0.010000 | Batch: 32 | Updates: 5,628 | Time: 4.13s
             LR Controller | Next LR: 0.010000 | Reason: keep
Epoch 05/160 | Train Loss: 3.1524 | Train Acc: 21.89% | Val Loss: 3.3760 | Val Acc: 19.02%  <-- best
             Grad Mean: 3.2283 | Grad Std: 0.5150 | Grad CV: 0.1595
             LR: 0.010000 | Batch: 32 | Updates: 7,035 | Time: 4.28s
             LR Controller | Next LR: 0.010000 | Reason: keep
Epoch 06/160 | Train Loss: 3.0465 | Train Acc: 24.25% | Val Loss: 3.1742 | Val Acc: 21.66%  <-- best
             Grad Mean: 3.2690 | Grad Std: 0.4914 | Grad CV: 0.1503
             LR: 0.010000 | Batch: 32 | Updates: 8,442 | Time: 4.27s
             LR Controller | Next LR: 0.010000 | Reason: keep
Epoch 07/160 | Train Loss: 2.9556 | Train Acc: 26.02% | Val Loss: 3.1293 | Val Acc: 22.80%  <-- best
             Grad Mean: 3.3429 | Grad Std: 0.4911 | Grad CV: 0.1469
             LR: 0.010000 | Batch: 32 | Updates: 9,849 | Time: 4.14s
             LR Controller | Next LR: 0.010000 | Reason: keep
Epoch 08/160 | Train Loss: 2.8818 | Train Acc: 27.49% | Val Loss: 3.1515 | Val Acc: 23.30%
             Grad Mean: 3.3419 | Grad Std: 0.4519 | Grad CV: 0.1352
             LR: 0.010000 | Batch: 32 | Updates: 11,256 | Time: 4.39s
             LR Controller | Next LR: 0.010000 | Reason: keep
Epoch 09/160 | Train Loss: 2.8308 | Train Acc: 28.80% | Val Loss: 3.1092 | Val Acc: 23.76%  <-- best
             Grad Mean: 3.3668 | Grad Std: 0.4769 | Grad CV: 0.1417
             LR: 0.010000 | Batch: 32 | Updates: 12,663 | Time: 4.05s
             LR Controller | Next LR: 0.010000 | Reason: keep
Epoch 10/160 | Train Loss: 2.7804 | Train Acc: 29.48% | Val Loss: 2.9265 | Val Acc: 26.62%  <-- best
             Grad Mean: 3.3780 | Grad Std: 0.4534 | Grad CV: 0.1342
             LR: 0.010000 | Batch: 32 | Updates: 14,070 | Time: 4.14s
             LR Controller | Next LR: 0.010000 | Reason: keep
Epoch 11/160 | Train Loss: 2.7294 | Train Acc: 30.68% | Val Loss: 3.0356 | Val Acc: 25.08%
             Grad Mean: 3.3846 | Grad Std: 0.4214 | Grad CV: 0.1245
             LR: 0.010000 | Batch: 32 | Updates: 15,477 | Time: 4.20s
             LR Controller | Next LR: 0.010000 | Reason: keep
Epoch 12/160 | Train Loss: 2.7015 | Train Acc: 30.94% | Val Loss: 2.9503 | Val Acc: 26.70%
             Grad Mean: 3.4329 | Grad Std: 0.4645 | Grad CV: 0.1353
             LR: 0.010000 | Batch: 32 | Updates: 16,884 | Time: 3.99s
             LR Controller | Next LR: 0.007000 | Reason: worsening_decay
Epoch 13/160 | Train Loss: 2.5901 | Train Acc: 33.47% | Val Loss: 2.8139 | Val Acc: 28.84%  <-- best
             Grad Mean: 3.5524 | Grad Std: 0.4666 | Grad CV: 0.1314
             LR: 0.007000 | Batch: 32 | Updates: 18,291 | Time: 4.12s
             LR Controller | Next LR: 0.007000 | Reason: cooldown
Epoch 14/160 | Train Loss: 2.5689 | Train Acc: 33.88% | Val Loss: 2.8234 | Val Acc: 28.50%
             Grad Mean: 3.6613 | Grad Std: 0.4667 | Grad CV: 0.1275
             LR: 0.007000 | Batch: 32 | Updates: 19,698 | Time: 4.21s
             LR Controller | Next LR: 0.007000 | Reason: cooldown
Epoch 15/160 | Train Loss: 2.5463 | Train Acc: 34.48% | Val Loss: 2.7988 | Val Acc: 29.58%  <-- best
             Grad Mean: 3.7460 | Grad Std: 0.4810 | Grad CV: 0.1284
             LR: 0.007000 | Batch: 32 | Updates: 21,105 | Time: 4.04s
             LR Controller | Next LR: 0.007000 | Reason: keep
Epoch 16/160 | Train Loss: 2.5215 | Train Acc: 34.84% | Val Loss: 2.7961 | Val Acc: 30.26%  <-- best
             Grad Mean: 3.8031 | Grad Std: 0.4934 | Grad CV: 0.1297
             LR: 0.007000 | Batch: 32 | Updates: 22,512 | Time: 4.23s
             LR Controller | Next LR: 0.007000 | Reason: keep
Epoch 17/160 | Train Loss: 2.5089 | Train Acc: 35.02% | Val Loss: 2.7860 | Val Acc: 29.38%  <-- best
             Grad Mean: 3.8308 | Grad Std: 0.5017 | Grad CV: 0.1310
             LR: 0.007000 | Batch: 32 | Updates: 23,919 | Time: 3.98s
             LR Controller | Next LR: 0.007000 | Reason: keep
Epoch 18/160 | Train Loss: 2.4914 | Train Acc: 35.48% | Val Loss: 2.8252 | Val Acc: 29.30%
             Grad Mean: 3.8719 | Grad Std: 0.5067 | Grad CV: 0.1309
             LR: 0.007000 | Batch: 32 | Updates: 25,326 | Time: 4.16s
             LR Controller | Next LR: 0.007000 | Reason: keep
Epoch 19/160 | Train Loss: 2.4728 | Train Acc: 35.93% | Val Loss: 2.7612 | Val Acc: 30.84%  <-- best
             Grad Mean: 3.8763 | Grad Std: 0.4883 | Grad CV: 0.1260
             LR: 0.007000 | Batch: 32 | Updates: 26,733 | Time: 4.17s
             LR Controller | Next LR: 0.007000 | Reason: keep
Epoch 20/160 | Train Loss: 2.4558 | Train Acc: 36.41% | Val Loss: 2.8533 | Val Acc: 28.76%
             Grad Mean: 3.9203 | Grad Std: 0.5035 | Grad CV: 0.1284
             LR: 0.007000 | Batch: 32 | Updates: 28,140 | Time: 4.18s
             LR Controller | Next LR: 0.007000 | Reason: keep
Epoch 21/160 | Train Loss: 2.4414 | Train Acc: 36.73% | Val Loss: 2.6823 | Val Acc: 32.30%  <-- best
             Grad Mean: 3.9357 | Grad Std: 0.5079 | Grad CV: 0.1290
             LR: 0.007000 | Batch: 32 | Updates: 29,547 | Time: 4.12s
             LR Controller | Next LR: 0.007000 | Reason: keep
Epoch 22/160 | Train Loss: 2.4279 | Train Acc: 36.74% | Val Loss: 2.6735 | Val Acc: 31.76%  <-- best
             Grad Mean: 3.9526 | Grad Std: 0.4966 | Grad CV: 0.1256
             LR: 0.007000 | Batch: 32 | Updates: 30,954 | Time: 4.13s
             LR Controller | Next LR: 0.007000 | Reason: keep
Epoch 23/160 | Train Loss: 2.4188 | Train Acc: 36.99% | Val Loss: 2.6853 | Val Acc: 32.10%
             Grad Mean: 3.9490 | Grad Std: 0.4885 | Grad CV: 0.1237
             LR: 0.007000 | Batch: 32 | Updates: 32,361 | Time: 4.12s
             LR Controller | Next LR: 0.007000 | Reason: keep
Epoch 24/160 | Train Loss: 2.4035 | Train Acc: 37.34% | Val Loss: 2.6349 | Val Acc: 33.28%  <-- best
             Grad Mean: 3.9552 | Grad Std: 0.5042 | Grad CV: 0.1275
             LR: 0.007000 | Batch: 32 | Updates: 33,768 | Time: 4.19s
             LR Controller | Next LR: 0.007000 | Reason: keep
Epoch 25/160 | Train Loss: 2.3916 | Train Acc: 37.33% | Val Loss: 2.6620 | Val Acc: 32.62%
             Grad Mean: 3.9708 | Grad Std: 0.4891 | Grad CV: 0.1232
             LR: 0.007000 | Batch: 32 | Updates: 35,175 | Time: 4.20s
             LR Controller | Next LR: 0.007000 | Reason: keep
Epoch 26/160 | Train Loss: 2.3769 | Train Acc: 38.11% | Val Loss: 2.7230 | Val Acc: 31.12%
             Grad Mean: 4.0039 | Grad Std: 0.5154 | Grad CV: 0.1287
             LR: 0.007000 | Batch: 32 | Updates: 36,582 | Time: 3.89s
             LR Controller | Next LR: 0.004900 | Reason: worsening_decay
Epoch 27/160 | Train Loss: 2.2938 | Train Acc: 39.86% | Val Loss: 2.5732 | Val Acc: 33.66%  <-- best
             Grad Mean: 4.0568 | Grad Std: 0.5142 | Grad CV: 0.1267
             LR: 0.004900 | Batch: 32 | Updates: 37,989 | Time: 4.04s
             LR Controller | Next LR: 0.004900 | Reason: cooldown
Epoch 28/160 | Train Loss: 2.2838 | Train Acc: 39.99% | Val Loss: 2.6301 | Val Acc: 33.56%
             Grad Mean: 4.1930 | Grad Std: 0.5042 | Grad CV: 0.1202
             LR: 0.004900 | Batch: 32 | Updates: 39,396 | Time: 4.21s
             LR Controller | Next LR: 0.004900 | Reason: cooldown
Epoch 29/160 | Train Loss: 2.2768 | Train Acc: 40.43% | Val Loss: 2.6905 | Val Acc: 33.10%
             Grad Mean: 4.2676 | Grad Std: 0.5387 | Grad CV: 0.1262
             LR: 0.004900 | Batch: 32 | Updates: 40,803 | Time: 4.28s
             LR Controller | Next LR: 0.004900 | Reason: keep
Epoch 30/160 | Train Loss: 2.2764 | Train Acc: 40.42% | Val Loss: 2.6070 | Val Acc: 34.18%
             Grad Mean: 4.3334 | Grad Std: 0.5183 | Grad CV: 0.1196
             LR: 0.004900 | Batch: 32 | Updates: 42,210 | Time: 4.47s
             LR Controller | Next LR: 0.004900 | Reason: keep
Epoch 31/160 | Train Loss: 2.2692 | Train Acc: 40.62% | Val Loss: 2.5384 | Val Acc: 35.46%  <-- best
             Grad Mean: 4.3595 | Grad Std: 0.5257 | Grad CV: 0.1206
             LR: 0.004900 | Batch: 32 | Updates: 43,617 | Time: 4.18s
             LR Controller | Next LR: 0.004900 | Reason: keep
Epoch 32/160 | Train Loss: 2.2592 | Train Acc: 40.50% | Val Loss: 2.6113 | Val Acc: 33.68%
             Grad Mean: 4.4085 | Grad Std: 0.5523 | Grad CV: 0.1253
             LR: 0.004900 | Batch: 32 | Updates: 45,024 | Time: 4.04s
             LR Controller | Next LR: 0.004900 | Reason: keep
Epoch 33/160 | Train Loss: 2.2581 | Train Acc: 40.52% | Val Loss: 2.5200 | Val Acc: 35.78%  <-- best
             Grad Mean: 4.4138 | Grad Std: 0.5493 | Grad CV: 0.1245
             LR: 0.004900 | Batch: 32 | Updates: 46,431 | Time: 4.12s
             LR Controller | Next LR: 0.004900 | Reason: keep
Epoch 34/160 | Train Loss: 2.2457 | Train Acc: 40.91% | Val Loss: 2.6241 | Val Acc: 33.50%
             Grad Mean: 4.4196 | Grad Std: 0.5464 | Grad CV: 0.1236
             LR: 0.004900 | Batch: 32 | Updates: 47,838 | Time: 3.91s
             LR Controller | Next LR: 0.004900 | Reason: keep
Epoch 35/160 | Train Loss: 2.2459 | Train Acc: 40.89% | Val Loss: 2.5183 | Val Acc: 36.18%  <-- best
             Grad Mean: 4.4621 | Grad Std: 0.5443 | Grad CV: 0.1220
             LR: 0.004900 | Batch: 32 | Updates: 49,245 | Time: 4.05s
             LR Controller | Next LR: 0.004900 | Reason: keep
Epoch 36/160 | Train Loss: 2.2357 | Train Acc: 40.71% | Val Loss: 2.5196 | Val Acc: 35.78%
             Grad Mean: 4.4650 | Grad Std: 0.5589 | Grad CV: 0.1252
             LR: 0.004900 | Batch: 32 | Updates: 50,652 | Time: 4.09s
             LR Controller | Next LR: 0.004900 | Reason: keep
Epoch 37/160 | Train Loss: 2.2272 | Train Acc: 41.20% | Val Loss: 2.5071 | Val Acc: 35.88%  <-- best
             Grad Mean: 4.4913 | Grad Std: 0.5670 | Grad CV: 0.1263
             LR: 0.004900 | Batch: 32 | Updates: 52,059 | Time: 4.06s
             LR Controller | Next LR: 0.004900 | Reason: keep
Epoch 38/160 | Train Loss: 2.2274 | Train Acc: 41.23% | Val Loss: 2.6377 | Val Acc: 33.62%
             Grad Mean: 4.5015 | Grad Std: 0.5286 | Grad CV: 0.1174
             LR: 0.004900 | Batch: 32 | Updates: 53,466 | Time: 4.33s
             LR Controller | Next LR: 0.004900 | Reason: keep
Epoch 39/160 | Train Loss: 2.2207 | Train Acc: 41.17% | Val Loss: 2.5223 | Val Acc: 34.96%
             Grad Mean: 4.5114 | Grad Std: 0.5560 | Grad CV: 0.1232
             LR: 0.004900 | Batch: 32 | Updates: 54,873 | Time: 4.29s
             LR Controller | Next LR: 0.003430 | Reason: worsening_decay
Epoch 40/160 | Train Loss: 2.1558 | Train Acc: 42.91% | Val Loss: 2.5300 | Val Acc: 36.00%
             Grad Mean: 4.5974 | Grad Std: 0.5393 | Grad CV: 0.1173
             LR: 0.003430 | Batch: 32 | Updates: 56,280 | Time: 4.16s
             LR Controller | Next LR: 0.003430 | Reason: cooldown
Epoch 41/160 | Train Loss: 2.1433 | Train Acc: 43.22% | Val Loss: 2.4953 | Val Acc: 35.88%  <-- best
             Grad Mean: 4.7112 | Grad Std: 0.5865 | Grad CV: 0.1245
             LR: 0.003430 | Batch: 32 | Updates: 57,687 | Time: 4.15s
             LR Controller | Next LR: 0.003430 | Reason: cooldown
Epoch 42/160 | Train Loss: 2.1387 | Train Acc: 43.27% | Val Loss: 2.4807 | Val Acc: 37.16%  <-- best
             Grad Mean: 4.7514 | Grad Std: 0.5654 | Grad CV: 0.1190
             LR: 0.003430 | Batch: 32 | Updates: 59,094 | Time: 4.24s
             LR Controller | Next LR: 0.003430 | Reason: keep
Epoch 43/160 | Train Loss: 2.1365 | Train Acc: 43.30% | Val Loss: 2.4602 | Val Acc: 37.48%  <-- best
             Grad Mean: 4.8091 | Grad Std: 0.5736 | Grad CV: 0.1193
             LR: 0.003430 | Batch: 32 | Updates: 60,501 | Time: 4.18s
             LR Controller | Next LR: 0.003430 | Reason: keep
Epoch 44/160 | Train Loss: 2.1318 | Train Acc: 43.47% | Val Loss: 2.4492 | Val Acc: 36.52%  <-- best
             Grad Mean: 4.8783 | Grad Std: 0.5703 | Grad CV: 0.1169
             LR: 0.003430 | Batch: 32 | Updates: 61,908 | Time: 4.08s
             LR Controller | Next LR: 0.003430 | Reason: keep
Epoch 45/160 | Train Loss: 2.1314 | Train Acc: 43.65% | Val Loss: 2.4127 | Val Acc: 37.98%  <-- best
             Grad Mean: 4.8956 | Grad Std: 0.6022 | Grad CV: 0.1230
             LR: 0.003430 | Batch: 32 | Updates: 63,315 | Time: 4.23s
             LR Controller | Next LR: 0.003430 | Reason: keep
Epoch 46/160 | Train Loss: 2.1333 | Train Acc: 43.13% | Val Loss: 2.5100 | Val Acc: 35.76%
             Grad Mean: 4.9509 | Grad Std: 0.5701 | Grad CV: 0.1151
             LR: 0.003430 | Batch: 32 | Updates: 64,722 | Time: 4.19s
             LR Controller | Next LR: 0.003430 | Reason: keep
Epoch 47/160 | Train Loss: 2.1266 | Train Acc: 43.73% | Val Loss: 2.4745 | Val Acc: 37.58%
             Grad Mean: 4.9300 | Grad Std: 0.6152 | Grad CV: 0.1248
             LR: 0.003430 | Batch: 32 | Updates: 66,129 | Time: 4.14s
             LR Controller | Next LR: 0.002401 | Reason: worsening_decay
Epoch 48/160 | Train Loss: 2.0663 | Train Acc: 45.20% | Val Loss: 2.3783 | Val Acc: 39.12%  <-- best
             Grad Mean: 4.9771 | Grad Std: 0.5701 | Grad CV: 0.1145
             LR: 0.002401 | Batch: 32 | Updates: 67,536 | Time: 4.23s
             LR Controller | Next LR: 0.002401 | Reason: cooldown
Epoch 49/160 | Train Loss: 2.0622 | Train Acc: 45.11% | Val Loss: 2.3887 | Val Acc: 38.14%
             Grad Mean: 5.1335 | Grad Std: 0.6151 | Grad CV: 0.1198
             LR: 0.002401 | Batch: 32 | Updates: 68,943 | Time: 4.30s
             LR Controller | Next LR: 0.002401 | Reason: cooldown
Epoch 50/160 | Train Loss: 2.0589 | Train Acc: 45.21% | Val Loss: 2.4326 | Val Acc: 38.08%
             Grad Mean: 5.1811 | Grad Std: 0.6204 | Grad CV: 0.1197
             LR: 0.002401 | Batch: 32 | Updates: 70,350 | Time: 4.23s
             LR Controller | Next LR: 0.002401 | Reason: keep
Epoch 51/160 | Train Loss: 2.0585 | Train Acc: 45.23% | Val Loss: 2.3964 | Val Acc: 38.64%
             Grad Mean: 5.2468 | Grad Std: 0.6181 | Grad CV: 0.1178
             LR: 0.002401 | Batch: 32 | Updates: 71,757 | Time: 4.05s
             LR Controller | Next LR: 0.001681 | Reason: worsening_decay
Epoch 52/160 | Train Loss: 2.0023 | Train Acc: 46.72% | Val Loss: 2.3646 | Val Acc: 38.68%  <-- best
             Grad Mean: 5.2562 | Grad Std: 0.5893 | Grad CV: 0.1121
             LR: 0.001681 | Batch: 32 | Updates: 73,164 | Time: 4.27s
             LR Controller | Next LR: 0.001681 | Reason: cooldown
Epoch 53/160 | Train Loss: 2.0013 | Train Acc: 46.42% | Val Loss: 2.3501 | Val Acc: 38.70%  <-- best
             Grad Mean: 5.4455 | Grad Std: 0.6347 | Grad CV: 0.1166
             LR: 0.001681 | Batch: 32 | Updates: 74,571 | Time: 4.08s
             LR Controller | Next LR: 0.001681 | Reason: cooldown
Epoch 54/160 | Train Loss: 2.0002 | Train Acc: 46.66% | Val Loss: 2.3258 | Val Acc: 40.28%  <-- best
             Grad Mean: 5.4741 | Grad Std: 0.6498 | Grad CV: 0.1187
             LR: 0.001681 | Batch: 32 | Updates: 75,978 | Time: 4.11s
             LR Controller | Next LR: 0.001681 | Reason: keep
Epoch 55/160 | Train Loss: 2.0006 | Train Acc: 46.48% | Val Loss: 2.3444 | Val Acc: 40.08%
             Grad Mean: 5.5740 | Grad Std: 0.6649 | Grad CV: 0.1193
             LR: 0.001681 | Batch: 32 | Updates: 77,385 | Time: 4.08s
             LR Controller | Next LR: 0.001681 | Reason: keep
Epoch 56/160 | Train Loss: 1.9954 | Train Acc: 46.74% | Val Loss: 2.3405 | Val Acc: 39.72%
             Grad Mean: 5.5997 | Grad Std: 0.6741 | Grad CV: 0.1204
             LR: 0.001681 | Batch: 32 | Updates: 78,792 | Time: 4.00s
             LR Controller | Next LR: 0.001176 | Reason: worsening_decay
Epoch 57/160 | Train Loss: 1.9572 | Train Acc: 47.86% | Val Loss: 2.3213 | Val Acc: 40.32%  <-- best
             Grad Mean: 5.6968 | Grad Std: 0.6977 | Grad CV: 0.1225
             LR: 0.001176 | Batch: 32 | Updates: 80,199 | Time: 4.00s
             LR Controller | Next LR: 0.001176 | Reason: cooldown
Epoch 58/160 | Train Loss: 1.9550 | Train Acc: 47.76% | Val Loss: 2.2949 | Val Acc: 40.52%  <-- best
             Grad Mean: 5.7583 | Grad Std: 0.6743 | Grad CV: 0.1171
             LR: 0.001176 | Batch: 32 | Updates: 81,606 | Time: 3.95s
             LR Controller | Next LR: 0.001176 | Reason: cooldown
Epoch 59/160 | Train Loss: 1.9506 | Train Acc: 47.94% | Val Loss: 2.2993 | Val Acc: 40.68%
             Grad Mean: 5.8285 | Grad Std: 0.6778 | Grad CV: 0.1163
             LR: 0.001176 | Batch: 32 | Updates: 83,013 | Time: 4.17s
             LR Controller | Next LR: 0.001176 | Reason: keep
Epoch 60/160 | Train Loss: 1.9495 | Train Acc: 47.76% | Val Loss: 2.3290 | Val Acc: 39.84%
             Grad Mean: 5.9275 | Grad Std: 0.7082 | Grad CV: 0.1195
             LR: 0.001176 | Batch: 32 | Updates: 84,420 | Time: 4.13s
             LR Controller | Next LR: 0.000824 | Reason: worsening_decay
Epoch 61/160 | Train Loss: 1.9175 | Train Acc: 48.63% | Val Loss: 2.3141 | Val Acc: 40.50%
             Grad Mean: 5.8933 | Grad Std: 0.6766 | Grad CV: 0.1148
             LR: 0.000824 | Batch: 32 | Updates: 85,827 | Time: 4.04s
             LR Controller | Next LR: 0.000824 | Reason: cooldown
Epoch 62/160 | Train Loss: 1.9170 | Train Acc: 48.72% | Val Loss: 2.3344 | Val Acc: 40.08%
             Grad Mean: 6.0282 | Grad Std: 0.7219 | Grad CV: 0.1198
             LR: 0.000824 | Batch: 32 | Updates: 87,234 | Time: 4.10s
             LR Controller | Next LR: 0.000824 | Reason: cooldown
Epoch 63/160 | Train Loss: 1.9148 | Train Acc: 48.52% | Val Loss: 2.2926 | Val Acc: 40.58%  <-- best
             Grad Mean: 6.0811 | Grad Std: 0.7001 | Grad CV: 0.1151
             LR: 0.000824 | Batch: 32 | Updates: 88,641 | Time: 3.89s
             LR Controller | Next LR: 0.000824 | Reason: keep
Epoch 64/160 | Train Loss: 1.9159 | Train Acc: 48.65% | Val Loss: 2.3211 | Val Acc: 39.92%
             Grad Mean: 6.1506 | Grad Std: 0.7331 | Grad CV: 0.1192
             LR: 0.000824 | Batch: 32 | Updates: 90,048 | Time: 4.17s
             LR Controller | Next LR: 0.000824 | Reason: keep
Epoch 65/160 | Train Loss: 1.9084 | Train Acc: 48.80% | Val Loss: 2.2981 | Val Acc: 40.92%
             Grad Mean: 6.2117 | Grad Std: 0.7105 | Grad CV: 0.1144
             LR: 0.000824 | Batch: 32 | Updates: 91,455 | Time: 3.96s
             LR Controller | Next LR: 0.000824 | Reason: keep
Epoch 66/160 | Train Loss: 1.9078 | Train Acc: 49.08% | Val Loss: 2.2929 | Val Acc: 40.62%
             Grad Mean: 6.2937 | Grad Std: 0.7714 | Grad CV: 0.1226
             LR: 0.000824 | Batch: 32 | Updates: 92,862 | Time: 4.06s
             LR Controller | Next LR: 0.000824 | Reason: keep
Epoch 67/160 | Train Loss: 1.9056 | Train Acc: 49.07% | Val Loss: 2.2828 | Val Acc: 40.98%  <-- best
             Grad Mean: 6.3304 | Grad Std: 0.7358 | Grad CV: 0.1162
             LR: 0.000824 | Batch: 32 | Updates: 94,269 | Time: 4.05s
             LR Controller | Next LR: 0.000824 | Reason: keep
Epoch 68/160 | Train Loss: 1.9040 | Train Acc: 48.91% | Val Loss: 2.3105 | Val Acc: 40.02%
             Grad Mean: 6.3462 | Grad Std: 0.7536 | Grad CV: 0.1187
             LR: 0.000824 | Batch: 32 | Updates: 95,676 | Time: 3.90s
             LR Controller | Next LR: 0.000824 | Reason: keep
Epoch 69/160 | Train Loss: 1.9023 | Train Acc: 49.15% | Val Loss: 2.2387 | Val Acc: 42.16%  <-- best
             Grad Mean: 6.4397 | Grad Std: 0.7603 | Grad CV: 0.1181
             LR: 0.000824 | Batch: 32 | Updates: 97,083 | Time: 4.11s
             LR Controller | Next LR: 0.000824 | Reason: keep
Epoch 70/160 | Train Loss: 1.9055 | Train Acc: 48.99% | Val Loss: 2.2896 | Val Acc: 40.34%
             Grad Mean: 6.4746 | Grad Std: 0.7790 | Grad CV: 0.1203
             LR: 0.000824 | Batch: 32 | Updates: 98,490 | Time: 4.08s
             LR Controller | Next LR: 0.000824 | Reason: keep
Epoch 71/160 | Train Loss: 1.8988 | Train Acc: 48.84% | Val Loss: 2.2999 | Val Acc: 40.36%
             Grad Mean: 6.4937 | Grad Std: 0.8030 | Grad CV: 0.1237
             LR: 0.000824 | Batch: 32 | Updates: 99,897 | Time: 4.05s
             LR Controller | Next LR: 0.000576 | Reason: worsening_decay
Epoch 72/160 | Train Loss: 1.8790 | Train Acc: 49.80% | Val Loss: 2.2460 | Val Acc: 42.40%
             Grad Mean: 6.5045 | Grad Std: 0.7477 | Grad CV: 0.1149
             LR: 0.000576 | Batch: 32 | Updates: 101,304 | Time: 4.16s
             LR Controller | Next LR: 0.000576 | Reason: cooldown
Epoch 73/160 | Train Loss: 1.8744 | Train Acc: 49.85% | Val Loss: 2.2548 | Val Acc: 41.36%
             Grad Mean: 6.5931 | Grad Std: 0.8001 | Grad CV: 0.1214
             LR: 0.000576 | Batch: 32 | Updates: 102,711 | Time: 4.30s
             LR Controller | Next LR: 0.000576 | Reason: cooldown
Epoch 74/160 | Train Loss: 1.8717 | Train Acc: 49.72% | Val Loss: 2.2331 | Val Acc: 42.02%  <-- best
             Grad Mean: 6.6374 | Grad Std: 0.7548 | Grad CV: 0.1137
             LR: 0.000576 | Batch: 32 | Updates: 104,118 | Time: 3.98s
             LR Controller | Next LR: 0.000576 | Reason: keep
Epoch 75/160 | Train Loss: 1.8681 | Train Acc: 49.80% | Val Loss: 2.2709 | Val Acc: 41.14%
             Grad Mean: 6.6840 | Grad Std: 0.8102 | Grad CV: 0.1212
             LR: 0.000576 | Batch: 32 | Updates: 105,525 | Time: 4.23s
             LR Controller | Next LR: 0.000576 | Reason: keep
Epoch 76/160 | Train Loss: 1.8679 | Train Acc: 49.66% | Val Loss: 2.2513 | Val Acc: 42.50%
             Grad Mean: 6.7320 | Grad Std: 0.8267 | Grad CV: 0.1228
             LR: 0.000576 | Batch: 32 | Updates: 106,932 | Time: 4.38s
             LR Controller | Next LR: 0.000404 | Reason: worsening_decay
Epoch 77/160 | Train Loss: 1.8485 | Train Acc: 50.57% | Val Loss: 2.2495 | Val Acc: 41.70%
             Grad Mean: 6.7067 | Grad Std: 0.7731 | Grad CV: 0.1153
             LR: 0.000404 | Batch: 32 | Updates: 108,339 | Time: 4.25s
             LR Controller | Next LR: 0.000404 | Reason: cooldown
Epoch 78/160 | Train Loss: 1.8405 | Train Acc: 50.60% | Val Loss: 2.2708 | Val Acc: 41.00%
             Grad Mean: 6.7945 | Grad Std: 0.7966 | Grad CV: 0.1172
             LR: 0.000404 | Batch: 32 | Updates: 109,746 | Time: 4.02s
             LR Controller | Next LR: 0.000404 | Reason: cooldown
Epoch 79/160 | Train Loss: 1.8483 | Train Acc: 50.20% | Val Loss: 2.2468 | Val Acc: 41.90%
             Grad Mean: 6.8893 | Grad Std: 0.8524 | Grad CV: 0.1237
             LR: 0.000404 | Batch: 32 | Updates: 111,153 | Time: 4.26s
             LR Controller | Next LR: 0.000404 | Reason: keep
Epoch 80/160 | Train Loss: 1.8413 | Train Acc: 50.38% | Val Loss: 2.2128 | Val Acc: 42.82%  <-- best
             Grad Mean: 6.9033 | Grad Std: 0.8340 | Grad CV: 0.1208
             LR: 0.000404 | Batch: 32 | Updates: 112,560 | Time: 4.26s
             LR Controller | Next LR: 0.000404 | Reason: keep
Epoch 81/160 | Train Loss: 1.8458 | Train Acc: 50.32% | Val Loss: 2.2706 | Val Acc: 41.42%
             Grad Mean: 6.9592 | Grad Std: 0.8066 | Grad CV: 0.1159
             LR: 0.000404 | Batch: 32 | Updates: 113,967 | Time: 4.26s
             LR Controller | Next LR: 0.000404 | Reason: keep
Epoch 82/160 | Train Loss: 1.8405 | Train Acc: 50.43% | Val Loss: 2.2317 | Val Acc: 41.74%
             Grad Mean: 6.9874 | Grad Std: 0.8200 | Grad CV: 0.1174
             LR: 0.000404 | Batch: 32 | Updates: 115,374 | Time: 4.01s
             LR Controller | Next LR: 0.000282 | Reason: worsening_decay
Epoch 83/160 | Train Loss: 1.8237 | Train Acc: 51.02% | Val Loss: 2.2054 | Val Acc: 42.68%  <-- best
             Grad Mean: 6.9385 | Grad Std: 0.8018 | Grad CV: 0.1156
             LR: 0.000282 | Batch: 32 | Updates: 116,781 | Time: 4.03s
             LR Controller | Next LR: 0.000282 | Reason: cooldown
Epoch 84/160 | Train Loss: 1.8254 | Train Acc: 51.15% | Val Loss: 2.2452 | Val Acc: 41.50%
             Grad Mean: 7.0704 | Grad Std: 0.8004 | Grad CV: 0.1132
             LR: 0.000282 | Batch: 32 | Updates: 118,188 | Time: 3.96s
             LR Controller | Next LR: 0.000282 | Reason: cooldown
Epoch 85/160 | Train Loss: 1.8237 | Train Acc: 51.02% | Val Loss: 2.2163 | Val Acc: 43.00%
             Grad Mean: 7.1007 | Grad Std: 0.8554 | Grad CV: 0.1205
             LR: 0.000282 | Batch: 32 | Updates: 119,595 | Time: 3.97s
             LR Controller | Next LR: 0.000282 | Reason: keep
Epoch 86/160 | Train Loss: 1.8214 | Train Acc: 50.96% | Val Loss: 2.2140 | Val Acc: 42.88%
             Grad Mean: 7.1252 | Grad Std: 0.8192 | Grad CV: 0.1150
             LR: 0.000282 | Batch: 32 | Updates: 121,002 | Time: 4.02s
             LR Controller | Next LR: 0.000198 | Reason: worsening_decay
Epoch 87/160 | Train Loss: 1.8121 | Train Acc: 51.19% | Val Loss: 2.2123 | Val Acc: 42.26%
             Grad Mean: 7.1391 | Grad Std: 0.8512 | Grad CV: 0.1192
             LR: 0.000198 | Batch: 32 | Updates: 122,409 | Time: 4.21s
             LR Controller | Next LR: 0.000198 | Reason: cooldown
Epoch 88/160 | Train Loss: 1.8098 | Train Acc: 51.20% | Val Loss: 2.2241 | Val Acc: 42.14%
             Grad Mean: 7.1383 | Grad Std: 0.8236 | Grad CV: 0.1154
             LR: 0.000198 | Batch: 32 | Updates: 123,816 | Time: 4.39s
             LR Controller | Next LR: 0.000198 | Reason: cooldown
Epoch 89/160 | Train Loss: 1.8074 | Train Acc: 51.46% | Val Loss: 2.2047 | Val Acc: 42.98%  <-- best
             Grad Mean: 7.1931 | Grad Std: 0.8442 | Grad CV: 0.1174
             LR: 0.000198 | Batch: 32 | Updates: 125,223 | Time: 4.05s
             LR Controller | Next LR: 0.000198 | Reason: keep
Epoch 90/160 | Train Loss: 1.8100 | Train Acc: 51.26% | Val Loss: 2.1991 | Val Acc: 42.84%  <-- best
             Grad Mean: 7.2568 | Grad Std: 0.8498 | Grad CV: 0.1171
             LR: 0.000198 | Batch: 32 | Updates: 126,630 | Time: 4.11s
             LR Controller | Next LR: 0.000198 | Reason: keep
Epoch 91/160 | Train Loss: 1.8032 | Train Acc: 51.37% | Val Loss: 2.2138 | Val Acc: 42.60%
             Grad Mean: 7.2753 | Grad Std: 0.8352 | Grad CV: 0.1148
             LR: 0.000198 | Batch: 32 | Updates: 128,037 | Time: 4.13s
             LR Controller | Next LR: 0.000198 | Reason: keep
Epoch 92/160 | Train Loss: 1.8047 | Train Acc: 51.60% | Val Loss: 2.2100 | Val Acc: 42.64%
             Grad Mean: 7.2808 | Grad Std: 0.8589 | Grad CV: 0.1180
             LR: 0.000198 | Batch: 32 | Updates: 129,444 | Time: 4.31s
             LR Controller | Next LR: 0.000138 | Reason: worsening_decay
Epoch 93/160 | Train Loss: 1.7980 | Train Acc: 51.76% | Val Loss: 2.1933 | Val Acc: 43.14%  <-- best
             Grad Mean: 7.3268 | Grad Std: 0.8553 | Grad CV: 0.1167
             LR: 0.000138 | Batch: 32 | Updates: 130,851 | Time: 4.17s
             LR Controller | Next LR: 0.000138 | Reason: cooldown
Epoch 94/160 | Train Loss: 1.7942 | Train Acc: 51.58% | Val Loss: 2.1985 | Val Acc: 42.80%
             Grad Mean: 7.2996 | Grad Std: 0.8896 | Grad CV: 0.1219
             LR: 0.000138 | Batch: 32 | Updates: 132,258 | Time: 4.14s
             LR Controller | Next LR: 0.000138 | Reason: cooldown
Epoch 95/160 | Train Loss: 1.7951 | Train Acc: 51.79% | Val Loss: 2.2156 | Val Acc: 42.54%
             Grad Mean: 7.3441 | Grad Std: 0.8391 | Grad CV: 0.1143
             LR: 0.000138 | Batch: 32 | Updates: 133,665 | Time: 3.99s
             LR Controller | Next LR: 0.000138 | Reason: keep
Epoch 96/160 | Train Loss: 1.7969 | Train Acc: 51.73% | Val Loss: 2.1985 | Val Acc: 43.10%
             Grad Mean: 7.3559 | Grad Std: 0.8623 | Grad CV: 0.1172
             LR: 0.000138 | Batch: 32 | Updates: 135,072 | Time: 3.99s
             LR Controller | Next LR: 0.000097 | Reason: worsening_decay
Epoch 97/160 | Train Loss: 1.7933 | Train Acc: 51.84% | Val Loss: 2.1956 | Val Acc: 43.26%
             Grad Mean: 7.4002 | Grad Std: 0.8610 | Grad CV: 0.1164
             LR: 0.000097 | Batch: 32 | Updates: 136,479 | Time: 4.05s
             LR Controller | Next LR: 0.000097 | Reason: cooldown
Epoch 98/160 | Train Loss: 1.7892 | Train Acc: 51.92% | Val Loss: 2.1992 | Val Acc: 43.00%
             Grad Mean: 7.4018 | Grad Std: 0.8573 | Grad CV: 0.1158
             LR: 0.000097 | Batch: 32 | Updates: 137,886 | Time: 4.08s
             LR Controller | Next LR: 0.000097 | Reason: cooldown
Epoch 99/160 | Train Loss: 1.7892 | Train Acc: 51.95% | Val Loss: 2.1898 | Val Acc: 43.06%  <-- best
             Grad Mean: 7.4196 | Grad Std: 0.8636 | Grad CV: 0.1164
             LR: 0.000097 | Batch: 32 | Updates: 139,293 | Time: 4.11s
             LR Controller | Next LR: 0.000097 | Reason: keep
Epoch 100/160 | Train Loss: 1.7859 | Train Acc: 51.89% | Val Loss: 2.2102 | Val Acc: 42.90%
             Grad Mean: 7.3982 | Grad Std: 0.8946 | Grad CV: 0.1209
             LR: 0.000097 | Batch: 32 | Updates: 140,700 | Time: 3.91s
             LR Controller | Next LR: 0.000097 | Reason: keep
Epoch 101/160 | Train Loss: 1.7861 | Train Acc: 51.93% | Val Loss: 2.1874 | Val Acc: 43.36%  <-- best
             Grad Mean: 7.4854 | Grad Std: 0.9534 | Grad CV: 0.1274
             LR: 0.000097 | Batch: 32 | Updates: 142,107 | Time: 4.09s
             LR Controller | Next LR: 0.000097 | Reason: keep
Epoch 102/160 | Train Loss: 1.7872 | Train Acc: 51.90% | Val Loss: 2.2079 | Val Acc: 42.90%
             Grad Mean: 7.4779 | Grad Std: 0.8950 | Grad CV: 0.1197
             LR: 0.000097 | Batch: 32 | Updates: 143,514 | Time: 3.97s
             LR Controller | Next LR: 0.000097 | Reason: keep
Epoch 103/160 | Train Loss: 1.7884 | Train Acc: 52.14% | Val Loss: 2.2013 | Val Acc: 43.00%
             Grad Mean: 7.4797 | Grad Std: 0.8746 | Grad CV: 0.1169
             LR: 0.000097 | Batch: 32 | Updates: 144,921 | Time: 4.24s
             LR Controller | Next LR: 0.000068 | Reason: worsening_decay
Epoch 104/160 | Train Loss: 1.7797 | Train Acc: 52.26% | Val Loss: 2.1970 | Val Acc: 43.06%
             Grad Mean: 7.4534 | Grad Std: 0.8988 | Grad CV: 0.1206
             LR: 0.000068 | Batch: 32 | Updates: 146,328 | Time: 4.23s
             LR Controller | Next LR: 0.000068 | Reason: cooldown
Epoch 105/160 | Train Loss: 1.7807 | Train Acc: 52.21% | Val Loss: 2.1991 | Val Acc: 43.18%
             Grad Mean: 7.5045 | Grad Std: 0.8968 | Grad CV: 0.1195
             LR: 0.000068 | Batch: 32 | Updates: 147,735 | Time: 4.16s
             LR Controller | Next LR: 0.000068 | Reason: cooldown
Epoch 106/160 | Train Loss: 1.7802 | Train Acc: 52.20% | Val Loss: 2.1891 | Val Acc: 43.12%
             Grad Mean: 7.5260 | Grad Std: 0.8995 | Grad CV: 0.1195
             LR: 0.000068 | Batch: 32 | Updates: 149,142 | Time: 4.45s
             LR Controller | Next LR: 0.000068 | Reason: keep
Epoch 107/160 | Train Loss: 1.7812 | Train Acc: 52.20% | Val Loss: 2.2127 | Val Acc: 42.74%
             Grad Mean: 7.5386 | Grad Std: 0.8713 | Grad CV: 0.1156
             LR: 0.000068 | Batch: 32 | Updates: 150,549 | Time: 4.18s
             LR Controller | Next LR: 0.000047 | Reason: worsening_decay
Epoch 108/160 | Train Loss: 1.7750 | Train Acc: 52.23% | Val Loss: 2.1988 | Val Acc: 42.90%
             Grad Mean: 7.5218 | Grad Std: 0.9064 | Grad CV: 0.1205
             LR: 0.000047 | Batch: 32 | Updates: 151,956 | Time: 4.28s
             LR Controller | Next LR: 0.000047 | Reason: cooldown
Epoch 109/160 | Train Loss: 1.7820 | Train Acc: 52.14% | Val Loss: 2.1873 | Val Acc: 43.28%  <-- best
             Grad Mean: 7.5519 | Grad Std: 0.8936 | Grad CV: 0.1183
             LR: 0.000047 | Batch: 32 | Updates: 153,363 | Time: 3.94s
             LR Controller | Next LR: 0.000047 | Reason: cooldown
Epoch 110/160 | Train Loss: 1.7759 | Train Acc: 52.16% | Val Loss: 2.1979 | Val Acc: 43.36%
             Grad Mean: 7.5224 | Grad Std: 0.8440 | Grad CV: 0.1122
             LR: 0.000047 | Batch: 32 | Updates: 154,770 | Time: 3.97s
             LR Controller | Next LR: 0.000047 | Reason: keep
Epoch 111/160 | Train Loss: 1.7798 | Train Acc: 52.19% | Val Loss: 2.1854 | Val Acc: 43.46%  <-- best
             Grad Mean: 7.5814 | Grad Std: 0.8999 | Grad CV: 0.1187
             LR: 0.000047 | Batch: 32 | Updates: 156,177 | Time: 4.14s
             LR Controller | Next LR: 0.000047 | Reason: keep
Epoch 112/160 | Train Loss: 1.7773 | Train Acc: 52.27% | Val Loss: 2.1963 | Val Acc: 43.20%
             Grad Mean: 7.5819 | Grad Std: 0.8844 | Grad CV: 0.1166
             LR: 0.000047 | Batch: 32 | Updates: 157,584 | Time: 4.15s
             LR Controller | Next LR: 0.000047 | Reason: keep
Epoch 113/160 | Train Loss: 1.7752 | Train Acc: 52.25% | Val Loss: 2.1954 | Val Acc: 43.18%
             Grad Mean: 7.5876 | Grad Std: 0.9050 | Grad CV: 0.1193
             LR: 0.000047 | Batch: 32 | Updates: 158,991 | Time: 4.24s
             LR Controller | Next LR: 0.000033 | Reason: worsening_decay
Epoch 114/160 | Train Loss: 1.7750 | Train Acc: 52.22% | Val Loss: 2.1933 | Val Acc: 43.36%
             Grad Mean: 7.5633 | Grad Std: 0.8770 | Grad CV: 0.1160
             LR: 0.000033 | Batch: 32 | Updates: 160,398 | Time: 3.92s
             LR Controller | Next LR: 0.000033 | Reason: cooldown
Epoch 115/160 | Train Loss: 1.7741 | Train Acc: 52.26% | Val Loss: 2.1954 | Val Acc: 43.14%
             Grad Mean: 7.5772 | Grad Std: 0.8789 | Grad CV: 0.1160
             LR: 0.000033 | Batch: 32 | Updates: 161,805 | Time: 4.18s
             LR Controller | Next LR: 0.000033 | Reason: cooldown
Epoch 116/160 | Train Loss: 1.7723 | Train Acc: 52.34% | Val Loss: 2.1978 | Val Acc: 43.30%
             Grad Mean: 7.5677 | Grad Std: 0.8627 | Grad CV: 0.1140
             LR: 0.000033 | Batch: 32 | Updates: 163,212 | Time: 4.15s
             LR Controller | Next LR: 0.000033 | Reason: keep
Epoch 117/160 | Train Loss: 1.7718 | Train Acc: 52.58% | Val Loss: 2.1898 | Val Acc: 43.10%
             Grad Mean: 7.5991 | Grad Std: 0.8930 | Grad CV: 0.1175
             LR: 0.000033 | Batch: 32 | Updates: 164,619 | Time: 4.01s
             LR Controller | Next LR: 0.000023 | Reason: worsening_decay
Epoch 118/160 | Train Loss: 1.7710 | Train Acc: 52.40% | Val Loss: 2.1861 | Val Acc: 43.20%
             Grad Mean: 7.6391 | Grad Std: 0.8929 | Grad CV: 0.1169
             LR: 0.000023 | Batch: 32 | Updates: 166,026 | Time: 4.19s
             LR Controller | Next LR: 0.000023 | Reason: cooldown
Epoch 119/160 | Train Loss: 1.7718 | Train Acc: 52.54% | Val Loss: 2.1941 | Val Acc: 43.10%
             Grad Mean: 7.5935 | Grad Std: 0.8963 | Grad CV: 0.1180
             LR: 0.000023 | Batch: 32 | Updates: 167,433 | Time: 4.19s
             LR Controller | Next LR: 0.000023 | Reason: cooldown
Epoch 120/160 | Train Loss: 1.7705 | Train Acc: 52.39% | Val Loss: 2.1849 | Val Acc: 43.44%  <-- best
             Grad Mean: 7.6153 | Grad Std: 0.8821 | Grad CV: 0.1158
             LR: 0.000023 | Batch: 32 | Updates: 168,840 | Time: 4.02s
             LR Controller | Next LR: 0.000023 | Reason: keep
Epoch 121/160 | Train Loss: 1.7719 | Train Acc: 52.47% | Val Loss: 2.1871 | Val Acc: 43.36%
             Grad Mean: 7.6142 | Grad Std: 0.9029 | Grad CV: 0.1186
             LR: 0.000023 | Batch: 32 | Updates: 170,247 | Time: 4.10s
             LR Controller | Next LR: 0.000023 | Reason: keep
Epoch 122/160 | Train Loss: 1.7685 | Train Acc: 52.62% | Val Loss: 2.1942 | Val Acc: 43.16%
             Grad Mean: 7.6163 | Grad Std: 0.8938 | Grad CV: 0.1174
             LR: 0.000023 | Batch: 32 | Updates: 171,654 | Time: 4.20s
             LR Controller | Next LR: 0.000016 | Reason: worsening_decay
Epoch 123/160 | Train Loss: 1.7693 | Train Acc: 52.31% | Val Loss: 2.1843 | Val Acc: 43.56%  <-- best
             Grad Mean: 7.6119 | Grad Std: 0.9449 | Grad CV: 0.1241
             LR: 0.000016 | Batch: 32 | Updates: 173,061 | Time: 4.29s
             LR Controller | Next LR: 0.000016 | Reason: cooldown
Epoch 124/160 | Train Loss: 1.7688 | Train Acc: 52.61% | Val Loss: 2.1953 | Val Acc: 43.18%
             Grad Mean: 7.6296 | Grad Std: 0.8525 | Grad CV: 0.1117
             LR: 0.000016 | Batch: 32 | Updates: 174,468 | Time: 4.10s
             LR Controller | Next LR: 0.000016 | Reason: cooldown
Epoch 125/160 | Train Loss: 1.7685 | Train Acc: 52.51% | Val Loss: 2.1844 | Val Acc: 43.44%
             Grad Mean: 7.6221 | Grad Std: 0.8734 | Grad CV: 0.1146
             LR: 0.000016 | Batch: 32 | Updates: 175,875 | Time: 4.11s
             LR Controller | Next LR: 0.000016 | Reason: keep
Epoch 126/160 | Train Loss: 1.7700 | Train Acc: 52.41% | Val Loss: 2.1898 | Val Acc: 43.38%
             Grad Mean: 7.6115 | Grad Std: 0.8603 | Grad CV: 0.1130
             LR: 0.000016 | Batch: 32 | Updates: 177,282 | Time: 3.99s
             LR Controller | Next LR: 0.000016 | Reason: keep
Epoch 127/160 | Train Loss: 1.7687 | Train Acc: 52.43% | Val Loss: 2.1852 | Val Acc: 43.40%
             Grad Mean: 7.6534 | Grad Std: 0.9012 | Grad CV: 0.1178
             LR: 0.000016 | Batch: 32 | Updates: 178,689 | Time: 4.24s
             LR Controller | Next LR: 0.000016 | Reason: keep
Epoch 128/160 | Train Loss: 1.7697 | Train Acc: 52.40% | Val Loss: 2.1966 | Val Acc: 43.06%
             Grad Mean: 7.6579 | Grad Std: 0.8777 | Grad CV: 0.1146
             LR: 0.000016 | Batch: 32 | Updates: 180,096 | Time: 4.09s
             LR Controller | Next LR: 0.000016 | Reason: keep
Epoch 129/160 | Train Loss: 1.7650 | Train Acc: 52.68% | Val Loss: 2.1854 | Val Acc: 43.56%
             Grad Mean: 7.6286 | Grad Std: 0.8991 | Grad CV: 0.1179
             LR: 0.000016 | Batch: 32 | Updates: 181,503 | Time: 4.22s
             LR Controller | Next LR: 0.000011 | Reason: worsening_decay
Epoch 130/160 | Train Loss: 1.7672 | Train Acc: 52.70% | Val Loss: 2.1906 | Val Acc: 43.46%
             Grad Mean: 7.6215 | Grad Std: 0.9097 | Grad CV: 0.1194
             LR: 0.000011 | Batch: 32 | Updates: 182,910 | Time: 4.12s
             LR Controller | Next LR: 0.000011 | Reason: cooldown
Epoch 131/160 | Train Loss: 1.7670 | Train Acc: 52.59% | Val Loss: 2.1884 | Val Acc: 43.44%
             Grad Mean: 7.6400 | Grad Std: 0.9339 | Grad CV: 0.1222
             LR: 0.000011 | Batch: 32 | Updates: 184,317 | Time: 4.09s
             LR Controller | Next LR: 0.000011 | Reason: cooldown
Epoch 132/160 | Train Loss: 1.7662 | Train Acc: 52.64% | Val Loss: 2.1899 | Val Acc: 43.30%
             Grad Mean: 7.6260 | Grad Std: 0.9167 | Grad CV: 0.1202
             LR: 0.000011 | Batch: 32 | Updates: 185,724 | Time: 4.13s
             LR Controller | Next LR: 0.000011 | Reason: keep
Epoch 133/160 | Train Loss: 1.7647 | Train Acc: 52.61% | Val Loss: 2.1862 | Val Acc: 43.54%
             Grad Mean: 7.6708 | Grad Std: 0.9383 | Grad CV: 0.1223
             LR: 0.000011 | Batch: 32 | Updates: 187,131 | Time: 3.98s
             LR Controller | Next LR: 0.000008 | Reason: worsening_decay
Epoch 134/160 | Train Loss: 1.7657 | Train Acc: 52.28% | Val Loss: 2.1871 | Val Acc: 43.40%
             Grad Mean: 7.6678 | Grad Std: 0.8744 | Grad CV: 0.1140
             LR: 0.000008 | Batch: 32 | Updates: 188,538 | Time: 4.36s
             LR Controller | Next LR: 0.000008 | Reason: cooldown
Epoch 135/160 | Train Loss: 1.7631 | Train Acc: 52.49% | Val Loss: 2.1875 | Val Acc: 43.48%
             Grad Mean: 7.6246 | Grad Std: 0.8792 | Grad CV: 0.1153
             LR: 0.000008 | Batch: 32 | Updates: 189,945 | Time: 4.27s
             LR Controller | Next LR: 0.000008 | Reason: cooldown
Epoch 136/160 | Train Loss: 1.7651 | Train Acc: 52.58% | Val Loss: 2.1868 | Val Acc: 43.56%
             Grad Mean: 7.6310 | Grad Std: 0.8780 | Grad CV: 0.1151
             LR: 0.000008 | Batch: 32 | Updates: 191,352 | Time: 4.57s
             LR Controller | Next LR: 0.000008 | Reason: keep
Epoch 137/160 | Train Loss: 1.7667 | Train Acc: 52.37% | Val Loss: 2.1890 | Val Acc: 43.26%
             Grad Mean: 7.6650 | Grad Std: 0.9055 | Grad CV: 0.1181
             LR: 0.000008 | Batch: 32 | Updates: 192,759 | Time: 4.12s
             LR Controller | Next LR: 0.000006 | Reason: worsening_decay
Epoch 138/160 | Train Loss: 1.7643 | Train Acc: 52.61% | Val Loss: 2.1890 | Val Acc: 43.38%
             Grad Mean: 7.6740 | Grad Std: 0.8838 | Grad CV: 0.1152
             LR: 0.000006 | Batch: 32 | Updates: 194,166 | Time: 4.33s
             LR Controller | Next LR: 0.000006 | Reason: cooldown
Epoch 139/160 | Train Loss: 1.7661 | Train Acc: 52.49% | Val Loss: 2.1899 | Val Acc: 43.32%
             Grad Mean: 7.6719 | Grad Std: 0.9098 | Grad CV: 0.1186
             LR: 0.000006 | Batch: 32 | Updates: 195,573 | Time: 4.20s
             LR Controller | Next LR: 0.000006 | Reason: cooldown
Epoch 140/160 | Train Loss: 1.7668 | Train Acc: 52.65% | Val Loss: 2.1874 | Val Acc: 43.32%
             Grad Mean: 7.6794 | Grad Std: 0.8956 | Grad CV: 0.1166
             LR: 0.000006 | Batch: 32 | Updates: 196,980 | Time: 4.17s
             LR Controller | Next LR: 0.000006 | Reason: keep
Epoch 141/160 | Train Loss: 1.7666 | Train Acc: 52.52% | Val Loss: 2.1849 | Val Acc: 43.46%
             Grad Mean: 7.6725 | Grad Std: 0.8722 | Grad CV: 0.1137
             LR: 0.000006 | Batch: 32 | Updates: 198,387 | Time: 4.07s
             LR Controller | Next LR: 0.000006 | Reason: keep
Epoch 142/160 | Train Loss: 1.7666 | Train Acc: 52.39% | Val Loss: 2.1867 | Val Acc: 43.46%
             Grad Mean: 7.6493 | Grad Std: 0.8961 | Grad CV: 0.1171
             LR: 0.000006 | Batch: 32 | Updates: 199,794 | Time: 4.11s
             LR Controller | Next LR: 0.000006 | Reason: keep
Epoch 143/160 | Train Loss: 1.7652 | Train Acc: 52.68% | Val Loss: 2.1887 | Val Acc: 43.50%
             Grad Mean: 7.6991 | Grad Std: 0.9287 | Grad CV: 0.1206
             LR: 0.000006 | Batch: 32 | Updates: 201,201 | Time: 4.17s
             LR Controller | Next LR: 0.000004 | Reason: worsening_decay
Epoch 144/160 | Train Loss: 1.7651 | Train Acc: 52.38% | Val Loss: 2.1864 | Val Acc: 43.46%
             Grad Mean: 7.6347 | Grad Std: 0.8590 | Grad CV: 0.1125
             LR: 0.000004 | Batch: 32 | Updates: 202,608 | Time: 4.08s
             LR Controller | Next LR: 0.000004 | Reason: cooldown
Epoch 145/160 | Train Loss: 1.7664 | Train Acc: 52.60% | Val Loss: 2.1876 | Val Acc: 43.44%
             Grad Mean: 7.6634 | Grad Std: 0.8802 | Grad CV: 0.1149
             LR: 0.000004 | Batch: 32 | Updates: 204,015 | Time: 4.02s
             LR Controller | Next LR: 0.000004 | Reason: cooldown
Epoch 146/160 | Train Loss: 1.7638 | Train Acc: 52.54% | Val Loss: 2.1868 | Val Acc: 43.52%
             Grad Mean: 7.6491 | Grad Std: 0.9107 | Grad CV: 0.1191
             LR: 0.000004 | Batch: 32 | Updates: 205,422 | Time: 4.03s
             LR Controller | Next LR: 0.000004 | Reason: keep
Epoch 147/160 | Train Loss: 1.7642 | Train Acc: 52.57% | Val Loss: 2.1869 | Val Acc: 43.48%
             Grad Mean: 7.6813 | Grad Std: 0.9302 | Grad CV: 0.1211
             LR: 0.000004 | Batch: 32 | Updates: 206,829 | Time: 4.01s
             LR Controller | Next LR: 0.000003 | Reason: worsening_decay
Epoch 148/160 | Train Loss: 1.7617 | Train Acc: 52.69% | Val Loss: 2.1880 | Val Acc: 43.48%
             Grad Mean: 7.6407 | Grad Std: 0.8611 | Grad CV: 0.1127
             LR: 0.000003 | Batch: 32 | Updates: 208,236 | Time: 4.17s
             LR Controller | Next LR: 0.000003 | Reason: cooldown
Epoch 149/160 | Train Loss: 1.7645 | Train Acc: 52.80% | Val Loss: 2.1887 | Val Acc: 43.50%
             Grad Mean: 7.6944 | Grad Std: 0.9071 | Grad CV: 0.1179
             LR: 0.000003 | Batch: 32 | Updates: 209,643 | Time: 4.10s
             LR Controller | Next LR: 0.000003 | Reason: cooldown
Epoch 150/160 | Train Loss: 1.7655 | Train Acc: 52.62% | Val Loss: 2.1871 | Val Acc: 43.40%
             Grad Mean: 7.6811 | Grad Std: 0.9057 | Grad CV: 0.1179
             LR: 0.000003 | Batch: 32 | Updates: 211,050 | Time: 4.39s
             LR Controller | Next LR: 0.000003 | Reason: keep
Epoch 151/160 | Train Loss: 1.7645 | Train Acc: 52.58% | Val Loss: 2.1863 | Val Acc: 43.46%
             Grad Mean: 7.6760 | Grad Std: 0.8936 | Grad CV: 0.1164
             LR: 0.000003 | Batch: 32 | Updates: 212,457 | Time: 3.98s
             LR Controller | Next LR: 0.000002 | Reason: worsening_decay
Epoch 152/160 | Train Loss: 1.7653 | Train Acc: 52.51% | Val Loss: 2.1884 | Val Acc: 43.40%
             Grad Mean: 7.6565 | Grad Std: 0.8639 | Grad CV: 0.1128
             LR: 0.000002 | Batch: 32 | Updates: 213,864 | Time: 4.03s
             LR Controller | Next LR: 0.000002 | Reason: cooldown
Epoch 153/160 | Train Loss: 1.7636 | Train Acc: 52.68% | Val Loss: 2.1871 | Val Acc: 43.54%
             Grad Mean: 7.6260 | Grad Std: 0.8828 | Grad CV: 0.1158
             LR: 0.000002 | Batch: 32 | Updates: 215,271 | Time: 4.00s
             LR Controller | Next LR: 0.000002 | Reason: cooldown
Epoch 154/160 | Train Loss: 1.7640 | Train Acc: 52.52% | Val Loss: 2.1869 | Val Acc: 43.54%
             Grad Mean: 7.6720 | Grad Std: 0.8866 | Grad CV: 0.1156
             LR: 0.000002 | Batch: 32 | Updates: 216,678 | Time: 3.99s
             LR Controller | Next LR: 0.000002 | Reason: keep
Epoch 155/160 | Train Loss: 1.7664 | Train Acc: 52.52% | Val Loss: 2.1870 | Val Acc: 43.50%
             Grad Mean: 7.6908 | Grad Std: 0.8932 | Grad CV: 0.1161
             LR: 0.000002 | Batch: 32 | Updates: 218,085 | Time: 4.06s
             LR Controller | Next LR: 0.000001 | Reason: worsening_decay
Epoch 156/160 | Train Loss: 1.7682 | Train Acc: 52.57% | Val Loss: 2.1873 | Val Acc: 43.42%
             Grad Mean: 7.7035 | Grad Std: 0.9244 | Grad CV: 0.1200
             LR: 0.000001 | Batch: 32 | Updates: 219,492 | Time: 4.42s
             LR Controller | Next LR: 0.000001 | Reason: cooldown
Epoch 157/160 | Train Loss: 1.7652 | Train Acc: 52.65% | Val Loss: 2.1878 | Val Acc: 43.44%
             Grad Mean: 7.6774 | Grad Std: 0.9414 | Grad CV: 0.1226
             LR: 0.000001 | Batch: 32 | Updates: 220,899 | Time: 4.42s
             LR Controller | Next LR: 0.000001 | Reason: cooldown
Epoch 158/160 | Train Loss: 1.7645 | Train Acc: 52.73% | Val Loss: 2.1877 | Val Acc: 43.44%
             Grad Mean: 7.6577 | Grad Std: 0.9641 | Grad CV: 0.1259
             LR: 0.000001 | Batch: 32 | Updates: 222,306 | Time: 4.19s
             LR Controller | Next LR: 0.000001 | Reason: keep
Epoch 159/160 | Train Loss: 1.7591 | Train Acc: 52.72% | Val Loss: 2.1868 | Val Acc: 43.50%
             Grad Mean: 7.6398 | Grad Std: 0.8869 | Grad CV: 0.1161
             LR: 0.000001 | Batch: 32 | Updates: 223,713 | Time: 3.96s
             LR Controller | Next LR: 0.000001 | Reason: worsening_decay
Epoch 160/160 | Train Loss: 1.7627 | Train Acc: 52.68% | Val Loss: 2.1869 | Val Acc: 43.44%
             Grad Mean: 7.6976 | Grad Std: 0.9062 | Grad CV: 0.1177
             LR: 0.000001 | Batch: 32 | Updates: 225,120 | Time: 4.02s
             LR Controller | Next LR: 0.000001 | Reason: cooldown
==============================================================================
Training complete
Best epoch: 123
Best validation loss: 2.1843
Total optimizer updates: 225,120
Total training time: 662.15 seconds
Final learning rate used: 0.000001
Results saved to: /home/ams098z/Courses/CSCE5218/MidetermProj/adaptive-batch-lr-cifar10/results/rerun_cifar100_20261006/trials/E3_budget_ep160/cifar100_adaptive_lr_batch32_refLR0.01_seed42/20261006T081428_311136Z/cifar100_adaptive_lr_batch32_refLR0.01_seed42.csv
Metadata saved to: /home/ams098z/Courses/CSCE5218/MidetermProj/adaptive-batch-lr-cifar10/results/rerun_cifar100_20261006/trials/E3_budget_ep160/cifar100_adaptive_lr_batch32_refLR0.01_seed42/20261006T081428_311136Z/cifar100_adaptive_lr_batch32_refLR0.01_seed42_metadata.json
==============================================================================
Evaluated checkpoint: epoch 123
Validation accuracy: 43.56%
Validation macro F1: 0.4225
Evaluation results saved to: /home/ams098z/Courses/CSCE5218/MidetermProj/adaptive-batch-lr-cifar10/results/rerun_cifar100_20261006/trials/E3_budget_ep160/cifar100_adaptive_lr_batch32_refLR0.01_seed42/20261006T081428_311136Z
